Last login: Sun Nov 29 16:31:39 on ttys000
hamjimin@jiminnim-ui-MacBookPro ~ % R

R version 4.0.3 (2020-10-10) -- "Bunny-Wunnies Freak Out"
Copyright (C) 2020 The R Foundation for Statistical Computing
Platform: x86_64-apple-darwin17.0 (64-bit)

R은 자유 소프트웨어이며, 어떠한 형태의 보증없이 배포됩니다.
또한, 일정한 조건하에서 이것을 재배포 할 수 있습니다.
배포와 관련된 상세한 내용은 'license()' 또는 'licence()'을 통하여 확인할 수 있습니다.

R은 많은 기여자들이 참여하는 공동프로젝트입니다.
'contributors()'라고 입력하시면 이에 대한 더 많은 정보를 확인하실 수 있습니다.
그리고, R 또는 R 패키지들을 출판물에 인용하는 방법에 대해서는 'citation()'을 통해 확인하시길 부탁드립니다.

'demo()'를 입력하신다면 몇가지 데모를 보실 수 있으며, 'help()'를 입력하시면 온라인 도움말을 이용하실 수 있습니다.
또한, 'help.start()'의 입력을 통하여 HTML 브라우저에 의한 도움말을 사용하실수 있습니다
R의 종료를 원하시면 'q()'을 입력해주세요.

[이전에 저장한 작업공간을 복구하였습니다]

> permutations(3,2,name)
Error in permutations(3, 2, name) : 
  함수 "permutations"를 찾을 수 없습니다
> permutations(3,2,name)
Error in permutations(3, 2, name) : 
  함수 "permutations"를 찾을 수 없습니다
> install.packages("gtools")
--- 현재 세션에서 사용할 CRAN 미러를 선택해 주세요 ---
Secure CRAN mirrors 

 1: 0-Cloud [https]
 2: Australia (Canberra) [https]
 3: Australia (Melbourne 1) [https]
 4: Australia (Melbourne 2) [https]
 5: Australia (Perth) [https]
 6: Austria [https]
 7: Belgium (Ghent) [https]
 8: Brazil (BA) [https]
 9: Brazil (PR) [https]
10: Brazil (RJ) [https]
11: Brazil (SP 1) [https]
12: Brazil (SP 2) [https]
13: Bulgaria [https]
14: Canada (MB) [https]
15: Chile (Santiago) [https]
16: China (Beijing 2) [https]
17: China (Hefei) [https]
18: China (Hong Kong) [https]
19: China (Guangzhou) [https]
20: China (Lanzhou) [https]
21: China (Nanjing) [https]
22: China (Shanghai 1) [https]
23: China (Shanghai 2) [https]
24: Costa Rica [https]
25: Denmark [https]
26: East Asia [https]
27: Ecuador (Cuenca) [https]
28: Ecuador (Quito) [https]
29: Estonia [https]
30: France (Lyon 1) [https]
31: France (Lyon 2) [https]
32: France (Marseille) [https]
33: France (Montpellier) [https]
34: Germany (Erlangen) [https]
35: Germany (Leipzig) [https]
36: Germany (Göttingen) [https]
37: Germany (Münster) [https]
38: Germany (Regensburg) [https]
39: Greece [https]
40: Hungary [https]
41: Iceland [https]
42: India [https]
43: Indonesia (Jakarta) [https]
44: Iran [https]
45: Italy (Milano) [https]
46: Italy (Padua) [https]
47: Japan (Tokyo) [https]
48: Korea (Gyeongsan-si) [https]
49: Korea (Seoul 1) [https]
50: Korea (Ulsan) [https]
51: Malaysia [https]
52: Mexico (Mexico City) [https]
53: Morocco [https]
54: Netherlands [https]
55: Norway [https]
56: Philippines [https]
57: Russia (Moscow) [https]
58: South Africa (Johannesburg) [https]
59: Spain (A Coruña) [https]
60: Spain (Madrid) [https]
61: Sweden (Borås) [https]
62: Sweden (Umeå) [https]
63: Switzerland [https]
64: Taiwan (Taipei) [https]
65: Turkey (Denizli) [https]
66: Turkey (Istanbul) [https]
67: Turkey (Mersin) [https]
68: UK (Bristol) [https]
69: UK (London 1) [https]
70: USA (IA) [https]
71: USA (KS) [https]
72: USA (MI) [https]
73: USA (OH) [https]
74: USA (OR) [https]
75: USA (TN) [https]
76: Uruguay [https]
77: (other mirrors)

선택: 50
URL 'https://cran.biodisk.org/bin/macosx/contrib/4.0/gtools_3.8.2.tgz'을 시도합니다
Content type 'application/x-gzip' length 324588 bytes (316 KB)
==================================================
downloaded 316 KB


다운로드된 바이너리 패키지들은 다음의 위치에 있습니다
	/var/folders/pl/t4nbpvh174qbxtb19chlpkvw0000gn/T//RtmpS5QU4g/downloaded_packages
경고메시지(들): 
In doTryCatch(return(expr), name, parentenv, handler) :
  공유된 객체 '/Library/Frameworks/R.framework/Resources/modules//R_X11.so'를 로드 할 수 없습니다:
  dlopen(/Library/Frameworks/R.framework/Resources/modules//R_X11.so, 6): Library not loaded: /opt/X11/lib/libSM.6.dylib
  Referenced from: /Library/Frameworks/R.framework/Versions/4.0/Resources/modules/R_X11.so
  Reason: image not found
> library("gtools")
> permutations(3,2,name)
     [,1] [,2]
[1,] "A"  "B" 
[2,] "A"  "c" 
[3,] "B"  "A" 
[4,] "B"  "c" 
[5,] "c"  "A" 
[6,] "c"  "B" 
> poermutations(3,2,name,repeats.allowed=T)
Error in poermutations(3, 2, name, repeats.allowed = T) : 
  함수 "poermutations"를 찾을 수 없습니다
> permutations(3,2,name,repeats.allowed=T)
      [,1] [,2]
 [1,] "A"  "A" 
 [2,] "A"  "B" 
 [3,] "A"  "c" 
 [4,] "B"  "A" 
 [5,] "B"  "B" 
 [6,] "B"  "c" 
 [7,] "c"  "A" 
 [8,] "c"  "B" 
 [9,] "c"  "c" 
> combinations(3,2,name,repeats.allowed=T)
     [,1] [,2]
[1,] "A"  "A" 
[2,] "A"  "B" 
[3,] "A"  "c" 
[4,] "B"  "B" 
[5,] "B"  "c" 
[6,] "c"  "c" 
> nrow(permutations(3,2,repeats.allowed=T)
+ )
[1] 9
> combinations(3,2,name)
     [,1] [,2]
[1,] "A"  "B" 
[2,] "A"  "c" 
[3,] "B"  "c" 
> nrow(combinatios(3,2,name)
+ )
Error in combinatios(3, 2, name) : 함수 "combinatios"를 찾을 수 없습니다
> nrow(combinatios(3,2,name))
Error in combinatios(3, 2, name) : 함수 "combinatios"를 찾을 수 없습니다
> nrow(combinatios(3,2))
Error in combinatios(3, 2) : 함수 "combinatios"를 찾을 수 없습니다
> nrow(combinatios(3,2,repeats.allwoed=F))
Error in combinatios(3, 2, repeats.allwoed = F) : 
  함수 "combinatios"를 찾을 수 없습니다
> dbinom(9,10000,0.0009)
[1] 0.131815
> a 
[1] "1"    "2"    "4"    "점심"
> a <- dgeom(1:10, 0.2)
> a
 [1] 0.16000000 0.12800000 0.10240000 0.08192000 0.06553600 0.05242880
 [7] 0.04194304 0.03355443 0.02684355 0.02147484
> sum(a[1:5])
[1] 0.537856
> rumif(10)
Error in rumif(10) : 함수 "rumif"를 찾을 수 없습니다
> runif(10)
 [1] 0.79171098 0.50150683 0.95842714 0.80736134 0.37648526 0.85552384
 [7] 0.79237816 0.42413143 0.98244724 0.05503891
> rnorm(10,mean=100,sd=15)
 [1]  80.31801  93.01824 100.82491 106.69865  99.18673 125.94470 112.82466
 [8]  87.82207  87.82360 124.75341
> rnorm(1000,mean=452,sd=80)
   [1] 465.9030 402.9751 351.5355 429.3637 541.3685 440.3492 531.7520 515.1412
   [9] 462.1001 609.2305 487.6256 496.3836 466.7011 451.9314 456.0553 530.1592
  [17] 489.3749 396.8125 435.3882 443.8260 302.8651 382.0653 489.2389 439.0470
  [25] 458.2008 357.1574 432.5216 339.5189 371.7695 349.6949 395.9753 282.6548
  [33] 492.6295 438.5389 358.0818 522.8983 393.6657 435.2544 509.7944 351.0050
  [41] 436.6972 497.3258 482.7447 529.1829 413.7005 448.8805 411.0457 408.8899
  [49] 389.2779 579.4606 355.8417 468.5199 465.7722 437.8787 452.8920 415.2264
  [57] 358.7991 497.1079 456.8063 502.9247 313.7474 503.8870 681.5912 384.2052
  [65] 464.9930 439.7702 515.3356 514.6441 391.9763 519.8197 495.8343 416.8597
  [73] 291.9481 462.2992 337.1649 390.9999 429.6543 502.2608 371.3514 410.6270
  [81] 527.1962 496.4394 395.3981 506.4867 357.6429 408.0162 312.3082 439.2368
  [89] 503.3044 608.9915 417.7776 436.9561 645.6082 403.8397 520.6675 484.7015
  [97] 504.8305 379.6362 285.8901 456.2715 454.9332 523.8499 436.8165 616.5458
 [105] 652.2799 355.2689 525.1885 457.3750 373.7226 501.4625 481.9884 396.5870
 [113] 363.4529 383.5626 482.0225 540.7166 462.3671 369.6372 409.1865 543.6600
 [121] 393.0649 447.4624 551.9808 425.4239 420.4759 387.2580 488.9600 404.1363
 [129] 344.3196 514.5536 548.2113 334.0494 393.6490 379.0525 446.1684 564.5008
 [137] 494.1581 450.2392 463.2477 522.6132 513.4481 452.9448 468.9621 381.3474
 [145] 521.3104 404.1478 518.6119 398.5608 309.3159 383.8946 478.1126 439.6306
 [153] 470.9741 349.5367 432.4799 431.9892 544.4351 521.7657 480.5388 356.3414
 [161] 498.9396 405.4921 461.7984 522.3650 608.7754 371.9336 466.5249 464.4627
 [169] 399.1101 332.7216 363.5394 233.0126 541.3151 539.4277 401.0686 445.6658
 [177] 482.9870 450.5567 508.7811 528.4617 318.7003 438.0704 469.6180 537.3764
 [185] 443.6380 531.4433 541.7726 524.9200 275.4427 602.4738 546.1515 431.7954
 [193] 446.3769 459.7202 466.4812 490.0371 424.9315 478.3086 477.2530 362.9282
 [201] 712.0830 487.6898 605.3865 376.7975 298.6495 488.1675 469.1655 393.8327
 [209] 575.9692 348.7734 428.5795 373.7616 458.1347 574.2469 501.1004 424.9472
 [217] 424.6243 478.1629 551.9369 557.5718 495.9406 588.2454 430.9280 445.6755
 [225] 390.9692 567.9607 526.0732 557.3293 428.2729 433.3223 493.7978 493.5753
 [233] 519.9336 439.4628 480.1127 411.4013 632.0447 325.5393 478.4091 429.6758
 [241] 396.5044 490.9514 332.3384 398.7856 488.1525 393.6932 532.0914 588.0025
 [249] 416.4932 460.4057 414.0559 522.7134 313.0434 444.3116 413.0234 448.4425
 [257] 428.9773 517.7985 356.4360 418.2769 478.4715 452.0323 409.8736 335.9500
 [265] 473.5392 519.9034 365.2234 573.3374 421.5712 506.8945 670.8246 517.1273
 [273] 487.8444 435.8116 625.2244 610.5957 645.4141 501.9099 512.0959 656.5776
 [281] 608.3201 515.0187 464.1384 463.9116 440.2768 517.6857 551.8231 654.5557
 [289] 481.0305 486.0999 535.7270 387.4439 517.4071 432.7951 562.6168 533.4500
 [297] 388.2836 471.1562 483.4212 461.2262 370.5859 554.6281 456.0827 603.2281
 [305] 377.1005 543.3511 489.8925 373.4150 512.9496 385.1109 465.8761 458.9006
 [313] 412.9125 455.6130 551.8686 286.3478 473.2752 477.0029 597.0420 357.0992
 [321] 400.2325 511.5607 514.5931 460.7296 460.7340 368.7562 518.1078 490.1339
 [329] 462.9031 470.3314 407.8762 337.9897 575.9407 273.3737 356.3779 509.9035
 [337] 343.7912 313.4170 411.5142 378.5932 455.8316 336.3681 509.1925 499.9909
 [345] 437.6745 471.0198 687.3511 533.8303 619.2533 509.9011 355.9208 358.5747
 [353] 411.4719 444.8281 474.8358 402.2917 531.7401 321.4419 417.9510 547.5530
 [361] 406.4046 530.8028 523.7867 359.1492 506.5291 523.2429 580.9932 484.7462
 [369] 499.4981 447.7764 559.2931 401.5681 493.5578 403.9537 542.6002 558.9169
 [377] 314.4852 435.9731 447.7031 651.5087 475.7692 374.1470 624.5969 362.9355
 [385] 612.6784 492.9736 472.5875 522.9727 566.8578 491.4207 414.2587 405.3941
 [393] 486.9493 638.4024 459.3765 412.3577 492.0368 361.8758 462.1635 382.9995
 [401] 478.1929 505.8022 513.7501 536.2680 581.8432 464.0958 560.1881 564.7783
 [409] 469.6148 426.8883 501.8079 529.4565 403.1884 530.8508 425.1945 521.5340
 [417] 628.2369 445.8718 372.6880 368.9593 432.7946 413.6852 355.1228 384.2387
 [425] 372.4667 563.7780 416.3927 457.6683 276.1701 415.1951 557.5401 452.0682
 [433] 473.8038 306.6341 460.7277 464.1475 484.8770 455.3555 374.3705 451.9844
 [441] 526.6728 416.4064 581.3647 549.6589 408.8474 472.0584 456.8378 340.7845
 [449] 405.2029 302.3951 395.8499 384.8549 477.1965 579.5102 565.5230 433.9477
 [457] 391.1105 420.5646 365.6820 539.4386 483.1878 510.3757 502.3622 428.3138
 [465] 352.5168 417.6698 582.6424 464.2282 539.0006 452.7574 390.4642 437.7031
 [473] 489.6612 579.1919 530.7217 344.2618 396.6305 616.6601 445.0365 329.3340
 [481] 569.7528 481.1589 531.6487 372.3907 462.8471 458.0825 596.8987 515.4342
 [489] 581.5018 478.5264 435.8530 536.1061 510.4118 302.2244 454.8273 323.4456
 [497] 478.1877 369.4869 474.6301 488.8458 312.3629 509.6739 379.6968 392.1469
 [505] 454.1478 439.2744 186.4028 642.3570 502.1780 505.4062 434.5633 569.3010
 [513] 442.8906 534.3299 504.9796 383.2895 412.2751 391.2054 364.5821 517.8574
 [521] 399.7686 285.9755 532.3761 331.3215 441.5421 561.6921 390.2601 426.3360
 [529] 561.3797 496.3577 443.7264 579.1128 536.7208 528.7832 321.8374 426.9267
 [537] 370.0498 405.9602 380.7792 457.7594 435.3313 451.8344 386.6654 535.9822
 [545] 402.3344 396.3327 508.6396 376.1691 420.1070 487.1979 392.5141 378.9378
 [553] 525.6067 439.3994 470.2937 567.6004 443.2978 567.0378 554.4971 558.6071
 [561] 294.8656 432.6600 266.9399 407.7969 457.1627 315.8207 450.1599 440.3148
 [569] 477.9755 575.7595 508.9448 522.0546 410.6468 447.4052 434.1773 312.8236
 [577] 415.2612 380.9275 340.1704 516.9207 295.5452 350.4759 483.6869 423.8919
 [585] 415.1794 467.7018 528.0095 493.2361 513.1210 469.5009 347.1100 386.1022
 [593] 561.7755 552.4604 419.2257 404.8698 441.4614 544.0955 550.4250 590.7670
 [601] 295.6258 462.7757 513.6763 470.9690 390.9531 430.4242 500.4967 370.2252
 [609] 374.4249 495.5102 508.1071 540.1757 340.2725 433.1831 496.5363 507.9058
 [617] 392.7499 425.1768 437.0278 505.2073 365.7161 542.8601 399.3212 630.4968
 [625] 540.4549 400.9649 517.8227 449.6724 446.4207 379.8522 489.4444 446.7439
 [633] 385.8599 457.9315 577.6108 517.8668 572.5135 470.1875 482.2850 491.8051
 [641] 439.3886 386.7214 560.4344 501.2121 472.0383 334.4521 521.3174 404.6059
 [649] 560.1902 516.8855 390.7107 561.3902 624.8238 541.0988 358.1293 430.6440
 [657] 465.9239 587.9715 340.2959 416.0354 369.5018 303.9085 407.9299 544.7552
 [665] 428.9373 541.3169 480.4378 474.8649 541.4946 462.8467 474.0935 473.8372
 [673] 588.7478 547.2238 566.2178 604.7080 522.5325 476.4654 421.7667 493.6471
 [681] 368.5154 490.7831 360.5677 238.7961 376.8169 353.4836 430.3248 430.5532
 [689] 608.3368 516.8380 351.5590 420.9103 444.6456 520.1724 501.7635 508.8218
 [697] 360.8592 462.5157 415.4876 443.1367 346.8303 461.2661 501.1274 530.8735
 [705] 318.6649 607.3994 376.0476 476.2476 461.6120 509.0494 351.8577 498.2364
 [713] 472.2148 481.8961 455.5993 521.9499 514.6346 410.3836 365.4185 576.1038
 [721] 284.7524 343.4064 443.5073 429.7369 586.7378 460.6851 487.9314 516.9851
 [729] 411.9312 643.5552 601.5893 561.4555 424.5875 464.0803 475.7122 511.2238
 [737] 351.2192 351.6316 571.7283 533.3862 552.1108 425.1404 512.1057 510.7327
 [745] 425.8467 412.7021 388.5762 528.1069 394.1489 481.8314 481.6353 423.6911
 [753] 460.1068 475.6496 685.4939 398.3107 447.3521 430.7019 434.9720 332.4626
 [761] 488.0993 455.6915 519.4034 422.9012 297.8410 341.3954 564.2980 341.8049
 [769] 429.0487 379.8160 461.2590 407.4097 362.0996 410.8969 519.6297 401.0073
 [777] 474.4532 480.9560 446.2618 298.9528 424.2025 264.9912 425.4288 398.3876
 [785] 402.3255 536.6086 482.6209 384.9033 393.8193 463.8583 521.9222 408.7814
 [793] 383.8070 539.9586 568.9044 337.7513 541.7594 375.8624 346.8138 417.4320
 [801] 391.0356 495.6469 372.7380 483.6350 372.7722 379.7059 479.1806 385.3074
 [809] 540.8868 455.5307 432.9549 482.7545 390.4674 504.6890 389.9170 323.9613
 [817] 410.2947 373.9442 400.6346 335.5978 300.9125 427.7734 547.6769 327.9722
 [825] 468.8457 469.6665 453.9571 389.5845 442.9247 352.1571 351.6764 480.7319
 [833] 319.3080 636.1831 405.3852 435.9668 471.3185 525.7490 509.5205 460.8185
 [841] 429.0256 518.9064 529.0430 418.1811 409.9999 566.0956 321.9210 451.6700
 [849] 438.4652 389.2508 455.0967 442.0695 442.7656 373.1713 506.2472 245.0332
 [857] 442.5354 390.0466 419.6876 538.9257 436.8799 445.9083 502.9667 368.9756
 [865] 410.0053 380.3993 526.2832 461.1331 488.8463 487.5584 506.2751 526.6905
 [873] 475.0936 469.3238 420.5734 418.7727 494.7302 479.1003 512.2990 497.8209
 [881] 406.5082 341.3777 539.2162 437.6762 435.5598 460.5755 394.4693 486.9654
 [889] 494.0111 469.2381 464.7292 520.1179 348.8874 456.0897 357.7028 457.3379
 [897] 439.2948 420.6833 440.6207 488.3156 402.8149 511.2487 444.5735 572.6935
 [905] 312.4565 421.0214 439.9083 509.2596 444.1194 328.3928 396.2600 528.9599
 [913] 475.8250 384.2040 457.9836 566.8328 392.1068 483.9961 382.7523 458.6230
 [921] 423.8468 452.7966 467.3928 617.8057 432.5259 432.6108 390.7905 363.5699
 [929] 362.5720 409.6074 284.0790 360.4359 343.8870 474.9097 471.1338 392.9862
 [937] 526.9680 521.1352 495.4694 570.5234 450.1099 324.5082 503.6236 491.2539
 [945] 519.8902 528.5921 465.1978 299.5376 435.4832 525.6613 390.1184 482.8766
 [953] 543.5721 494.7877 455.9033 483.8954 420.6250 447.9049 494.5903 427.5184
 [961] 376.7981 502.2776 520.5199 407.5699 248.6088 506.5350 505.0171 514.9505
 [969] 533.5765 397.2448 544.0298 399.7110 515.5867 471.5755 374.5357 579.8591
 [977] 571.5638 405.0546 579.1051 535.9197 596.6702 409.9218 459.8841 481.0293
 [985] 671.6017 340.8232 420.4547 612.8349 385.2738 430.8609 552.7664 432.0747
 [993] 587.2941 506.5481 552.5767 467.2948 337.5620 567.1626 386.4035 476.4256
> rbinom(100,size=1,prob=1/6)
  [1] 0 0 0 0 0 0 0 0 0 0 0 0 0 0 1 0 0 1 0 1 0 0 0 0 0 1 1 0 0 0 0 0 1 0 0 1 0
 [38] 0 0 0 0 0 0 0 1 0 0 0 1 0 1 0 0 0 0 0 0 0 0 0 0 0 0 0 0 0 1 0 0 0 0 0 1 0
 [75] 0 0 0 0 0 0 1 0 0 0 0 0 0 0 0 1 0 0 0 0 0 0 0 1 0 0
> a [a==1] <- "성공"
> a [a==0] <- "실페"
> a
 [1] "0.16"          "0.128"         "0.1024"        "0.08192"      
 [5] "0.065536"      "0.0524288"     "0.04194304"    "0.033554432"  
 [9] "0.0268435456"  "0.02147483648"
> a <- rbinom(100,size=1,prob=1/6)
> a [a==0] <- "실페"
> a [a==1] <- "성공"
> a
  [1] "실페" "실페" "실페" "실페" "실페" "실페" "실페" "성공" "실페" "실페"
 [11] "실페" "실페" "실페" "성공" "실페" "실페" "실페" "실페" "실페" "실페"
 [21] "실페" "성공" "실페" "성공" "실페" "성공" "실페" "실페" "성공" "성공"
 [31] "실페" "실페" "성공" "성공" "실페" "실페" "실페" "성공" "실페" "성공"
 [41] "실페" "실페" "실페" "실페" "실페" "실페" "실페" "실페" "성공" "실페"
 [51] "실페" "실페" "실페" "실페" "실페" "실페" "실페" "실페" "실페" "성공"
 [61] "성공" "실페" "실페" "실페" "실페" "실페" "실페" "실페" "성공" "성공"
 [71] "실페" "실페" "실페" "실페" "실페" "실페" "성공" "성공" "실페" "성공"
 [81] "실페" "성공" "실페" "실페" "실페" "성공" "실페" "실페" "실페" "성공"
 [91] "실페" "실페" "실페" "실페" "실페" "실페" "실페" "실페" "실페" "성공"
> dnorm(15,mean=30,sd=7)
[1] 0.005737297
> dnorm(450,mean=550,sd=80)
[1] 0.002283114
> dbinorm(50,size=1020, prob=0.25)
Error in dbinorm(50, size = 1020, prob = 0.25) : 
  함수 "dbinorm"를 찾을 수 없습니다
> dbinorm(50,size=1020,prob=0.25)
Error in dbinorm(50, size = 1020, prob = 0.25) : 
  함수 "dbinorm"를 찾을 수 없습니다
> dbinom(50,size=1020,prob=0.25)
[1] 1.327799e-66
> dgeom(3,prob=0.2)
[1] 0.1024
> pgeom(3,prob=0.2)
[1] 0.5904
> 
> pronm(235,mean=240,sd=80)
Error in pronm(235, mean = 240, sd = 80) : 
  함수 "pronm"를 찾을 수 없습니다
> prnom(235,mean=240,sd=80)
Error in prnom(235, mean = 240, sd = 80) : 
  함수 "prnom"를 찾을 수 없습니다
> pnorm(235,mean=240,sd=80)
[1] 0.4750823
> pnorm(370,mean=350,sd=75) - pnorm(200,mean=350,sd=75)
[1] 0.582387
> diff(pnorm(c(200,370),mean=350,sd=75))
[1] 0.582387
> pbinom(1550,size=2000,prob=0.78)
[1] 0.3027537
> diff(pbinom(c(300,1500),size=2000,prob=0.78
+ )
+ )
[1] 0.0007677816
> x <- seq(from=0,to=100,by=1)
> x
  [1]   0   1   2   3   4   5   6   7   8   9  10  11  12  13  14  15  16  17
 [19]  18  19  20  21  22  23  24  25  26  27  28  29  30  31  32  33  34  35
 [37]  36  37  38  39  40  41  42  43  44  45  46  47  48  49  50  51  52  53
 [55]  54  55  56  57  58  59  60  61  62  63  64  65  66  67  68  69  70  71
 [73]  72  73  74  75  76  77  78  79  80  81  82  83  84  85  86  87  88  89
 [91]  90  91  92  93  94  95  96  97  98  99 100
> y <- bnorm(x,mean=50,sd=12)
Error in bnorm(x, mean = 50, sd = 12) : 함수 "bnorm"를 찾을 수 없습니다
> y <- bnorm(x,mean=50,sd=12)
Error in bnorm(x, mean = 50, sd = 12) : 함수 "bnorm"를 찾을 수 없습니다
> y <-dnorm(x,mean=50,sd=12)
> y
  [1] 5.646917e-06 7.963430e-06 1.115252e-05 1.551064e-05 2.142253e-05
  [6] 2.938297e-05 4.002255e-05 5.413747e-05 7.272356e-05 9.701444e-05
 [11] 1.285232e-04 1.690873e-04 2.209147e-04 2.866303e-04 3.693207e-04
 [16] 4.725734e-04 6.005083e-04 7.577969e-04 9.496655e-04 1.181878e-03
 [21] 1.460692e-03 1.792787e-03 2.185157e-03 2.644971e-03 3.179385e-03
 [26] 3.795329e-03 4.499247e-03 5.296809e-03 6.192597e-03 7.189777e-03
 [31] 8.289762e-03 9.491891e-03 1.079313e-02 1.218783e-02 1.366751e-02
 [36] 1.522076e-02 1.683322e-02 1.848768e-02 2.016423e-02 2.184061e-02
 [41] 2.349266e-02 2.509479e-02 2.662067e-02 2.804390e-02 2.933878e-02
 [46] 3.048103e-02 3.144860e-02 3.222234e-02 3.278664e-02 3.312996e-02
 [51] 3.324519e-02 3.312996e-02 3.278664e-02 3.222234e-02 3.144860e-02
 [56] 3.048103e-02 2.933878e-02 2.804390e-02 2.662067e-02 2.509479e-02
 [61] 2.349266e-02 2.184061e-02 2.016423e-02 1.848768e-02 1.683322e-02
 [66] 1.522076e-02 1.366751e-02 1.218783e-02 1.079313e-02 9.491891e-03
 [71] 8.289762e-03 7.189777e-03 6.192597e-03 5.296809e-03 4.499247e-03
 [76] 3.795329e-03 3.179385e-03 2.644971e-03 2.185157e-03 1.792787e-03
 [81] 1.460692e-03 1.181878e-03 9.496655e-04 7.577969e-04 6.005083e-04
 [86] 4.725734e-04 3.693207e-04 2.866303e-04 2.209147e-04 1.690873e-04
 [91] 1.285232e-04 9.701444e-05 7.272356e-05 5.413747e-05 4.002255e-05
 [96] 2.938297e-05 2.142253e-05 1.551064e-05 1.115252e-05 7.963430e-06
[101] 5.646917e-06
> plot(x,y,type=1)
Error in plot.xy(xy, type, ...) : 유효한 플랏 타입이 아닙니다
> plot(x,y,type="1")
Error in plot.xy(xy, type, ...) : '1'는 유효한 플랏 타입이 아닙니다
> plot(x,y,type='1')
Error in plot.xy(xy, type, ...) : '1'는 유효한 플랏 타입이 아닙니다
> plot(x,y)
> x <- seq(from=0, to=100, by=1)
> y <- dbinom(x,size=100,prob=0.5)
> plot(x,y)
> density
function (x, ...) 
UseMethod("density")
<bytecode: 0x7ff8bdd718f0>
<environment: namespace:stats>
> install.package("density")
Error in install.package("density") : 
  함수 "install.package"를 찾을 수 없습니다
> data <- rnorm(300,mean=70,sd=70)
> Data <- density(data)
> Data

Call:
	density.default(x = data)

Data: data (300 obs.);	Bandwidth 'bw' = 19.08

       x                 y            
 Min.   :-190.20   Min.   :7.900e-07  
 1st Qu.: -46.09   1st Qu.:8.125e-05  
 Median :  98.01   Median :6.703e-04  
 Mean   :  98.01   Mean   :1.733e-03  
 3rd Qu.: 242.11   3rd Qu.:3.319e-03  
 Max.   : 386.21   Max.   :5.830e-03  
> plot(Data)
> library("ggplot2")
> DF <- data.frame(data)
> DF
            data
1    100.1727303
2     72.4314173
3     42.2643680
4     15.4401068
5     56.4252983
6     -9.8216424
7     50.4059841
8    -57.1097434
9     36.6282516
10   119.1601646
11    64.3375642
12    95.3249964
13    33.1357016
14   -42.8113183
15     0.6426920
16   104.9935427
17   123.5294727
18    95.7702488
19     3.2319102
20    58.7814040
21    48.0810980
22    80.0970490
23   -11.8153004
24    62.7149839
25    47.4335008
26   226.7420076
27    39.5852409
28    48.7451744
29    74.3715954
30    44.3226318
31    28.0571881
32   -69.4650785
33    80.1935696
34   294.2160976
35    54.3683973
36    45.2023269
37    93.7274972
38    66.5074288
39    49.5105309
40    82.7762669
41    56.5678027
42   159.4399742
43    21.8571711
44   127.7716859
45    69.1206279
46  -108.9567171
47   147.2294945
48   -48.8438476
49   -30.7717495
50   104.4583676
51     5.9385617
52    31.9860673
53    28.9018684
54     1.5771700
55    28.7442669
56    58.0597496
57   -52.7628924
58    68.9799095
59   117.9238898
60    21.8743706
61   100.6425486
62   203.5001961
63    84.6830334
64   221.5966645
65    92.8005033
66    32.7977953
67    60.4463953
68   162.4116654
69   139.7929946
70   -30.1444623
71   119.8842419
72     9.6517929
73   102.9507588
74    -3.5315562
75    72.0488191
76    38.4035751
77   151.6242605
78   120.0626523
79   -57.6310010
80    24.2482256
81   121.2380332
82    92.4917522
83   166.1589802
84    66.1862514
85   181.7770048
86    -5.2644619
87    63.8736664
88   130.9501947
89   120.5050509
90   -40.2215373
91    81.1571053
92     7.1804157
93    57.9958065
94   185.5910980
95    23.0840748
96   120.9805745
97    30.6749817
98    95.2551570
99    41.0875556
100  108.6869588
101   86.4278578
102   25.5905682
103   55.9406513
104   59.9564777
105   39.6507713
106  104.6811417
107   66.8999202
108  -75.9900391
109  -11.1104307
110  -29.1200706
111  139.2451891
112   53.9692277
113  165.2919968
114  143.5551081
115  129.5100588
116   51.8421278
117   59.6943471
118    5.6614317
119  155.5268265
120  -14.1055534
121   89.3986780
122   39.2913835
123  185.8569915
124  131.3236082
125   75.6641856
126  123.1206219
127   73.0978745
128   55.3271228
129   85.4772685
130  135.6318060
131   51.5533808
132  122.6820636
133  -47.5815055
134  102.8986263
135   34.4496246
136   36.0836657
137  159.5926489
138  -67.0614687
139   14.2167535
140  164.4690175
141  -54.2012185
142  -50.4539055
143  126.9453749
144   74.3836007
145   89.7556739
146   80.6033944
147   70.6025708
148   33.5827140
149   25.6609471
150   39.3185844
151   60.2340538
152  132.5931351
153  -53.4358757
154   -5.6755459
155   72.3555179
156   70.5180844
157  136.3932750
158   85.9648458
159   90.9437641
160  115.0765037
161   86.7844547
162  123.9855085
163  119.4035190
164   27.6042608
165  -52.4165195
166  162.4628285
167  -12.3418308
168  136.6442455
169   64.5945359
170  119.0697919
171   89.8364177
172  -43.1286796
173   62.6464418
174  186.1034052
175   35.2979189
176   62.2890357
177   -7.7739696
178   26.7008682
179  -66.1388740
180  138.3906238
181   29.0286886
182  129.0411512
183  -90.2386425
184   47.4120365
185  -17.4482641
186   40.0720987
187   36.1061085
188   24.4990045
189   22.7754354
190  173.4198408
191   23.6402013
192  -45.8148524
193   82.7935631
194   96.4554044
195  -27.4549070
196  123.9224122
197  113.1217004
198  140.9155739
199   81.9455407
200  168.1575624
201  184.2882434
202   30.7934298
203   35.8134201
204   71.0372075
205   65.3219789
206   79.3769650
207   15.5834768
208  125.6136632
209   68.2071267
210  143.5859050
211    1.3263477
212  -76.3964695
213   30.7623823
214   34.2964529
215  -13.9140399
216  116.8192560
217  -95.5194139
218  108.8522899
219  -21.6471885
220   39.9606259
221   91.4248528
222  328.9637964
223   22.5778506
224  -83.5946507
225   20.6559712
226   17.3829709
227   -4.8200252
228  159.2844825
229   88.9459110
230  -23.7202193
231  -49.9928155
232   47.0613964
233   34.7158882
234   55.3248547
235  156.5312609
236  -56.5929425
237  128.8355542
238   62.6157278
239   -9.6974035
240  107.2830058
241   63.2566120
242   42.4626839
243  -22.7007666
244  155.6383226
245   54.5185611
246   60.0593717
247   -9.0720739
248   29.4511491
249   36.7134072
250  118.9620560
251    2.0323224
252    0.7611317
253   64.2581887
254  140.3173221
255    6.6973496
256  -46.8859186
257  -10.2939901
258  107.1494507
259   92.3498261
260   49.7001941
261  223.3971426
262  -86.0971510
263   42.5510143
264   22.7369555
265  162.5175436
266  120.4936835
267  137.0990810
268   12.1868333
269   97.8477897
270  107.7730917
271    9.9223373
272  -63.1222496
273  118.6238969
274  107.7932102
275   53.7118756
276   24.4925302
277   -8.7912178
278  -58.3635724
279   20.6333631
280   71.0922446
281  147.8997290
282  116.2315385
283  148.5805554
284  101.2184073
285  109.4195062
286   54.0317776
287   -9.3342021
288   32.0464944
289 -132.9470635
290  127.3479953
291    1.6486151
292  -39.6403516
293  -59.1864931
294  104.3084517
295   87.9074565
296  126.7585727
297  -24.7461042
298  151.2931696
299   -0.2091083
300   34.7723438
> ggplot(DF,aes(x=data))+geom_density()
> CI <- qnorm(c(0.05,0.95), mean=623,sd=90)
> CI
[1] 474.9632 771.0368
> Sample <- read.csv("example_test_static_ex_sample.csv")
Error in file(file, "rt") : 커넥션을 열 수 없습니다
추가정보: 경고메시지(들): 
In file(file, "rt") :
  파일 'example_test_static_ex_sample.csv'를 여는데 실패했습니다: No such file or directory
> Sample <- read.csv("example_test_static_ex1_sample.csv")
Error in file(file, "rt") : 커넥션을 열 수 없습니다
추가정보: 경고메시지(들): 
In file(file, "rt") :
  파일 'example_test_static_ex1_sample.csv'를 여는데 실패했습니다: No such file or directory
> getpwd()
Error in getpwd() : 함수 "getpwd"를 찾을 수 없습니다
> getPwd()
Error in getPwd() : 함수 "getPwd"를 찾을 수 없습니다
> pwdget()
Error in pwdget() : 함수 "pwdget"를 찾을 수 없습니다
> getPath()
Error in getPath() : 함수 "getPath"를 찾을 수 없습니다
> getwd()
[1] "/Users/hamjimin"
> setwd("/Users/hamjimin/R_data") 
> getwd()
[1] "/Users/hamjimin/R_data"
> Sample <- read.csv("example_test_static_ex1_sample.csv")
Error in file(file, "rt") : 커넥션을 열 수 없습니다
추가정보: 경고메시지(들): 
In file(file, "rt") :
  파일 'example_test_static_ex1_sample.csv'를 여는데 실패했습니다: No such file or directory
> Population <- read.csv("example_text_statisitic_ex2_population.csv")
Error in file(file, "rt") : 커넥션을 열 수 없습니다
추가정보: 경고메시지(들): 
In file(file, "rt") :
  파일 'example_text_statisitic_ex2_population.csv'를 여는데 실패했습니다: No such file or directory
> Sample <- read.csv("6_test1.csv")
> head(Sample,3)
  X    point
1 1 547.8331
2 2 615.9035
3 3 651.0697
> Sample <- Sample[-1]
> CI
[1] 474.9632 771.0368
> mean(Sample$point)
[1] 640.4372
> Population <- read.csv("6_test2_population.csv")
> Population
        X point
1       1    72
2       2    72
3       3    78
4       4    78
5       5    75
6       6    72
7       7    69
8       8    75
9       9    76
10     10    66
11     11    77
12     12    69
13     13    67
14     14    65
15     15    72
16     16    68
17     17    78
18     18    77
19     19    68
20     20    77
21     21    68
22     22    77
23     23    72
24     24    72
25     25    67
26     26    70
27     27    74
28     28    75
29     29    70
30     30    68
31     31    72
32     32    72
33     33    69
34     34    74
35     35    76
36     36    73
37     37    72
38     38    73
39     39    72
40     40    77
41     41    71
42     42    69
43     43    73
44     44    72
45     45    66
46     46    72
47     47    74
48     48    77
49     49    65
50     50    68
51     51    75
52     52    73
53     53    73
54     54    71
55     55    73
56     56    81
57     57    73
58     58    69
59     59    73
60     60    72
61     61    72
62     62    70
63     63    70
64     64    68
65     65    72
66     66    69
67     67    70
68     68    73
69     69    77
70     70    69
71     71    74
72     72    69
73     73    75
74     74    68
75     75    69
76     76    74
77     77    70
78     78    72
79     79    71
80     80    75
81     81    75
82     82    75
83     83    74
84     84    69
85     85    75
86     86    70
87     87    73
88     88    76
89     89    75
90     90    67
91     91    71
92     92    75
93     93    74
94     94    71
95     95    71
96     96    76
97     97    76
98     98    74
99     99    72
100   100    70
101   101    71
102   102    77
103   103    70
104   104    68
105   105    70
106   106    73
107   107    71
108   108    70
109   109    67
110   110    71
111   111    72
112   112    74
113   113    79
114   114    80
115   115    73
116   116    75
117   117    73
118   118    71
119   119    74
120   120    71
121   121    66
122   122    74
123   123    72
124   124    71
125   125    71
126   126    77
127   127    71
128   128    69
129   129    70
130   130    75
131   131    65
132   132    70
133   133    70
134   134    65
135   135    77
136   136    73
137   137    75
138   138    68
139   139    71
140   140    70
141   141    78
142   142    74
143   143    71
144   144    76
145   145    71
146   146    69
147   147    74
148   148    73
149   149    68
150   150    78
151   151    86
152   152    74
153   153    72
154   154    74
155   155    77
156   156    70
157   157    72
158   158    69
159   159    74
160   160    69
161   161    65
162   162    72
163   163    69
164   164    77
165   165    72
166   166    70
167   167    77
168   168    75
169   169    67
170   170    71
171   171    75
172   172    71
173   173    69
174   174    73
175   175    63
176   176    72
177   177    74
178   178    74
179   179    70
180   180    75
181   181    74
182   182    67
183   183    71
184   184    75
185   185    78
186   186    69
187   187    79
188   188    71
189   189    78
190   190    70
191   191    71
192   192    71
193   193    69
194   194    73
195   195    73
196   196    78
197   197    79
198   198    68
199   199    74
200   200    70
201   201    74
202   202    64
203   203    73
204   204    79
205   205    69
206   206    67
207   207    69
208   208    62
209   209    73
210   210    71
211   211    74
212   212    73
213   213    62
214   214    68
215   215    81
216   216    73
217   217    75
218   218    67
219   219    79
220   220    69
221   221    65
222   222    64
223   223    73
224   224    75
225   225    73
226   226    72
227   227    74
228   228    72
229   229    81
230   230    80
231   231    75
232   232    80
233   233    63
234   234    74
235   235    72
236   236    67
237   237    73
238   238    77
239   239    73
240   240    77
241   241    73
242   242    68
243   243    72
244   244    74
245   245    75
246   246    69
247   247    73
248   248    74
249   249    71
250   250    68
251   251    72
252   252    73
253   253    71
254   254    77
255   255    76
256   256    76
257   257    75
258   258    75
259   259    68
260   260    64
261   261    78
262   262    76
263   263    74
264   264    74
265   265    65
266   266    64
267   267    72
268   268    65
269   269    74
270   270    65
271   271    78
272   272    71
273   273    69
274   274    67
275   275    76
276   276    68
277   277    63
278   278    69
279   279    73
280   280    68
281   281    81
282   282    67
283   283    71
284   284    79
285   285    73
286   286    68
287   287    73
288   288    75
289   289    76
290   290    71
291   291    73
292   292    70
293   293    76
294   294    75
295   295    74
296   296    74
297   297    76
298   298    67
299   299    70
300   300    63
301   301    67
302   302    69
303   303    77
304   304    71
305   305    72
306   306    72
307   307    72
308   308    78
309   309    66
310   310    68
311   311    65
312   312    67
313   313    71
314   314    75
315   315    77
316   316    67
317   317    69
318   318    79
319   319    79
320   320    73
321   321    74
322   322    67
323   323    70
324   324    67
325   325    70
326   326    69
327   327    78
328   328    72
329   329    68
330   330    73
331   331    75
332   332    66
333   333    80
334   334    66
335   335    73
336   336    71
337   337    73
338   338    68
339   339    72
340   340    66
341   341    77
342   342    64
343   343    76
344   344    81
345   345    67
346   346    70
347   347    76
348   348    69
349   349    81
350   350    64
351   351    75
352   352    81
353   353    75
354   354    70
355   355    69
356   356    75
357   357    74
358   358    73
359   359    73
360   360    70
361   361    75
362   362    73
363   363    64
364   364    70
365   365    76
366   366    73
367   367    65
368   368    75
369   369    62
370   370    71
371   371    74
372   372    70
373   373    76
374   374    71
375   375    71
376   376    75
377   377    72
378   378    73
379   379    66
380   380    77
381   381    68
382   382    76
383   383    79
384   384    72
385   385    76
386   386    70
387   387    71
388   388    67
389   389    70
390   390    70
391   391    78
392   392    78
393   393    71
394   394    79
395   395    65
396   396    71
397   397    74
398   398    72
399   399    77
400   400    70
401   401    71
402   402    71
403   403    73
404   404    72
405   405    63
406   406    79
407   407    79
408   408    73
409   409    73
410   410    69
411   411    71
412   412    74
413   413    74
414   414    67
415   415    78
416   416    75
417   417    75
418   418    64
419   419    70
420   420    69
421   421    85
422   422    68
423   423    76
424   424    72
425   425    76
426   426    76
427   427    73
428   428    71
429   429    66
430   430    64
431   431    73
432   432    67
433   433    75
434   434    68
435   435    71
436   436    73
437   437    75
438   438    74
439   439    73
440   440    73
441   441    66
442   442    68
443   443    73
444   444    71
445   445    68
446   446    70
447   447    75
448   448    75
449   449    76
450   450    73
451   451    74
452   452    71
453   453    70
454   454    72
455   455    75
456   456    65
457   457    70
458   458    72
459   459    73
460   460    72
461   461    74
462   462    74
463   463    70
464   464    72
465   465    69
466   466    64
467   467    72
468   468    66
469   469    80
470   470    73
471   471    70
472   472    72
473   473    70
474   474    73
475   475    67
476   476    70
477   477    74
478   478    71
479   479    66
480   480    77
481   481    74
482   482    73
483   483    70
484   484    75
485   485    73
486   486    69
487   487    77
488   488    76
489   489    75
490   490    76
491   491    69
492   492    67
493   493    74
494   494    63
495   495    72
496   496    73
497   497    67
498   498    71
499   499    72
500   500    69
501   501    74
502   502    68
503   503    72
504   504    80
505   505    67
506   506    60
507   507    67
508   508    78
509   509    66
510   510    71
511   511    76
512   512    75
513   513    72
514   514    78
515   515    74
516   516    80
517   517    67
518   518    71
519   519    74
520   520    73
521   521    79
522   522    66
523   523    76
524   524    69
525   525    64
526   526    73
527   527    70
528   528    78
529   529    78
530   530    72
531   531    71
532   532    70
533   533    74
534   534    68
535   535    72
536   536    75
537   537    72
538   538    78
539   539    75
540   540    74
541   541    74
542   542    76
543   543    71
544   544    76
545   545    71
546   546    73
547   547    73
548   548    79
549   549    73
550   550    78
551   551    78
552   552    71
553   553    67
554   554    76
555   555    69
556   556    71
557   557    70
558   558    69
559   559    71
560   560    71
561   561    77
562   562    77
563   563    67
564   564    73
565   565    73
566   566    75
567   567    71
568   568    74
569   569    62
570   570    70
571   571    71
572   572    73
573   573    74
574   574    72
575   575    72
576   576    73
577   577    76
578   578    73
579   579    64
580   580    72
581   581    74
582   582    73
583   583    75
584   584    68
585   585    71
586   586    73
587   587    69
588   588    77
589   589    70
590   590    74
591   591    67
592   592    75
593   593    63
594   594    78
595   595    68
596   596    72
597   597    75
598   598    76
599   599    73
600   600    71
601   601    63
602   602    71
603   603    72
604   604    69
605   605    78
606   606    76
607   607    70
608   608    72
609   609    75
610   610    76
611   611    67
612   612    72
613   613    66
614   614    68
615   615    79
616   616    77
617   617    78
618   618    70
619   619    73
620   620    74
621   621    69
622   622    78
623   623    73
624   624    76
625   625    66
626   626    71
627   627    67
628   628    77
629   629    75
630   630    66
631   631    76
632   632    72
633   633    73
634   634    72
635   635    74
636   636    70
637   637    72
638   638    69
639   639    70
640   640    71
641   641    71
642   642    67
643   643    70
644   644    78
645   645    63
646   646    81
647   647    68
648   648    69
649   649    67
650   650    71
651   651    79
652   652    60
653   653    62
654   654    78
655   655    71
656   656    68
657   657    78
658   658    75
659   659    76
660   660    70
661   661    72
662   662    73
663   663    66
664   664    70
665   665    67
666   666    74
667   667    73
668   668    68
669   669    77
670   670    72
671   671    71
672   672    73
673   673    68
674   674    66
675   675    78
676   676    71
677   677    69
678   678    73
679   679    70
680   680    72
681   681    78
682   682    64
683   683    74
684   684    72
685   685    72
686   686    71
687   687    77
688   688    66
689   689    71
690   690    77
691   691    72
692   692    68
693   693    70
694   694    66
695   695    74
696   696    74
697   697    67
698   698    66
699   699    75
700   700    74
701   701    66
702   702    73
703   703    72
704   704    62
705   705    77
706   706    67
707   707    71
708   708    67
709   709    67
710   710    76
711   711    70
712   712    73
713   713    80
714   714    73
715   715    72
716   716    70
717   717    67
718   718    71
719   719    71
720   720    76
721   721    80
722   722    67
723   723    76
724   724    72
725   725    75
726   726    73
727   727    68
728   728    71
729   729    82
730   730    70
731   731    78
732   732    67
733   733    73
734   734    73
735   735    70
736   736    78
737   737    73
738   738    72
739   739    82
740   740    68
741   741    76
742   742    74
743   743    69
744   744    75
745   745    71
746   746    68
747   747    71
748   748    77
749   749    70
750   750    75
751   751    66
752   752    70
753   753    73
754   754    69
755   755    70
756   756    75
757   757    69
758   758    68
759   759    78
760   760    72
761   761    71
762   762    69
763   763    78
764   764    79
765   765    71
766   766    67
767   767    71
768   768    70
769   769    67
770   770    75
771   771    77
772   772    66
773   773    76
774   774    78
775   775    76
776   776    71
777   777    70
778   778    72
779   779    70
780   780    78
781   781    69
782   782    76
783   783    71
784   784    77
785   785    76
786   786    75
787   787    74
788   788    73
789   789    76
790   790    74
791   791    65
792   792    70
793   793    69
794   794    68
795   795    69
796   796    65
797   797    79
798   798    72
799   799    72
800   800    71
801   801    78
802   802    74
803   803    68
804   804    70
805   805    75
806   806    63
807   807    65
808   808    63
809   809    70
810   810    68
811   811    70
812   812    69
813   813    71
814   814    73
815   815    74
816   816    69
817   817    71
818   818    72
819   819    69
820   820    73
821   821    75
822   822    72
823   823    68
824   824    70
825   825    75
826   826    69
827   827    68
828   828    81
829   829    72
830   830    69
831   831    67
832   832    71
833   833    63
834   834    75
835   835    67
836   836    73
837   837    65
838   838    78
839   839    79
840   840    72
841   841    72
842   842    70
843   843    70
844   844    68
845   845    76
846   846    74
847   847    69
848   848    65
849   849    73
850   850    78
851   851    76
852   852    72
853   853    74
854   854    75
855   855    71
856   856    70
857   857    70
858   858    66
859   859    75
860   860    70
861   861    76
862   862    79
863   863    66
864   864    78
865   865    72
866   866    80
867   867    74
868   868    68
869   869    77
870   870    75
871   871    73
872   872    75
873   873    70
874   874    73
875   875    73
876   876    79
877   877    68
878   878    70
879   879    72
880   880    78
881   881    65
882   882    68
883   883    79
884   884    65
885   885    73
886   886    65
887   887    80
888   888    73
889   889    76
890   890    71
891   891    67
892   892    70
893   893    72
894   894    66
895   895    65
896   896    75
897   897    69
898   898    73
899   899    76
900   900    70
901   901    81
902   902    72
903   903    72
904   904    74
905   905    78
906   906    69
907   907    64
908   908    69
909   909    75
910   910    71
911   911    77
912   912    72
913   913    71
914   914    69
915   915    75
916   916    72
917   917    74
918   918    68
919   919    76
920   920    68
921   921    74
922   922    69
923   923    69
924   924    77
925   925    74
926   926    71
927   927    75
928   928    78
929   929    79
930   930    77
931   931    70
932   932    71
933   933    73
934   934    74
935   935    70
936   936    74
937   937    68
938   938    70
939   939    73
940   940    75
941   941    71
942   942    70
943   943    74
944   944    68
945   945    65
946   946    70
947   947    68
948   948    74
949   949    77
950   950    75
951   951    71
952   952    62
953   953    74
954   954    79
955   955    70
956   956    70
957   957    69
958   958    67
959   959    76
960   960    75
961   961    71
962   962    75
963   963    69
964   964    73
965   965    77
966   966    75
967   967    77
968   968    65
969   969    73
970   970    73
971   971    75
972   972    63
973   973    73
974   974    65
975   975    78
976   976    71
977   977    74
978   978    76
979   979    74
980   980    75
981   981    73
982   982    70
983   983    75
984   984    74
985   985    74
986   986    69
987   987    72
988   988    77
989   989    72
990   990    72
991   991    74
992   992    71
993   993    72
994   994    68
995   995    73
996   996    67
997   997    79
998   998    71
999   999    77
1000 1000    70
1001 1001    70
1002 1002    79
1003 1003    72
1004 1004    67
1005 1005    74
1006 1006    67
1007 1007    78
1008 1008    73
1009 1009    69
1010 1010    73
1011 1011    72
1012 1012    75
1013 1013    75
1014 1014    74
1015 1015    77
1016 1016    70
1017 1017    63
1018 1018    77
1019 1019    69
1020 1020    76
1021 1021    73
1022 1022    73
1023 1023    69
1024 1024    68
1025 1025    69
1026 1026    74
1027 1027    68
1028 1028    76
1029 1029    77
1030 1030    74
1031 1031    68
1032 1032    72
1033 1033    73
1034 1034    71
1035 1035    71
1036 1036    72
1037 1037    71
1038 1038    68
1039 1039    75
1040 1040    74
1041 1041    68
1042 1042    70
1043 1043    74
1044 1044    70
1045 1045    77
1046 1046    72
1047 1047    75
1048 1048    73
1049 1049    76
1050 1050    70
1051 1051    72
1052 1052    66
1053 1053    73
1054 1054    76
1055 1055    68
1056 1056    71
1057 1057    72
1058 1058    76
1059 1059    73
1060 1060    74
1061 1061    76
1062 1062    76
1063 1063    74
1064 1064    72
1065 1065    69
1066 1066    78
1067 1067    73
1068 1068    74
1069 1069    75
1070 1070    66
1071 1071    76
1072 1072    72
1073 1073    76
1074 1074    72
1075 1075    65
1076 1076    74
1077 1077    63
1078 1078    72
1079 1079    68
1080 1080    76
1081 1081    66
1082 1082    64
1083 1083    77
1084 1084    65
1085 1085    73
1086 1086    67
1087 1087    75
1088 1088    71
1089 1089    68
1090 1090    76
1091 1091    77
1092 1092    71
1093 1093    75
1094 1094    77
1095 1095    73
1096 1096    73
1097 1097    71
1098 1098    75
1099 1099    71
1100 1100    74
1101 1101    73
1102 1102    73
1103 1103    68
1104 1104    75
1105 1105    74
1106 1106    75
1107 1107    68
1108 1108    75
1109 1109    75
1110 1110    76
1111 1111    76
1112 1112    75
1113 1113    67
1114 1114    73
1115 1115    75
1116 1116    74
1117 1117    82
1118 1118    72
1119 1119    71
1120 1120    77
1121 1121    77
1122 1122    69
1123 1123    66
1124 1124    76
1125 1125    69
1126 1126    78
1127 1127    65
1128 1128    73
1129 1129    66
1130 1130    70
1131 1131    78
1132 1132    72
1133 1133    74
1134 1134    77
1135 1135    75
1136 1136    67
1137 1137    67
1138 1138    77
1139 1139    70
1140 1140    70
1141 1141    77
1142 1142    80
1143 1143    70
1144 1144    76
1145 1145    74
1146 1146    74
1147 1147    72
1148 1148    76
1149 1149    70
1150 1150    69
1151 1151    72
1152 1152    70
1153 1153    73
1154 1154    73
1155 1155    77
1156 1156    75
1157 1157    78
1158 1158    77
1159 1159    71
1160 1160    68
1161 1161    71
1162 1162    75
1163 1163    72
1164 1164    76
1165 1165    72
1166 1166    72
1167 1167    74
1168 1168    65
1169 1169    79
1170 1170    68
1171 1171    71
1172 1172    79
1173 1173    77
1174 1174    74
1175 1175    70
1176 1176    67
1177 1177    69
1178 1178    70
1179 1179    76
1180 1180    75
1181 1181    77
1182 1182    74
1183 1183    70
1184 1184    73
1185 1185    77
1186 1186    68
1187 1187    73
1188 1188    67
1189 1189    76
1190 1190    72
1191 1191    74
1192 1192    76
1193 1193    73
1194 1194    70
1195 1195    73
1196 1196    79
1197 1197    69
1198 1198    70
1199 1199    73
1200 1200    69
1201 1201    76
1202 1202    79
1203 1203    81
1204 1204    75
1205 1205    72
1206 1206    75
1207 1207    63
1208 1208    74
1209 1209    68
1210 1210    69
1211 1211    68
1212 1212    65
1213 1213    71
1214 1214    69
1215 1215    70
1216 1216    72
1217 1217    78
1218 1218    73
1219 1219    77
1220 1220    72
1221 1221    77
1222 1222    76
1223 1223    71
1224 1224    69
1225 1225    78
1226 1226    72
1227 1227    74
1228 1228    72
1229 1229    74
1230 1230    77
1231 1231    76
1232 1232    66
1233 1233    78
1234 1234    61
1235 1235    75
1236 1236    73
1237 1237    67
1238 1238    75
1239 1239    65
1240 1240    68
1241 1241    72
1242 1242    68
1243 1243    73
1244 1244    64
1245 1245    80
1246 1246    77
1247 1247    70
1248 1248    73
1249 1249    76
1250 1250    78
1251 1251    72
1252 1252    80
1253 1253    80
1254 1254    82
1255 1255    70
1256 1256    65
1257 1257    77
1258 1258    76
1259 1259    71
1260 1260    83
1261 1261    66
1262 1262    67
1263 1263    72
1264 1264    68
1265 1265    76
1266 1266    70
1267 1267    77
1268 1268    77
1269 1269    67
1270 1270    72
1271 1271    75
1272 1272    75
1273 1273    65
1274 1274    73
1275 1275    75
1276 1276    75
1277 1277    70
1278 1278    72
1279 1279    75
1280 1280    77
1281 1281    75
1282 1282    68
1283 1283    69
1284 1284    75
1285 1285    64
1286 1286    75
1287 1287    73
1288 1288    66
1289 1289    71
1290 1290    74
1291 1291    72
1292 1292    71
1293 1293    67
1294 1294    70
1295 1295    79
1296 1296    77
1297 1297    68
1298 1298    71
1299 1299    74
1300 1300    76
1301 1301    66
1302 1302    72
1303 1303    60
1304 1304    71
1305 1305    75
1306 1306    71
1307 1307    67
1308 1308    71
1309 1309    76
1310 1310    71
1311 1311    65
1312 1312    66
1313 1313    66
1314 1314    75
1315 1315    82
1316 1316    70
1317 1317    70
1318 1318    72
1319 1319    71
1320 1320    73
1321 1321    72
1322 1322    70
1323 1323    76
1324 1324    77
1325 1325    70
1326 1326    79
1327 1327    71
1328 1328    70
1329 1329    76
1330 1330    78
1331 1331    71
1332 1332    70
1333 1333    72
1334 1334    74
1335 1335    77
1336 1336    73
1337 1337    73
1338 1338    76
1339 1339    74
1340 1340    78
1341 1341    68
1342 1342    66
1343 1343    83
1344 1344    74
1345 1345    77
1346 1346    79
1347 1347    74
1348 1348    69
1349 1349    63
1350 1350    77
1351 1351    74
1352 1352    69
1353 1353    66
1354 1354    62
1355 1355    63
1356 1356    79
1357 1357    72
1358 1358    66
1359 1359    68
1360 1360    74
1361 1361    72
1362 1362    73
1363 1363    69
1364 1364    70
1365 1365    70
1366 1366    76
1367 1367    70
1368 1368    71
1369 1369    70
1370 1370    80
1371 1371    73
1372 1372    74
1373 1373    69
1374 1374    65
1375 1375    69
1376 1376    77
1377 1377    76
1378 1378    75
1379 1379    80
1380 1380    72
1381 1381    70
1382 1382    70
1383 1383    64
1384 1384    70
1385 1385    68
1386 1386    78
1387 1387    73
1388 1388    63
1389 1389    74
1390 1390    71
1391 1391    67
1392 1392    73
1393 1393    77
1394 1394    73
1395 1395    68
1396 1396    70
1397 1397    74
1398 1398    64
1399 1399    73
1400 1400    68
1401 1401    70
1402 1402    67
1403 1403    71
1404 1404    72
1405 1405    72
1406 1406    70
1407 1407    78
1408 1408    72
1409 1409    71
1410 1410    81
1411 1411    71
1412 1412    65
1413 1413    75
1414 1414    79
1415 1415    65
1416 1416    67
1417 1417    73
1418 1418    74
1419 1419    77
1420 1420    76
1421 1421    72
1422 1422    72
1423 1423    71
1424 1424    75
1425 1425    72
1426 1426    75
1427 1427    70
1428 1428    73
1429 1429    67
1430 1430    66
1431 1431    74
1432 1432    79
1433 1433    75
1434 1434    75
1435 1435    79
1436 1436    72
1437 1437    73
1438 1438    69
1439 1439    68
1440 1440    71
1441 1441    76
1442 1442    80
1443 1443    78
1444 1444    71
1445 1445    74
1446 1446    76
1447 1447    68
1448 1448    68
1449 1449    73
1450 1450    75
1451 1451    67
1452 1452    63
1453 1453    69
1454 1454    83
1455 1455    78
1456 1456    72
1457 1457    64
1458 1458    78
1459 1459    67
1460 1460    73
1461 1461    64
1462 1462    71
1463 1463    66
1464 1464    69
1465 1465    65
1466 1466    66
1467 1467    69
1468 1468    72
1469 1469    71
1470 1470    76
1471 1471    76
1472 1472    67
1473 1473    68
1474 1474    82
1475 1475    77
1476 1476    71
1477 1477    68
1478 1478    71
1479 1479    67
1480 1480    71
1481 1481    62
1482 1482    63
1483 1483    72
1484 1484    74
1485 1485    75
1486 1486    71
1487 1487    75
1488 1488    74
1489 1489    73
1490 1490    65
1491 1491    71
1492 1492    73
1493 1493    68
1494 1494    79
1495 1495    75
1496 1496    68
1497 1497    72
1498 1498    72
1499 1499    71
1500 1500    77
1501 1501    72
1502 1502    64
1503 1503    71
1504 1504    75
1505 1505    64
1506 1506    67
1507 1507    74
1508 1508    73
1509 1509    68
1510 1510    74
1511 1511    68
1512 1512    74
1513 1513    67
1514 1514    79
1515 1515    65
1516 1516    63
1517 1517    72
1518 1518    73
1519 1519    72
1520 1520    74
1521 1521    70
1522 1522    76
1523 1523    74
1524 1524    75
1525 1525    77
1526 1526    71
1527 1527    73
1528 1528    73
1529 1529    74
1530 1530    72
1531 1531    72
1532 1532    67
1533 1533    75
1534 1534    72
1535 1535    73
1536 1536    73
1537 1537    79
1538 1538    66
1539 1539    73
1540 1540    68
1541 1541    64
1542 1542    67
1543 1543    76
1544 1544    69
1545 1545    73
1546 1546    76
1547 1547    72
1548 1548    73
1549 1549    73
1550 1550    64
1551 1551    68
1552 1552    78
1553 1553    67
1554 1554    64
1555 1555    69
1556 1556    69
1557 1557    68
1558 1558    73
1559 1559    68
1560 1560    79
1561 1561    72
1562 1562    69
1563 1563    74
1564 1564    79
1565 1565    72
1566 1566    74
1567 1567    76
1568 1568    77
1569 1569    67
1570 1570    66
1571 1571    71
1572 1572    69
1573 1573    65
1574 1574    68
1575 1575    77
1576 1576    68
1577 1577    68
1578 1578    76
1579 1579    76
1580 1580    74
1581 1581    66
1582 1582    72
1583 1583    68
1584 1584    68
1585 1585    76
1586 1586    78
1587 1587    72
1588 1588    67
1589 1589    75
1590 1590    79
1591 1591    67
1592 1592    70
1593 1593    73
1594 1594    74
1595 1595    71
1596 1596    76
1597 1597    66
1598 1598    74
1599 1599    72
1600 1600    70
1601 1601    79
1602 1602    70
1603 1603    72
1604 1604    75
1605 1605    74
1606 1606    74
1607 1607    70
1608 1608    80
1609 1609    71
1610 1610    78
1611 1611    76
1612 1612    72
1613 1613    72
1614 1614    69
1615 1615    73
1616 1616    75
1617 1617    70
1618 1618    68
1619 1619    72
1620 1620    69
1621 1621    71
1622 1622    64
1623 1623    65
1624 1624    73
1625 1625    76
1626 1626    63
1627 1627    73
1628 1628    74
1629 1629    78
1630 1630    75
1631 1631    65
1632 1632    76
1633 1633    71
1634 1634    69
1635 1635    76
1636 1636    71
1637 1637    67
1638 1638    73
1639 1639    75
1640 1640    66
1641 1641    70
1642 1642    74
1643 1643    66
1644 1644    76
1645 1645    66
1646 1646    70
1647 1647    73
1648 1648    76
1649 1649    77
1650 1650    75
1651 1651    78
1652 1652    75
1653 1653    73
1654 1654    70
1655 1655    73
1656 1656    66
1657 1657    74
1658 1658    67
1659 1659    80
1660 1660    80
1661 1661    73
1662 1662    72
1663 1663    65
1664 1664    70
1665 1665    69
1666 1666    75
1667 1667    71
1668 1668    71
1669 1669    62
1670 1670    73
1671 1671    74
1672 1672    69
1673 1673    71
1674 1674    64
1675 1675    72
1676 1676    73
1677 1677    73
1678 1678    76
1679 1679    71
1680 1680    73
1681 1681    73
1682 1682    67
1683 1683    79
1684 1684    73
1685 1685    72
1686 1686    65
1687 1687    76
1688 1688    68
1689 1689    74
1690 1690    74
1691 1691    82
1692 1692    69
1693 1693    63
1694 1694    72
1695 1695    78
1696 1696    72
1697 1697    73
1698 1698    65
1699 1699    66
1700 1700    67
1701 1701    66
1702 1702    68
1703 1703    72
1704 1704    71
1705 1705    69
1706 1706    73
1707 1707    68
1708 1708    66
1709 1709    72
1710 1710    72
1711 1711    70
1712 1712    70
1713 1713    61
1714 1714    72
1715 1715    70
1716 1716    80
1717 1717    75
1718 1718    69
1719 1719    73
1720 1720    70
1721 1721    78
1722 1722    71
1723 1723    70
1724 1724    76
1725 1725    65
1726 1726    71
1727 1727    70
1728 1728    70
1729 1729    78
1730 1730    75
1731 1731    73
1732 1732    73
1733 1733    74
1734 1734    73
1735 1735    76
1736 1736    71
1737 1737    71
1738 1738    68
1739 1739    70
1740 1740    75
1741 1741    77
1742 1742    66
1743 1743    69
1744 1744    74
1745 1745    67
1746 1746    74
1747 1747    65
1748 1748    68
1749 1749    76
1750 1750    76
1751 1751    73
1752 1752    70
1753 1753    69
1754 1754    63
1755 1755    75
1756 1756    68
1757 1757    71
1758 1758    72
1759 1759    78
1760 1760    75
1761 1761    78
1762 1762    65
1763 1763    79
1764 1764    73
1765 1765    73
1766 1766    71
1767 1767    66
1768 1768    70
1769 1769    71
1770 1770    74
1771 1771    66
1772 1772    74
1773 1773    69
1774 1774    73
1775 1775    74
1776 1776    69
1777 1777    73
1778 1778    72
1779 1779    71
1780 1780    69
1781 1781    72
1782 1782    75
1783 1783    74
1784 1784    67
1785 1785    75
1786 1786    74
1787 1787    81
1788 1788    70
1789 1789    69
1790 1790    75
1791 1791    68
1792 1792    75
1793 1793    70
1794 1794    65
1795 1795    70
1796 1796    68
1797 1797    74
1798 1798    73
1799 1799    74
1800 1800    72
1801 1801    69
1802 1802    71
1803 1803    69
1804 1804    72
1805 1805    73
1806 1806    72
1807 1807    75
1808 1808    74
1809 1809    79
1810 1810    69
1811 1811    72
1812 1812    76
1813 1813    72
1814 1814    66
1815 1815    71
1816 1816    76
1817 1817    71
1818 1818    68
1819 1819    75
1820 1820    69
1821 1821    74
1822 1822    69
1823 1823    68
1824 1824    75
1825 1825    68
1826 1826    73
1827 1827    71
1828 1828    81
1829 1829    71
1830 1830    68
1831 1831    76
1832 1832    77
1833 1833    80
1834 1834    72
1835 1835    68
1836 1836    62
1837 1837    74
1838 1838    79
1839 1839    72
1840 1840    68
1841 1841    73
1842 1842    70
1843 1843    72
1844 1844    63
1845 1845    67
1846 1846    69
1847 1847    71
1848 1848    74
1849 1849    77
1850 1850    66
1851 1851    72
1852 1852    74
1853 1853    71
1854 1854    75
1855 1855    66
1856 1856    75
1857 1857    68
1858 1858    72
1859 1859    68
1860 1860    70
1861 1861    70
1862 1862    77
1863 1863    74
1864 1864    73
1865 1865    70
1866 1866    73
1867 1867    68
1868 1868    73
1869 1869    69
1870 1870    67
1871 1871    74
1872 1872    74
1873 1873    71
1874 1874    66
1875 1875    72
1876 1876    77
1877 1877    69
1878 1878    68
1879 1879    70
1880 1880    73
1881 1881    71
1882 1882    70
1883 1883    73
1884 1884    65
1885 1885    68
1886 1886    73
1887 1887    65
1888 1888    70
1889 1889    65
1890 1890    70
1891 1891    74
1892 1892    70
1893 1893    66
1894 1894    72
1895 1895    66
1896 1896    66
1897 1897    75
1898 1898    71
1899 1899    68
1900 1900    68
1901 1901    77
1902 1902    67
1903 1903    71
1904 1904    72
1905 1905    70
1906 1906    68
1907 1907    72
1908 1908    72
1909 1909    73
1910 1910    71
1911 1911    70
1912 1912    78
1913 1913    78
1914 1914    69
1915 1915    70
1916 1916    70
1917 1917    67
1918 1918    73
1919 1919    76
1920 1920    75
1921 1921    70
1922 1922    73
1923 1923    67
1924 1924    66
1925 1925    74
1926 1926    78
1927 1927    79
1928 1928    69
1929 1929    80
1930 1930    74
1931 1931    70
1932 1932    71
1933 1933    68
1934 1934    67
1935 1935    64
1936 1936    76
1937 1937    74
1938 1938    71
1939 1939    74
1940 1940    73
1941 1941    74
1942 1942    69
1943 1943    74
1944 1944    75
1945 1945    69
1946 1946    76
1947 1947    74
1948 1948    68
1949 1949    69
1950 1950    69
1951 1951    73
1952 1952    73
1953 1953    73
1954 1954    71
1955 1955    71
1956 1956    77
1957 1957    70
1958 1958    72
1959 1959    72
1960 1960    73
1961 1961    71
1962 1962    72
1963 1963    65
1964 1964    70
1965 1965    74
1966 1966    65
1967 1967    67
1968 1968    72
1969 1969    71
1970 1970    71
1971 1971    72
1972 1972    70
1973 1973    73
1974 1974    64
1975 1975    69
1976 1976    79
1977 1977    70
1978 1978    70
1979 1979    71
1980 1980    71
1981 1981    68
1982 1982    71
1983 1983    72
1984 1984    75
1985 1985    70
1986 1986    69
1987 1987    71
1988 1988    75
1989 1989    76
1990 1990    71
1991 1991    73
1992 1992    67
1993 1993    81
1994 1994    73
1995 1995    73
1996 1996    77
1997 1997    69
1998 1998    72
1999 1999    66
2000 2000    72
2001 2001    73
2002 2002    74
2003 2003    66
2004 2004    80
2005 2005    72
2006 2006    75
2007 2007    73
2008 2008    79
2009 2009    75
2010 2010    74
2011 2011    73
2012 2012    71
2013 2013    74
2014 2014    71
2015 2015    72
2016 2016    70
2017 2017    75
2018 2018    70
2019 2019    77
2020 2020    74
2021 2021    71
2022 2022    79
2023 2023    65
2024 2024    64
2025 2025    70
2026 2026    69
2027 2027    74
2028 2028    72
2029 2029    76
2030 2030    76
2031 2031    70
2032 2032    67
2033 2033    65
2034 2034    67
2035 2035    70
2036 2036    70
2037 2037    78
2038 2038    71
2039 2039    68
2040 2040    80
2041 2041    72
2042 2042    75
2043 2043    77
2044 2044    83
2045 2045    75
2046 2046    63
2047 2047    71
2048 2048    72
2049 2049    75
2050 2050    72
2051 2051    72
2052 2052    72
2053 2053    70
2054 2054    66
2055 2055    69
2056 2056    79
2057 2057    70
2058 2058    75
2059 2059    71
2060 2060    70
2061 2061    78
2062 2062    84
2063 2063    67
2064 2064    73
2065 2065    72
2066 2066    71
2067 2067    74
2068 2068    77
2069 2069    74
2070 2070    74
2071 2071    72
2072 2072    69
2073 2073    69
2074 2074    68
2075 2075    71
2076 2076    72
2077 2077    72
2078 2078    76
2079 2079    74
2080 2080    72
2081 2081    68
2082 2082    71
2083 2083    68
2084 2084    79
2085 2085    70
2086 2086    77
2087 2087    79
2088 2088    73
2089 2089    69
2090 2090    67
2091 2091    68
2092 2092    71
2093 2093    72
2094 2094    74
2095 2095    70
2096 2096    73
2097 2097    68
2098 2098    74
2099 2099    70
2100 2100    71
2101 2101    75
2102 2102    71
2103 2103    76
2104 2104    71
2105 2105    69
2106 2106    64
2107 2107    71
2108 2108    78
2109 2109    74
2110 2110    68
2111 2111    75
2112 2112    76
2113 2113    69
2114 2114    75
2115 2115    68
2116 2116    72
2117 2117    74
2118 2118    78
2119 2119    69
2120 2120    73
2121 2121    70
2122 2122    77
2123 2123    70
2124 2124    64
2125 2125    72
2126 2126    76
2127 2127    70
2128 2128    62
2129 2129    69
2130 2130    74
2131 2131    67
2132 2132    74
2133 2133    67
2134 2134    71
2135 2135    75
2136 2136    64
2137 2137    73
2138 2138    71
2139 2139    83
2140 2140    71
2141 2141    75
2142 2142    58
2143 2143    61
2144 2144    68
2145 2145    66
2146 2146    69
2147 2147    68
2148 2148    80
2149 2149    75
2150 2150    75
2151 2151    73
2152 2152    77
2153 2153    74
2154 2154    68
2155 2155    75
2156 2156    66
2157 2157    73
2158 2158    62
2159 2159    70
2160 2160    66
2161 2161    75
2162 2162    72
2163 2163    75
2164 2164    63
2165 2165    69
2166 2166    70
2167 2167    74
2168 2168    81
2169 2169    73
2170 2170    74
2171 2171    73
2172 2172    75
2173 2173    61
2174 2174    74
2175 2175    70
2176 2176    75
2177 2177    75
2178 2178    69
2179 2179    77
2180 2180    65
2181 2181    72
2182 2182    70
2183 2183    70
2184 2184    70
2185 2185    69
2186 2186    70
2187 2187    75
2188 2188    71
2189 2189    74
2190 2190    72
2191 2191    76
2192 2192    76
2193 2193    73
2194 2194    66
2195 2195    72
2196 2196    74
2197 2197    81
2198 2198    76
2199 2199    69
2200 2200    72
2201 2201    66
2202 2202    77
2203 2203    75
2204 2204    73
2205 2205    77
2206 2206    71
2207 2207    69
2208 2208    70
2209 2209    70
2210 2210    67
2211 2211    71
2212 2212    69
2213 2213    67
2214 2214    70
2215 2215    74
2216 2216    69
2217 2217    76
2218 2218    66
2219 2219    72
2220 2220    73
2221 2221    75
2222 2222    72
2223 2223    73
2224 2224    75
2225 2225    78
2226 2226    71
2227 2227    66
2228 2228    75
2229 2229    70
2230 2230    74
2231 2231    72
2232 2232    74
2233 2233    73
2234 2234    68
2235 2235    69
2236 2236    78
2237 2237    79
2238 2238    71
2239 2239    75
2240 2240    82
2241 2241    70
2242 2242    69
2243 2243    74
2244 2244    66
2245 2245    73
2246 2246    68
2247 2247    77
2248 2248    70
2249 2249    69
2250 2250    68
2251 2251    72
2252 2252    65
2253 2253    80
2254 2254    69
2255 2255    74
2256 2256    73
2257 2257    70
2258 2258    77
2259 2259    75
2260 2260    74
2261 2261    75
2262 2262    68
2263 2263    72
2264 2264    73
2265 2265    73
2266 2266    80
2267 2267    66
2268 2268    70
2269 2269    68
2270 2270    70
2271 2271    71
2272 2272    73
2273 2273    72
2274 2274    71
2275 2275    70
2276 2276    75
2277 2277    71
2278 2278    69
2279 2279    70
2280 2280    78
2281 2281    77
2282 2282    75
2283 2283    74
2284 2284    72
2285 2285    72
2286 2286    67
2287 2287    67
2288 2288    70
2289 2289    72
2290 2290    73
2291 2291    72
2292 2292    78
2293 2293    72
2294 2294    71
2295 2295    70
2296 2296    74
2297 2297    68
2298 2298    74
2299 2299    71
2300 2300    74
2301 2301    76
2302 2302    62
2303 2303    79
2304 2304    77
2305 2305    70
2306 2306    74
2307 2307    73
2308 2308    73
2309 2309    76
2310 2310    75
2311 2311    73
2312 2312    68
2313 2313    69
2314 2314    74
2315 2315    79
2316 2316    76
2317 2317    68
2318 2318    61
2319 2319    74
2320 2320    69
2321 2321    69
2322 2322    69
2323 2323    72
2324 2324    72
2325 2325    77
2326 2326    69
2327 2327    70
2328 2328    68
2329 2329    72
2330 2330    75
2331 2331    69
2332 2332    77
2333 2333    70
2334 2334    69
2335 2335    78
2336 2336    70
2337 2337    67
2338 2338    82
2339 2339    78
2340 2340    76
2341 2341    69
2342 2342    71
2343 2343    76
2344 2344    69
2345 2345    82
2346 2346    63
2347 2347    69
2348 2348    69
2349 2349    74
2350 2350    73
2351 2351    61
2352 2352    73
2353 2353    75
2354 2354    76
2355 2355    73
2356 2356    74
2357 2357    84
2358 2358    70
2359 2359    76
2360 2360    74
2361 2361    66
2362 2362    75
2363 2363    67
2364 2364    81
2365 2365    68
2366 2366    71
2367 2367    68
2368 2368    74
2369 2369    69
2370 2370    74
2371 2371    72
2372 2372    65
2373 2373    73
2374 2374    75
2375 2375    74
2376 2376    72
2377 2377    76
2378 2378    74
2379 2379    70
2380 2380    79
2381 2381    72
2382 2382    71
2383 2383    70
2384 2384    73
2385 2385    79
2386 2386    75
2387 2387    68
2388 2388    70
2389 2389    73
2390 2390    69
2391 2391    78
2392 2392    71
2393 2393    80
2394 2394    76
2395 2395    68
2396 2396    80
2397 2397    71
2398 2398    69
2399 2399    73
2400 2400    72
2401 2401    77
2402 2402    75
2403 2403    72
2404 2404    73
2405 2405    68
2406 2406    77
2407 2407    70
2408 2408    71
2409 2409    74
2410 2410    64
2411 2411    71
2412 2412    73
2413 2413    71
2414 2414    73
2415 2415    72
2416 2416    72
2417 2417    76
2418 2418    78
2419 2419    79
2420 2420    74
2421 2421    75
2422 2422    64
2423 2423    75
2424 2424    67
2425 2425    75
2426 2426    76
2427 2427    74
2428 2428    74
2429 2429    70
2430 2430    63
2431 2431    69
2432 2432    74
2433 2433    70
2434 2434    75
2435 2435    69
2436 2436    67
2437 2437    71
2438 2438    80
2439 2439    72
2440 2440    74
2441 2441    71
2442 2442    74
2443 2443    67
2444 2444    77
2445 2445    66
2446 2446    68
2447 2447    72
2448 2448    71
2449 2449    67
2450 2450    66
2451 2451    70
2452 2452    74
2453 2453    74
2454 2454    75
2455 2455    68
2456 2456    71
2457 2457    72
2458 2458    72
2459 2459    72
2460 2460    71
2461 2461    75
2462 2462    71
2463 2463    74
2464 2464    78
2465 2465    71
2466 2466    79
2467 2467    76
2468 2468    77
2469 2469    68
2470 2470    71
2471 2471    78
2472 2472    70
2473 2473    76
2474 2474    62
2475 2475    71
2476 2476    71
2477 2477    72
2478 2478    71
2479 2479    74
2480 2480    73
2481 2481    71
2482 2482    69
2483 2483    80
2484 2484    74
2485 2485    66
2486 2486    75
2487 2487    70
2488 2488    73
2489 2489    76
2490 2490    74
2491 2491    75
2492 2492    75
2493 2493    70
2494 2494    75
2495 2495    71
2496 2496    75
2497 2497    72
2498 2498    67
2499 2499    72
2500 2500    75
2501 2501    71
2502 2502    77
2503 2503    75
2504 2504    69
2505 2505    67
2506 2506    70
2507 2507    75
2508 2508    71
2509 2509    64
2510 2510    75
2511 2511    73
2512 2512    72
2513 2513    80
2514 2514    69
2515 2515    79
2516 2516    76
2517 2517    70
2518 2518    72
2519 2519    68
2520 2520    70
2521 2521    76
2522 2522    69
2523 2523    69
2524 2524    66
2525 2525    74
2526 2526    74
2527 2527    71
2528 2528    74
2529 2529    70
2530 2530    72
2531 2531    82
2532 2532    83
2533 2533    77
2534 2534    67
2535 2535    64
2536 2536    70
2537 2537    66
2538 2538    75
2539 2539    70
2540 2540    77
2541 2541    77
2542 2542    77
2543 2543    70
2544 2544    66
2545 2545    62
2546 2546    62
2547 2547    71
2548 2548    77
2549 2549    70
2550 2550    79
2551 2551    77
2552 2552    74
2553 2553    72
2554 2554    76
2555 2555    68
2556 2556    70
2557 2557    69
2558 2558    77
2559 2559    71
2560 2560    69
2561 2561    74
2562 2562    72
2563 2563    67
2564 2564    71
2565 2565    78
2566 2566    73
2567 2567    73
2568 2568    74
2569 2569    72
2570 2570    72
2571 2571    66
2572 2572    77
2573 2573    66
2574 2574    68
2575 2575    73
2576 2576    71
2577 2577    71
2578 2578    67
2579 2579    74
2580 2580    70
2581 2581    74
2582 2582    72
2583 2583    75
2584 2584    68
2585 2585    64
2586 2586    65
2587 2587    66
2588 2588    80
2589 2589    67
2590 2590    72
2591 2591    71
2592 2592    72
2593 2593    76
2594 2594    78
2595 2595    80
2596 2596    73
2597 2597    66
2598 2598    75
2599 2599    66
2600 2600    71
2601 2601    74
2602 2602    71
2603 2603    75
2604 2604    71
2605 2605    70
2606 2606    73
2607 2607    74
2608 2608    72
2609 2609    70
2610 2610    73
2611 2611    78
2612 2612    71
2613 2613    67
2614 2614    73
2615 2615    76
2616 2616    71
2617 2617    67
2618 2618    67
2619 2619    75
2620 2620    74
2621 2621    75
2622 2622    69
2623 2623    76
2624 2624    73
2625 2625    70
2626 2626    67
2627 2627    72
2628 2628    67
2629 2629    62
2630 2630    74
2631 2631    70
2632 2632    75
2633 2633    67
2634 2634    73
2635 2635    71
2636 2636    66
2637 2637    71
2638 2638    75
2639 2639    73
2640 2640    66
2641 2641    75
2642 2642    75
2643 2643    67
2644 2644    70
2645 2645    72
2646 2646    69
2647 2647    76
2648 2648    69
2649 2649    69
2650 2650    77
2651 2651    76
2652 2652    78
2653 2653    75
2654 2654    73
2655 2655    68
2656 2656    82
2657 2657    70
2658 2658    72
2659 2659    72
2660 2660    76
2661 2661    73
2662 2662    73
2663 2663    76
2664 2664    67
2665 2665    74
2666 2666    68
2667 2667    66
2668 2668    67
2669 2669    70
2670 2670    75
2671 2671    73
2672 2672    76
2673 2673    69
2674 2674    76
2675 2675    70
2676 2676    75
2677 2677    84
2678 2678    71
2679 2679    72
2680 2680    75
2681 2681    75
2682 2682    76
2683 2683    73
2684 2684    66
2685 2685    80
2686 2686    70
2687 2687    74
2688 2688    75
2689 2689    72
2690 2690    69
2691 2691    71
2692 2692    73
2693 2693    69
2694 2694    72
2695 2695    69
2696 2696    70
2697 2697    67
2698 2698    69
2699 2699    78
2700 2700    74
2701 2701    72
2702 2702    73
2703 2703    71
2704 2704    77
2705 2705    76
2706 2706    73
2707 2707    70
2708 2708    72
2709 2709    69
2710 2710    73
2711 2711    78
2712 2712    69
2713 2713    67
2714 2714    68
2715 2715    75
2716 2716    71
2717 2717    65
2718 2718    76
2719 2719    71
2720 2720    71
2721 2721    70
2722 2722    76
2723 2723    76
2724 2724    76
2725 2725    76
2726 2726    80
2727 2727    77
2728 2728    71
2729 2729    68
2730 2730    71
2731 2731    70
2732 2732    73
2733 2733    71
2734 2734    69
2735 2735    73
2736 2736    74
2737 2737    67
2738 2738    70
2739 2739    72
2740 2740    67
2741 2741    67
2742 2742    76
2743 2743    66
2744 2744    81
2745 2745    79
2746 2746    81
2747 2747    66
2748 2748    70
2749 2749    67
2750 2750    76
2751 2751    72
2752 2752    68
2753 2753    74
2754 2754    70
2755 2755    72
2756 2756    78
2757 2757    70
2758 2758    64
2759 2759    76
2760 2760    70
2761 2761    67
2762 2762    74
2763 2763    71
2764 2764    69
2765 2765    74
2766 2766    71
2767 2767    71
2768 2768    74
2769 2769    70
2770 2770    70
2771 2771    72
2772 2772    67
2773 2773    67
2774 2774    75
2775 2775    71
2776 2776    73
2777 2777    72
2778 2778    78
2779 2779    72
2780 2780    78
2781 2781    71
2782 2782    78
2783 2783    85
2784 2784    83
2785 2785    63
2786 2786    82
2787 2787    70
2788 2788    76
2789 2789    71
2790 2790    69
2791 2791    73
2792 2792    63
2793 2793    73
2794 2794    72
2795 2795    70
2796 2796    72
2797 2797    75
2798 2798    78
2799 2799    72
2800 2800    74
2801 2801    77
2802 2802    74
2803 2803    70
2804 2804    70
2805 2805    73
2806 2806    72
2807 2807    79
2808 2808    75
2809 2809    76
2810 2810    69
2811 2811    72
2812 2812    73
2813 2813    78
2814 2814    73
2815 2815    68
2816 2816    69
2817 2817    66
2818 2818    73
2819 2819    79
2820 2820    80
2821 2821    66
2822 2822    71
2823 2823    79
2824 2824    71
2825 2825    67
2826 2826    73
2827 2827    67
2828 2828    74
2829 2829    61
2830 2830    66
2831 2831    70
2832 2832    74
2833 2833    66
2834 2834    76
2835 2835    75
2836 2836    71
2837 2837    76
2838 2838    72
2839 2839    70
2840 2840    68
2841 2841    71
2842 2842    72
2843 2843    75
2844 2844    69
2845 2845    72
2846 2846    78
2847 2847    75
2848 2848    74
2849 2849    74
2850 2850    69
2851 2851    74
2852 2852    69
2853 2853    72
2854 2854    69
2855 2855    76
2856 2856    70
2857 2857    73
2858 2858    71
2859 2859    67
2860 2860    72
2861 2861    73
2862 2862    74
2863 2863    70
2864 2864    72
2865 2865    70
2866 2866    74
2867 2867    74
2868 2868    72
2869 2869    76
2870 2870    73
2871 2871    69
2872 2872    68
2873 2873    75
2874 2874    64
2875 2875    73
2876 2876    67
2877 2877    75
2878 2878    78
2879 2879    68
2880 2880    72
2881 2881    68
2882 2882    69
2883 2883    71
2884 2884    66
2885 2885    70
2886 2886    77
2887 2887    71
2888 2888    72
2889 2889    69
2890 2890    75
2891 2891    66
2892 2892    72
2893 2893    71
2894 2894    77
2895 2895    69
2896 2896    71
2897 2897    71
2898 2898    74
2899 2899    77
2900 2900    79
2901 2901    72
2902 2902    68
2903 2903    71
2904 2904    67
2905 2905    73
2906 2906    70
2907 2907    73
2908 2908    72
2909 2909    72
2910 2910    73
2911 2911    73
2912 2912    63
2913 2913    72
2914 2914    69
2915 2915    81
2916 2916    74
2917 2917    67
2918 2918    70
2919 2919    72
2920 2920    74
2921 2921    81
2922 2922    68
2923 2923    74
2924 2924    81
2925 2925    81
2926 2926    75
2927 2927    72
2928 2928    69
2929 2929    74
2930 2930    72
2931 2931    67
2932 2932    68
2933 2933    71
2934 2934    75
2935 2935    67
2936 2936    69
2937 2937    72
2938 2938    75
2939 2939    67
2940 2940    76
2941 2941    73
2942 2942    69
2943 2943    73
2944 2944    78
2945 2945    79
2946 2946    77
2947 2947    67
2948 2948    68
2949 2949    84
2950 2950    71
2951 2951    69
2952 2952    69
2953 2953    72
2954 2954    77
2955 2955    73
2956 2956    69
2957 2957    73
2958 2958    66
2959 2959    78
2960 2960    65
2961 2961    77
2962 2962    70
2963 2963    65
2964 2964    75
2965 2965    71
2966 2966    67
2967 2967    67
2968 2968    75
2969 2969    73
2970 2970    70
2971 2971    73
2972 2972    81
2973 2973    74
2974 2974    73
2975 2975    70
2976 2976    74
2977 2977    70
2978 2978    70
2979 2979    73
2980 2980    63
2981 2981    73
2982 2982    71
2983 2983    75
2984 2984    75
2985 2985    69
2986 2986    74
2987 2987    61
2988 2988    78
2989 2989    67
2990 2990    71
2991 2991    66
2992 2992    77
2993 2993    70
2994 2994    72
2995 2995    74
2996 2996    73
2997 2997    69
2998 2998    68
2999 2999    74
3000 3000    76
> head(Population,10)
    X point
1   1    72
2   2    72
3   3    78
4   4    78
5   5    75
6   6    72
7   7    69
8   8    75
9   9    76
10 10    66
> Population <- Population[-1]
> mean(Population$point)
[1] 71.985
> sd(Population$point)
[1] 4.071974
> CI <- qnorm(c(0.05,0.95), mean=mean(Popultion$point), sd=sd(Popularion$poin))
Error in mean(Popultion$point) : 객체 'Popultion'를 찾을 수 없습니다
> CI <- qnorm(c(0.05,0.95), mean=mean(Population$point), sd=sd(Population$poin)) 
> CI
[1] 65.2872 78.6828
> Sample <- read.csv("6_test2.csv")
> head(Sample,3)
  X point
1 1    85
2 2    83
3 3    74
> CI
[1] 65.2872 78.6828
> mean(Sample$point)
[1] 80.845
> lm(mpg~hp, data=mtcars)

Call:
lm(formula = mpg ~ hp, data = mtcars)

Coefficients:
(Intercept)           hp  
   30.09886     -0.06823  

> DF <- data.frame(Work_hour=1:7,Total_pay=seq(10000,70000,by=10000))
> DF
  Work_hour Total_pay
1         1     10000
2         2     20000
3         3     30000
4         4     40000
5         5     50000
6         6     60000
7         7     70000
> plot(Total_pay~Work_hour,data=DF,pch=20,col="red")
> grid(
+ )
> model(LR) <- lm()
Error in terms.formula(formula, data = data) : 
  인자가 유효한 모델이 아닙니다
> model(LR) <- lm
Error in model(LR) <- lm : 함수 "model<-"를 찾을 수 없습니다
> mode(LR) <- lm
Error in storage.mode(x) == value : 
  atomic과 리스트 타입들에 대해서만 비교(1)가 가능합니다
> mode(LR) <- lm()
Error in terms.formula(formula, data = data) : 
  인자가 유효한 모델이 아닙니다
> mode(LR)
[1] "list"
> abline(LR,col="blue",lwd=2)
> DF <- read.csv("example_kbo2015.csv")
Error in file(file, "rt") : 커넥션을 열 수 없습니다
추가정보: 경고메시지(들): 
In file(file, "rt") :
  파일 'example_kbo2015.csv'를 여는데 실패했습니다: No such file or directory
> DF <- read.csv("example_kbo2015_player.csv")
> DF
    순위   선수명 팀명   AVG   G  PA  AB   R   H X2B X3B HR  TB RBI SAC SF XBH
1      1   유한준 넥센 0.364 101 436 376  82 137  35   1 19 231  84   0  6  55
2      2   박병호 넥센 0.349 106 476 410 100 143  29   1 42 300 111   0  3  72
3      3   홍성갑 넥센 0.333   7  10   9   0   3   0   0  0   3   2   0  0   0
4      4   고종욱 넥센 0.324  85 328 299  59  97  22   3  8 149  40   3  1  33
5      5   유재신 넥센 0.318  44  26  22  17   7   2   0  0   9   3   2  0   2
6      6   김민성 넥센 0.316  96 405 370  53 117  21   0 14 180  65   0  3  35
7      7   이택근 넥센 0.311  68 253 219  40  68  10   0  8 102  21   1  2  18
8      8   윤석민 넥센   0.3  99 389 333  52 100  22   1 13 163  67   5  6  36
9      9 스나이더 넥센 0.295  79 339 295  62  87  21   1 17 161  53   3  3  39
10    10   김하성 넥센 0.287 103 436 383  68 110  28   4 14 188  57   3  4  46
11    11   강지광 넥센 0.278  13  21  18   3   5   0   0  0   5   2   0  0   0
12    12   박동원 넥센 0.273  90 322 278  35  76   8   1 12 122  47   8  4  21
13    13   김재현 넥센 0.273  41  49  44   6  12   2   0  1  17   3   2  0   3
14    14   김지수 넥센  0.26  79 121 104  19  27   4   0  0  31  11   6  1   4
15    15   서건창 넥센 0.253  47 193 166  20  42  12   2  1  61  18   6  1  15
16    16   문우람 넥센 0.252  48 121 107  21  27   9   0  2  42  21   1  3  11
17    17   송성문 넥센  0.25   7  12  12   0   3   0   0  0   3   1   0  0   0
18    18   박헌도 넥센 0.247  81 213 178  28  44  11   0  7  76  31   1  2  18
19    19   유선정 넥센  0.24  17  27  25   1   6   0   0  0   6   2   0  0   0
20    20   서동욱 넥센 0.169  40  83  71   9  12   3   0  2  21   5   1  0   5
21    21   임병욱 넥센  0.16  25  30  25   7   4   1   0  1   8   2   0  0   2
22    22   김민준 넥센     0   2   2   1   1   0   0   0  0   0   0   0  0   0
23    22   마정길 넥센     -   1   0   0   0   0   0   0  0   0   0   0  0   0
24    22   문성현 넥센     -   1   0   0   0   0   0   0  0   0   0   0  0   0
25     1   고영민 두산 0.383  28  52  47   8  18   1   0  2  25  10   0  1   3
26     2   양의지 두산 0.344  94 371 320  55 110  20   0 17 181  70   1  5  37
27     3   민병헌 두산 0.331  92 402 350  64 116  17   1 11 168  57   4  5  29
28     4   박건우 두산 0.329  45  91  79  16  26   5   0  4  43  14   2  0   9
29     5   김재호 두산 0.326  97 361 304  52  99  20   3  2 131  38  11  5  25
30     6   허경민 두산 0.321  76 264 240  38  77  14   2  1  98  23   5  2  17
31     7   김현수 두산 0.318 100 449 380  68 121  21   0 15 187  79   0  5  36
32     8   오재일 두산  0.29  35 107  93  19  27   4   1  8  57  19   0  0  13
33     9   오재원 두산 0.286  92 366 322  45  92  16   2 11 145  52   5  3  29
34    10   정수빈 두산 0.279  87 392 337  53  94  19   4  0 121  43  11  6  23
35    11   로메로 두산 0.267  53 232 202  23  54  12   0 10  96  43   0  7  22
36    12   홍성흔 두산 0.252  65 258 218  28  55   7   0  3  71  28   4  0  10
37    13   최주환 두산 0.245  67 178 155  24  38   8   0  2  52  14   3  0  10
38    14   정진호 두산 0.241  63 158 141  34  34   5   3  4  57  18   3  0  12
39    15   유민상 두산  0.24  10  30  25   4   6   0   0  1   9   6   0  1   1
40    16   김재환 두산 0.235  48 180 153  24  36   8   0  7  65  22   1  2  15
41    17   장민석 두산 0.212  26  41  33  10   7   0   0  0   7   3   1  1   0
42    18   국해성 두산 0.211  10  25  19   6   4   1   0  1   8   5   1  2   2
43    19   최재훈 두산 0.186  51  77  70   5  13   2   0  0  15   7   1  1   2
44    20   김진형 두산 0.167  14  21  18   3   3   2   0  1   8   2   0  0   3
45    21   양종민 두산 0.143  26  16  14   6   2   0   0  1   5   2   0  0   1
46    22     루츠 두산 0.111   8  30  27   2   3   0   0  1   6   3   0  1   1
47    23   노경은 두산     -   1   0   0   0   0   0   0  0   0   0   0  0   0
48    23   류지혁 두산     0   2   1   1   0   0   0   0  0   0   0   0  0   0
49    23     양현 두산     -   1   0   0   0   0   0   0  0   0   0   0  0   0
50    23   함덕주 두산     -   2   0   0   0   0   0   0  0   0   0   0  0   0
51     1   강민호 롯데 0.313  92 359 294  52  92  13   1 29 194  73   0  0  43
52     2   손아섭 롯데  0.31  79 336 284  50  88  17   0  9 132  33   0  3  26
53     3   아두치 롯데 0.309  96 431 376  79 116  26   4 21 213  78   1  4  51
54     4   황재균 롯데   0.3 107 449 407  76 122  32   2 23 227  74   3  6  57
55     5   최준석 롯데 0.299 107 461 378  54 113  12   1 20 187  72   1  1  33
56     6   김문호 롯데 0.284  71 243 215  26  61  11   0  1  75  20   2  2  12
57     7     정훈 롯데 0.281 101 420 359  56 101  17   1  6 138  45   4  2  24
58     8   이우민 롯데 0.281  43 105  89  15  25   2   0  4  39  12   7  0   6
59     9   안중열 롯데 0.275  57  86  80  11  22   5   0  1  30   8   2  0   6
60    10   김주현 롯데 0.271  28  52  48   4  13   3   0  1  19   9   1  0   4
61    11   박종윤 롯데 0.271  70 265 255  25  69   9   3  4  96  26   1  1  16
62    12   오윤석 롯데 0.269  23  29  26   5   7   1   0  0   8   1   1  0   1
63    13   손용석 롯데 0.255  24  51  47   3  12   2   0  0  14   0   3  0   2
64    14   오승택 롯데 0.251  88 215 199  36  50   9   0  6  77  26   3  1  15
65    15   김민하 롯데 0.241  54 141 116  18  28   6   0  1  37   8   3  0   7
66    16   문규현 롯데 0.232  75 219 194  19  45   8   0  2  59  18  10  2  10
67    17   오현근 롯데 0.222  11  22  18   1   4   0   0  0   4   2   1  0   0
68    18   김대우 롯데 0.194  27  80  72   6  14   1   1  2  23   7   2  0   4
69    19   김준태 롯데 0.158  15  21  19   0   3   0   0  0   3   0   0  0   0
70    20   임재철 롯데 0.154  38  63  52   6   8   2   0  1  13   3   3  0   3
71    21   강동수 롯데 0.125  22   8   8   2   1   0   0  0   1   0   0  0   0
72    22   김대륙 롯데 0.122  41  49  41   4   5   0   0  0   5   0   2  0   0
73    23   김재유 롯데     0   8   8   7   0   0   0   0  0   0   0   0  0   0
74    23   박세웅 롯데     -   1   0   0   0   0   0   0  0   0   0   0  0   0
75    23   박준서 롯데     0   3   5   5   0   0   0   0  0   0   0   0  0   0
76    23   박진형 롯데     -   1   0   0   0   0   0   0  0   0   0   0  0   0
77    23   배장호 롯데     -   1   0   0   0   0   0   0  0   0   0   0  0   0
78    23   백민기 롯데     0   8   9   7   1   0   0   0  0   0   0   0  0   0
79    23   심수창 롯데     -   2   0   0   0   0   0   0  0   0   0   0  0   0
80    23   이성민 롯데     -   3   0   0   0   0   0   0  0   0   0   0  0   0
81     1   이승엽 삼성 0.341  98 421 375  72 128  21   1 21 214  74   0  6  43
82     2   구자욱 삼성 0.341 103 405 361  82 123  30   4  9 188  48   0  3  43
83     3   채태인 삼성 0.324  68 245 213  22  69  13   0  3  91  28   0  3  16
84     4   진갑용 삼성 0.324  39  73  68   8  22   2   0  3  33  10   0  1   5
85     5   박석민 삼성 0.321  99 412 336  69 108  20   0 18 182  80   0  7  38
86     6   최형우 삼성 0.319 107 469 404  68 129  24   0 27 234  97   0  6  51
87     7   이지영 삼성 0.311  90 284 254  24  79   8   1  1  92  41  15  3  10
88     8   박한이 삼성   0.3  57 264 230  45  69  10   4  8 111  36   3  1  22
89     9   박해민 삼성 0.299 107 429 375  69 112  16   6  0 140  31  11  1  22
90    10   나바로 삼성 0.274 106 488 412  91 113  16   1 34 233 100   0  6  51
91    11   백상원 삼성 0.261  41  85  69   9  18   5   0  0  23   7   2  1   5
92    12   김상수 삼성  0.26  95 371 323  43  84  18   3  5 123  45   9  6  26
93    13   이흥련 삼성 0.236  50  74  72   9  17   6   0  1  26  15   1  0   7
94    14   이영욱 삼성 0.227  38  26  22   8   5   2   0  0   7   2   0  0   2
95    15   최선호 삼성 0.206  13  36  34   4   7   1   0  0   8   1   2  0   1
96    16   우동균 삼성 0.197  25  71  61  12  12   3   0  0  15   4   1  0   3
97    17   박찬도 삼성  0.16  83  59  50  17   8   0   1  0  10   6   4  0   1
98    18   김정혁 삼성 0.143   8  16  14   0   2   0   0  0   2   1   1  0   0
99    19   김재현 삼성  0.08  49  28  25   3   2   0   0  0   2   1   2  0   0
100   20   강봉규 삼성     0   5   8   6   0   0   0   0  0   0   0   0  0   0
101   20   김태완 삼성     0   4   6   5   0   0   0   0  0   0   0   0  0   0
102   20   심창민 삼성     -   1   0   0   0   0   0   0  0   0   0   0  0   0
103   20   윤영수 삼성     -   1   0   0   0   0   0   0  0   0   0   0  0   0
104   20   이상훈 삼성     0   3   7   6   0   0   0   0  0   0   0   1  0   0
105   20   임창용 삼성     -   2   0   0   0   0   0   0  0   0   0   0  0   0
106    1   박노민 한화   0.4  14  17  15   1   6   0   0  0   6   4   0  0   0
107    2   정현석 한화 0.378  11  49  45   9  17   2   0  0  19   5   0  0   2
108    3   김경언 한화 0.356  70 287 247  37  88  13   1 11 136  59   3  2  25
109    4   이용규 한화 0.337  89 422 356  79 120  11   6  3 152  33   8  4  20
110    5   김태균 한화 0.332 101 395 298  51  99  24   0 19 180  90   0  4  43
111    6   정근우 한화 0.312  89 382 321  69 100  24   1  5 141  51  10  1  30
112    7   이시찬 한화   0.3  24  57  50   6  15   1   0  0  16   5   1  2   1
113    8   최진행 한화 0.296  74 281 226  38  67   9   0 14 118  46   3  3  23
114    9   이종환 한화  0.29  44 106 100  14  29   4   0  0  33  12   0  0   4
115   10   강경학 한화 0.287  84 280 230  40  66   6   2  2  82  21  13  1  10
116   11     모건 한화 0.273  10  42  33   2   9   2   0  0  11   5   0  1   2
117   12   장운호 한화 0.257  39 139 113  17  29   4   0  2  39   8  11  0   6
118   13   이성열 한화  0.25  79 217 188  27  47   8   2  7  80  25   5  1  17
119   13   지성준 한화  0.25   9  12  12   1   3   1   0  0   4   0   0  0   1
120   15   한상훈 한화 0.245  27  62  49   5  12   4   0  0  16   8   5  0   4
121   16   송광민 한화 0.243  12  41  37   2   9   2   0  0  11   1   1  0   2
122   17   김태완 한화 0.239  22  50  46   5  11   2   0  0  13   3   0  0   2
123   18   김회성 한화 0.219  65 205 169  27  37  10   1 10  79  22   3  1  21
124   19   주현상 한화 0.216  87 232 204  16  44   7   0  0  51  11   6  2   7
125   20   권용관 한화 0.209  95 277 239  27  50   8   1  3  69  20  15  1  12
126   21   신성현 한화 0.206  39  70  63   9  13   3   0  2  22   8   1  0   5
127   22   조인성 한화 0.203  71 201 177  22  36   6   0  5  57  23   9  0  11
128   23   허도환 한화 0.184  52 100  87   6  16   7   0  1  26   6   3  0   8
129   24   송주호 한화 0.182  91 135 121  14  22   3   0  0  25   4   6  0   3
130   24     폭스 한화 0.182   5  16  11   1   2   1   0  0   3   4   0  2   1
131   24   황선일 한화 0.182  12  24  22   1   4   2   0  0   6   2   0  0   2
132   27   고동진 한화 0.179  25  67  56   5  10   4   0  0  14   7   5  0   4
133   28   정범모 한화 0.149  39 105  87   3  13   2   0  0  15  10   7  1   2
134   29     권혁 한화     0   8   1   1   0   0   0   0  0   0   0   0  0   0
135   29   김민우 한화     -   1   0   0   0   0   0   0  0   0   0   0  0   0
136   29   박성호 한화     -   1   0   0   0   0   0   0  0   0   0   0  0   0
137   29   박정진 한화     0   1   1   1   0   0   0   0  0   0   0   0  0   0
138   29   박한길 한화     -   1   0   0   0   0   0   0  0   0   0   0  0   0
139   29   윤규진 한화     0   2   2   2   0   0   0   0  0   0   0   0  0   0
140   29   이창열 한화     -   2   0   0   0   0   0   0  0   0   0   0  0   0
141   29   임익준 한화     0   2   3   2   0   0   0   0  0   0   1   0  1   0
142   29   정대훈 한화     -   2   0   0   0   0   0   0  0   0   0   0  0   0
143   29   조정원 한화     0   1   1   1   0   0   0   0  0   0   0   0  0   0
144   29   채기영 한화     0   3   2   2   0   0   0   0  0   0   0   0  0   0
145    1   황대인  KIA   0.5   5  12  12   1   6   1   0  1  10   2   0  0   2
146    2   김주찬  KIA 0.336  70 262 232  48  78  16   0 14 136  50   1  4  30
147    3       필  KIA 0.328 103 431 396  57 130  24   1 17 207  80   0  4  42
148    4   김민우  KIA 0.304  61 219 194  19  59  14   1  3  84  23  14  1  18
149    5   신종길  KIA 0.278  61 222 194  41  54   9   4  3  80  20   3  0  16
150    6   김주형  KIA 0.277  23  51  47   0  13   1   0  0  14   0   0  0   1
151    7   이범호  KIA 0.261 101 374 322  44  84  18   0 20 162  60   0  2  38
152    8   김원섭  KIA  0.26  70 222 173  35  45  10   2  5  74  25   4  2  17
153    9   김다원  KIA 0.258  78 215 190  27  49   9   0  4  70  24   0  2  13
154   10   최희섭  KIA 0.256  42 149 125  18  32   3   0  6  53  20   0  1   9
155   11   박찬호  KIA  0.25  30  73  68   9  17   4   0  0  21   3   1  0   4
156   12   백용환  KIA 0.244  31  90  78  16  19   2   0  7  42  20   0  1   9
157   13   이성우  KIA  0.24  62 118 104   8  25   7   0  1  35  13   4  1   8
158   14   나지완  KIA 0.238  76 269 227  32  54   8   0  7  83  25   0  2  15
159   15   김호령  KIA 0.231  82 245 221  28  51  10   2  1  68  19   6  0  13
160   16   최용규  KIA 0.227  61 189 172  22  39   4   3  2  55  18   1  2   9
161   17   이홍구  KIA 0.224  84 187 170  23  38   9   0 10  77  34   4  0  19
162   18   강한울  KIA 0.213  75 263 235  26  50   8   2  0  62  11  12  0  10
163   19   박기남  KIA 0.203  51  93  69   8  14   3   0  0  17   3   3  0   3
164   20   이인행  KIA   0.2  20  33  30   0   6   0   0  0   6   0   1  0   0
165   21   박준태  KIA 0.188  30  44  32   8   6   1   0  0   7   2   0  0   1
166   22   차일목  KIA 0.174  11  25  23   0   4   0   0  0   4   2   0  0   0
167   23   이은총  KIA 0.171  11  38  35   3   6   1   0  0   7   3   1  0   1
168   24   최병연  KIA 0.167  18   7   6   2   1   0   0  0   1   0   0  0   0
169   25   윤완주  KIA 0.111  12  19  18   1   2   1   0  0   3   1   0  1   1
170   26   이호신  KIA 0.108  30  42  37   5   4   1   0  0   5   2   1  0   1
171   27   오준혁  KIA 0.103  12  33  29   2   3   0   0  0   3   3   1  1   0
172   28   노수광  KIA 0.091   7  13  11   2   1   1   0  0   2   1   0  0   1
173   29   고영우  KIA 0.045  49  23  22  10   1   0   0  0   1   0   1  0   0
174   30   김광수  KIA     -   1   0   0   0   0   0   0  0   0   0   0  0   0
175   30   김병현  KIA     -   1   0   0   0   0   0   0  0   0   0   0  0   0
176   30     김준  KIA     -   1   0   0   0   0   0   0  0   0   0   0  0   0
177   30   김태영  KIA     -   3   0   0   0   0   0   0  0   0   0   0  0   0
178   30   문경찬  KIA     -   2   0   0   0   0   0   0  0   0   0   0  0   0
179   30   박정수  KIA     -   3   0   0   0   0   0   0  0   0   0   0  0   0
180   30   스틴슨  KIA     0   1   1   1   0   0   0   0  0   0   0   0  0   0
181   30   심동섭  KIA     -   3   0   0   0   0   0   0  0   0   0   0  0   0
182   30     에반  KIA     -   1   0   0   0   0   0   0  0   0   0   0  0   0
183   30   윤석민  KIA     -   2   0   0   0   0   0   0  0   0   0   0  0   0
184   30   최영필  KIA     -   2   0   0   0   0   0   0  0   0   0   0  0   0
185   30   한기주  KIA     -   1   0   0   0   0   0   0  0   0   0   0  0   0
186   30   한승혁  KIA     -   4   0   0   0   0   0   0  0   0   0   0  0   0
187   30     험버  KIA     -   1   0   0   0   0   0   0  0   0   0   0  0   0
188   30   홍건희  KIA     -   1   0   0   0   0   0   0  0   0   0   0  0   0
189   30   황수현  KIA     0   1   2   2   0   0   0   0  0   0   0   0  0   0
190    1   김선민   kt   0.5   4   2   2   1   1   0   0  0   1   0   0  0   0
191    2   마르테   kt 0.361  78 329 285  60 103  22   1 16 175  69   0  7  39
192    3   댄블랙   kt 0.349  28 121 109  16  38   5   1  7  66  20   0  0  13
193    4   오정복   kt  0.29  32 149 124  21  36   9   0  4  57  22   1  1  13
194    5   이대형   kt  0.29 106 476 421  70 122  16   3  0 144  30   8  1  19
195    6   장성호   kt 0.289  47 108  90   7  26   4   0  0  30  14   0  1   4
196    7   김민혁   kt 0.288  61 138 118  12  34   1   3  0  41   7   7  0   4
197    8   박경수   kt 0.281 104 411 334  56  94  21   0 16 163  49   5  3  37
198    9   윤요섭   kt 0.276  50 112 105  12  29   2   0  6  49  20   2  2   8
199   10   장성우   kt 0.276  99 365 326  41  90  14   1 11 139  60   3  7  26
200   11   하준호   kt 0.271  63 240 214  31  58  10   0  5  83  22   2  1  15
201   12   김상현   kt  0.27 100 414 366  49  99  16   0 21 178  63   0  5  37
202   13   김사연   kt 0.268  42 140 127  17  34   5   1  3  50  15   2  0   9
203   14   박용근   kt 0.263  27  86  76   7  20   6   0  0  26   4   3  0   6
204   15   박기혁   kt 0.262  97 274 237  21  62  10   1  1  77  18  13  0  12
205   16   송민섭   kt  0.25  28  51  44   3  11   3   1  0  16   1   5  0   4
206   16   윤도경   kt  0.25   4   4   4   0   1   0   0  0   1   1   0  0   0
207   18   김진곤   kt 0.236  50  73  72  10  17   1   0  0  18   6   0  0   1
208   19   김종민   kt 0.235  14  19  17   2   4   0   0  0   4   1   0  0   0
209   20   이지찬   kt 0.231  34  42  39   4   9   2   0  0  11   4   1  0   2
210   21   조중근   kt 0.222  25  39  36   4   8   0   0  1  11   2   0  0   1
211   22   신명철   kt 0.211  73 158 128  10  27   2   2  2  39  18   5  1   6
212   23   김동명   kt 0.196  21  66  51   8  10   3   0  0  13   3   1  0   3
213   24   문상철   kt 0.172  37  70  64   6  11   2   0  2  19   6   0  0   4
214   25   심우준   kt 0.171  88 120 117  14  20   6   0  1  29  11   1  0   7
215   26   김태훈   kt 0.167   7  18  18   1   3   1   0  0   4   0   0  0   1
216   26   모상기   kt 0.167   3   6   6   1   1   0   0  0   1   0   0  0   0
217   28   이창진   kt 0.158  13  20  19   1   3   1   0  0   4   0   0  0   1
218   29   김영환   kt 0.083  13  13  12   0   1   0   0  0   1   1   0  0   0
219   30   배병옥   kt 0.078  43  53  51   5   4   1   0  1   8   2   0  0   2
220   31   고영표   kt     -   1   0   0   0   0   0   0  0   0   0   0  0   0
221   31   김기표   kt     -   2   0   0   0   0   0   0  0   0   0   0  0   0
222   31   김민수   kt     -   1   0   0   0   0   0   0  0   0   0   0  0   0
223   31   김사율   kt     -   1   0   0   0   0   0   0  0   0   0   0  0   0
224   31   배우열   kt     -   1   0   0   0   0   0   0  0   0   0   0  0   0
225   31   심재민   kt     -   1   0   0   0   0   0   0  0   0   0   0  0   0
226   31   안상빈   kt     -   1   0   0   0   0   0   0  0   0   0   0  0   0
227   31   이해창   kt     0   5   4   3   0   0   0   0  0   0   0   0  0   0
228   31   장시환   kt     -   2   0   0   0   0   0   0  0   0   0   0  0   0
229   31   정대현   kt     -   1   0   0   0   0   0   0  0   0   0   0  0   0
230   31   홍성무   kt     -   2   1   0   0   0   0   0  0   0   1   0  1   0
231   31   홍성용   kt     -   1   0   0   0   0   0   0  0   0   0   0  0   0
232   31   황덕균   kt     -   1   0   0   0   0   0   0  0   0   0   0  0   0
233    1   양원혁   LG   0.5   3   2   2   2   1   0   0  0   1   1   0  0   0
234    2   서상우   LG 0.422  25  51  45  12  19   5   0  2  30   7   0  0   7
235    3   한나한   LG 0.327  32 126 107  17  35   9   0  4  56  22   1  3  13
236    4   백창수   LG 0.323  25  36  31   4  10   4   0  0  14   0   2  0   4
237    5   박용택   LG 0.303  95 394 357  47 108  19   2 14 173  55   1  5  35
238    6   정성훈   LG 0.298  94 367 299  42  89  14   1  8 129  38   5  4  23
239    7   나성용   LG 0.283  32  64  60   5  17   2   0  3  28   9   0  0   5
240    8   양석환   LG 0.281  90 271 249  26  70  15   0  7 106  34   5  3  22
241    9   이민재   LG 0.273  22  25  22   4   6   1   0  0   7   4   0  1   1
242   10   오지환   LG 0.264 106 443 386  59 102  27   4  8 161  39   3  1  39
243   11   이진영   LG 0.264  72 257 220  20  58   3   0  6  79  31   2  2   9
244   12   유강남   LG  0.26  89 203 181  18  47   7   0  6  72  24   5  1  13
245   13 황목치승   LG 0.257  23  73  70  11  18   2   1  0  22   8   0  1   3
246   14   채은성   LG 0.252  67 152 135  21  34   8   2  4  58  17   3  1  14
247   15   김용의   LG 0.251  71 199 171  30  43   5   1  0  50  15   3  0   6
248   16   손주인   LG 0.251  69 209 183  21  46   8   0  0  54  10  10  1   8
249   17   이병규   LG 0.243  70 277 230  42  56   9   1 12 103  35   1  0  22
250   18 히메네스   LG 0.235  33 138 132  15  31   9   0  4  52  17   0  1  13
251   19     임훈   LG 0.233  51 149 129  19  30   5   0  1  38  15   5  1   6
252   20   이병규   LG 0.222  35  77  72   3  16   6   0  1  25   8   0  1   7
253   21   문선재   LG 0.217  87 210 184  23  40  10   1  5  67  24   5  0  16
254   22   안익훈   LG 0.214  19  15  14   3   3   0   1  0   5   2   0  0   1
255   23   최경철   LG 0.209  82 187 163  22  34   6   1  3  51  17   8  1  10
256   24   박지규   LG 0.197  70 141 127  14  25   6   1  0  33   8   3  1   7
257   25   김영관   LG 0.143  20  21  21   2   3   0   0  1   6   2   0  0   1
258   26   윤진호   LG 0.083  29  13  12   3   1   0   0  0   1   1   1  0   0
259   27   최승준   LG 0.077   8  31  26   0   2   0   0  0   2   1   0  1   0
260   28   김지용   LG     -   2   0   0   0   0   0   0  0   0   0   0  0   0
261   28   봉중근   LG     -   6   0   0   0   0   0   0  0   0   0   0  0   0
262   28   신승현   LG     -   1   0   0   0   0   0   0  0   0   0   0  0   0
263   28   유원상   LG     -   1   0   0   0   0   0   0  0   0   0   0  0   0
264   28   이동현   LG     -   4   0   0   0   0   0   0  0   0   0   0  0   0
265   28   이준형   LG     -   1   0   0   0   0   0   0  0   0   0   0  0   0
266   28   조윤준   LG     0   7   8   8   0   0   0   0  0   0   0   0  0   0
267   28   진해수   LG     -   1   0   0   0   0   0   0  0   0   0   0  0   0
268   28   최동환   LG     -   1   0   0   0   0   0   0  0   0   0   0  0   0
269    1   테임즈   NC 0.376 104 444 356 104 134  30   5 37 285 107   0  5  72
270    2   박광열   NC 0.316  30  20  19   2   6   1   0  0   7   3   0  1   1
271    3   나성범   NC 0.316 106 459 412  81 130  23   2 19 214  87   2  7  44
272    4   박민우   NC 0.308 103 452 386  78 119  23   5  2 158  31   2  4  30
273    5   김종호   NC   0.3 104 402 353  76 106  16   5  4 144  32  10  2  25
274    6   김성욱   NC 0.297  89 123 111  22  33   6   0  2  45  17   0  0   8
275    7   이호준   NC 0.295  99 404 353  36 104  23   0 19 184  90   3  2  42
276    8   지석훈   NC 0.276 101 349 312  35  86  11   0  6 115  31   7  3  17
277    9   조영훈   NC 0.269  72  88  78  12  21   4   0  5  40  19   1  1   9
278   10   이종욱   NC 0.268 102 416 365  53  98  21   2  3 132  40   3  2  26
279   11   김태군   NC 0.257 106 349 315  27  81  18   0  4 111  38   7  7  22
280   12   모창민   NC 0.257  70 158 144  14  37  11   0  4  60  22   2  1  15
281   13   조평호   NC  0.25  10   8   8   2   2   1   0  0   3   0   0  0   1
282   14   용덕한   NC  0.23  68 139 122  12  28   6   0  1  37  13   5  0   7
283   15   최재원   NC 0.229  82  57  48  20  11   4   0  1  18   8   1  0   5
284   16   손시헌   NC 0.226 102 370 318  40  72  18   2  7 115  45  11  4  27
285   17   윤병호   NC 0.125   7   8   8   0   1   0   0  0   1   0   0  0   0
286   18   노진혁   NC 0.097  52  33  31   3   3   2   0  0   5   1   1  0   2
287   19   강민국   NC     0   1   2   2   0   0   0   0  0   0   0   0  0   0
288   19   강장산   NC     -   2   0   0   0   0   0   0  0   0   0   0  0   0
289   19   고창성   NC     -   1   0   0   0   0   0   0  0   0   0   0  0   0
290   19   김태진   NC     0   1   3   3   0   0   0   0  0   0   0   0  0   0
291   19   마낙길   NC     -   1   0   0   0   0   0   0  0   0   0   0  0   0
292   19   민성기   NC     -   3   0   0   0   0   0   0  0   0   0   0  0   0
293   19   박정준   NC     0   2   2   2   0   0   0   0  0   0   0   0  0   0
294   19   손민한   NC     -   1   0   0   0   0   0   0  0   0   0   0  0   0
295   19   이민호   NC     -   1   0   0   0   0   0   0  0   0   0   0  0   0
296   19   이창섭   NC     0   8   3   2   0   0   0   0  0   0   0   0  0   0
297   19   이태양   NC     -   1   0   0   0   0   0   0  0   0   0   0  0   0
298   19   이혜천   NC     -   2   0   0   0   0   0   0  0   0   0   0  0   0
299   19   임정호   NC     -   1   0   0   0   0   0   0  0   0   0   0  0   0
300   19   임창민   NC     -   1   0   0   0   0   0   0  0   0   0   0  0   0
301   19   최금강   NC     -   1   0   0   0   0   0   0  0   0   0   0  0   0
302   19   황윤호   NC     0  10   6   5   2   0   0   0  0   0   0   0  0   0
303    1   이진석   SK   0.5   4   2   2   1   1   0   0  0   1   0   0  0   0
304    2   홍명찬   SK 0.333   5   3   3   0   1   0   0  0   1   0   0  0   0
305    3   이명기   SK 0.326  96 409 365  65 119  21   1  1 145  23   9  3  23
306    4     최정   SK 0.312  68 287 237  37  74  16   0 14 132  49   1  2  30
307    5   최정민   SK 0.308   7  15  13   1   4   0   0  0   4   2   1  0   0
308    6   김연훈   SK 0.297  26  45  37   3  11   1   0  1  15   1   4  0   2
309    7   이재원   SK 0.296  99 417 361  45 107  15   1 11 157  86   0  4  27
310    8   김성현   SK 0.286  87 296 269  29  77  11   0  6 106  29   5  1  17
311    9     허웅   SK 0.286  13  16  14   2   4   1   0  0   5   3   0  0   1
312   10   박정권   SK 0.281  82 336 295  40  83  20   0 12 139  42   3  0  32
313   11   조동화   SK  0.28  89 227 182  29  51   4   1  2  63  14  18  2   7
314   12   정의윤   SK 0.274  49 129 113  12  31   4   0  3  44  23   0  1   7
315   13   김강민   SK 0.267  55 216 195  31  52  11   0  3  72  19   0  0  14
316   13   브라운   SK 0.267  98 408 345  62  92  14   2 24 182  60   0  1  40
317   15   나주환   SK 0.262  73 216 195  24  51  11   0  3  71  16   9  1  14
318   16   박진만   SK 0.259  63 137 112  11  29   3   0  2  38  11   2  0   5
319   17   정상호   SK 0.252  78 248 214  29  54   9   1  8  89  38   6  0  18
320   18   유서준   SK  0.25   7   5   4   3   1   0   0  0   1   0   0  0   0
321   19   박재상   SK 0.249  74 214 185  26  46   8   2  5  73  25   2  1  15
322   20   박계현   SK  0.24  75 241 208  23  50   2   0  0  52  18  11  1   2
323   21   윤중환   SK  0.24  15  28  25   1   6   0   0  1   9   4   0  0   1
324   22   김민식   SK 0.167  23  26  24   4   4   0   0  0   4   0   0  0   0
325   22   이대수   SK 0.167  11  21  18   1   3   1   0  0   4   1   2  0   1
326   24     박윤   SK 0.087  11  25  23   1   2   0   0  0   2   0   1  0   0
327   25   김재현   SK 0.071  25  15  14   8   1   0   1  0   3   0   0  0   1
328   26   안정광   SK 0.067   8  15  15   0   1   0   0  0   1   1   0  0   0
329   27   고효준   SK     -   1   0   0   0   0   0   0  0   0   0   0  0   0
330   27   박정배   SK     -   1   0   0   0   0   0   0  0   0   0   0  0   0
331   27   박철우   SK     -   4   0   0   0   0   0   0  0   0   0   0  0   0
332   27   서진용   SK     -   1   0   0   0   0   0   0  0   0   0   0  0   0
333   27   신재웅   SK     -   1   0   0   0   0   0   0  0   0   0   0  0   0
334   27   이재영   SK     -   1   0   0   0   0   0   0  0   0   0   0  0   0
335   27   이창욱   SK     -   1   0   0   0   0   0   0  0   0   0   0  0   0
336   27   이한진   SK     -   1   0   0   0   0   0   0  0   0   0   0  0   0
337   27   정우람   SK     -   4   0   0   0   0   0   0  0   0   0   0  0   0
     GO  AO GO.AO GW.RBI BB.K P.PA  ISOP    XR   GPA
1    97  95  1.02      7    1    4  0.25  88.4 0.351
2    70  74  0.95     10 0.42 4.07 0.383 113.3 0.378
3     2   0     -      0 0.25  4.7     0   1.3 0.263
4    73  67  1.09      6  0.3 3.89 0.174  47.9 0.293
5     6   2     3      0 0.29 4.08 0.091   4.2 0.271
6    95 105   0.9      2 0.45 3.98  0.17  61.1 0.287
7    60  57  1.05      1 0.78 4.19 0.155  38.2 0.293
8    96  84  1.14      5 0.63 3.85 0.189  59.2 0.292
9    39  75  0.52      1 0.31 4.14 0.251  58.8 0.304
10   80 106  0.75      3 0.46 4.22 0.204  66.8 0.285
11    1   3  0.33      0 0.22 3.52     0   2.3 0.241
12   78  61  1.28     11 0.36 3.69 0.165  44.1 0.265
13    9  12  0.75      0 0.18 3.69 0.114   5.5 0.240
14   36  26  1.38      0 0.56 3.59 0.038  10.6 0.219
15   70  45  1.56      1    2 3.51 0.114  20.4 0.241
16   27  30   0.9      1 0.31 4.01  0.14  14.0 0.237
17    4   2     2      0    0 2.83     0   0.7 0.175
18   46  44  1.05      4 0.61 4.26  0.18  28.1 0.268
19    6   8  0.75      0  0.4 3.78     0   1.6 0.193
20   14  10   1.4      1 0.29 4.58 0.127   6.4 0.200
21    1   6  0.17      0 0.36 4.17  0.16   1.9 0.215
22    1   0     -      0    -    7     0   0.3 0.225
23    0   0     -      0    -    -     -   0.0 0.000
24    0   0     -      0    -    -     -   0.0 0.000
25    6  11  0.55      1 0.31 3.71 0.149   8.9 0.323
26   56 113   0.5      9 0.57 3.77 0.222  70.8 0.330
27   91  92  0.99      3 0.66 3.84 0.149  64.9 0.300
28   17  23  0.74      2 0.62 3.48 0.215  16.0 0.318
29   72 109  0.66      4 1.31 3.88 0.105  52.2 0.288
30   81  63  1.29      1 0.62 3.61 0.088  33.3 0.265
31  107 112  0.96     10 1.31 3.51 0.174  74.0 0.308
32   21  19  1.11      2  0.5 3.77 0.323  19.9 0.326
33   89  78  1.14      5 0.48 4.14 0.165  51.6 0.271
34  126  80  1.58      3  0.7 3.74  0.08  43.6 0.245
35   42  71  0.59      4 0.46 3.76 0.208  34.4 0.268
36   65  57  1.14      3  0.8 4.01 0.073  27.1 0.243
37   52  46  1.13      1    1    4  0.09  16.3 0.233
38   51  38  1.34      3 0.78 3.49 0.163  19.0 0.241
39    7   8  0.88      2  0.6 3.97  0.12   3.7 0.240
40   44  36  1.22      2 0.56 3.86  0.19  22.5 0.257
41   11   6  1.83      0  0.5  3.9     0   3.2 0.199
42    6   6     1      0  0.4 3.52 0.211   2.8 0.237
43   23  23     1      0 0.08 3.62 0.029   2.3 0.160
44    4   4     1      0 0.43  3.9 0.278   2.1 0.240
45    1   7  0.14      0  0.5 3.63 0.214   1.2 0.202
46   10   9  1.11      0 0.33 3.83 0.111   0.9 0.131
47    0   0     -      0    -    -     -   0.0 0.000
48    0   0     -      0    0    6     0  -0.1 0.000
49    0   0     -      0    -    -     -   0.0 0.000
50    0   0     -      0    -    -     -   0.0 0.000
51   62  59  1.05      7 0.67 4.26 0.347  75.7 0.362
52   84  43  1.95      5 0.67 4.22 0.155  54.9 0.300
53  103  74  1.39      6 0.49 4.05 0.258  79.9 0.315
54   84 114  0.74      5 0.33 3.72 0.258  72.1 0.296
55   98  65  1.51      5 0.78 4.51 0.196  75.9 0.314
56   72  46  1.57      1 0.53 3.78 0.065  26.2 0.246
57   97  87  1.11      1 0.54 4.05 0.103  52.3 0.265
58   28  12  2.33      0 0.25 3.83 0.157  14.1 0.266
59   26  15  1.73      1 0.24  3.3   0.1   8.0 0.233
60   14   7     2      2 0.21 3.88 0.125   5.0 0.240
61   91  70   1.3      5 0.19 3.44 0.106  24.2 0.225
62    6   5   1.2      0 0.25 3.97 0.038   1.9 0.221
63   16  13  1.23      0 0.17 3.12 0.043   3.3 0.196
64   39  45  0.87      2 0.14 3.64 0.136  22.1 0.228
65   23  25  0.92      3 0.45 3.91 0.078  14.2 0.243
66   68  52  1.31      0 0.39 3.63 0.072  16.1 0.201
67    7   4  1.75      0    1 4.18     0   1.5 0.205
68   18  10   1.8      0 0.17 4.13 0.125   5.8 0.195
69    3   5   0.6      0 0.25 3.81     0   0.7 0.147
70   18  10   1.8      1 0.44 4.52 0.096   3.8 0.183
71    1   0     -      0    0 4.63     0  -0.2 0.088
72   14   9  1.56      0 0.46    4     0   0.2 0.136
73    4   0     -      0    0 3.38     0  -0.3 0.056
74    0   0     -      0    -    -     -   0.0 0.000
75    2   0     -      0    0  3.6     0  -0.5 0.000
76    0   0     -      0    -    -     -   0.0 0.000
77    0   0     -      0    -    -     -   0.0 0.000
78    5   1     5      0    1 3.44     0   0.0 0.100
79    0   0     -      0    -    -     -   0.0 0.000
80    0   0     -      0    -    -     -   0.0 0.000
81   89 113  0.79      8 0.69 3.89 0.229  78.8 0.322
82   80  92  0.87      2 0.55 3.96  0.18  71.5 0.313
83   46  39  1.18      5 0.42 3.88 0.103  34.7 0.287
84   20  18  1.11      1 0.44 3.82 0.162  10.7 0.281
85   79  85  0.93      8 0.77 4.21  0.22  78.2 0.329
86   87 120  0.73     15  0.7 4.04  0.26  86.6 0.325
87   90  62  1.45      2 0.35 3.16 0.051  31.2 0.243
88   78  43  1.81      3 0.73 3.95 0.183  38.6 0.291
89  117  60  1.95      5 0.46 3.97 0.075  56.7 0.259
90  112 136  0.82      7 1.16  4.2 0.291  88.7 0.310
91   20  12  1.67      1  0.6  4.6 0.072   9.5 0.251
92  101 106  0.95      4 0.76 3.74 0.121  44.4 0.241
93   22  14  1.57      2 0.05 3.53 0.125   5.5 0.201
94    5   2   2.5      0  0.3 4.35 0.091   2.4 0.235
95    7  10   0.7      0    0 3.17 0.029   1.7 0.151
96   21  18  1.17      0  0.9 4.13 0.049   4.3 0.197
97   10  18  0.56      0 0.29 4.05  0.04   2.5 0.156
98    4   6  0.67      0  0.5 3.88     0   0.3 0.126
99    8   5   1.6      1  0.1  3.5     0  -1.1 0.072
100   2   1     2      0 0.33 3.25     0   0.1 0.113
101   0   3     0      0  0.5 6.33     0  -0.1 0.075
102   0   0     -      0    -    -     -   0.0 0.000
103   0   0     -      0    -    -     -   0.0 0.000
104   3   1     3      0    0 3.86     0  -0.5 0.000
105   0   0     -      0    -    -     -   0.0 0.000
106   3   0     -      0 0.33 4.29     0   2.8 0.312
107  13  10   1.3      0  0.8 3.53 0.044   7.7 0.299
108  56  47  1.19      8 0.57 4.09 0.194  53.0 0.333
109 137  74  1.85      3 1.55 3.94  0.09  69.3 0.296
110  91  56  1.63      9 1.46 4.24 0.272  81.3 0.370
111 113  63  1.79     11 0.98 3.61 0.128  55.1 0.291
112  15  13  1.15      0 0.33 3.98  0.02   5.4 0.233
113  47  43  1.09      4 0.63 4.14 0.226  49.2 0.318
114  31  19  1.63      2 0.29 4.06  0.04  10.9 0.231
115  74  52  1.42      3 0.79 4.09  0.07  34.3 0.261
116  11   6  1.83      1  0.5 3.93 0.061   5.3 0.266
117  30  28  1.07      0 0.35 3.41 0.088  13.8 0.241
118  37  31  1.19      3 0.19 3.85 0.176  26.0 0.255
119   2   2     1      0    0 4.17 0.083   0.9 0.196
120  14   8  1.75      0 0.47 3.94 0.082   5.0 0.240
121  12   5   2.4      0 0.18 3.61 0.054   3.0 0.209
122  10   9  1.11      0 0.13 4.04 0.043   3.7 0.206
123  33  62  0.53      0 0.63 4.06 0.249  28.2 0.271
124  59  59     1      1 0.39 3.88 0.034  15.1 0.190
125  68  64  1.06      1 0.24 3.93 0.079  18.7 0.196
126  10   9  1.11      1 0.19 4.04 0.143   6.4 0.211
127  45  33  1.36      0 0.21 3.55 0.119  15.2 0.200
128  25  20  1.25      0 0.19 3.93 0.115   6.3 0.195
129  38  30  1.27      0 0.23 3.54 0.025   5.9 0.157
130   4   5   0.8      0  1.5 4.38 0.091   1.7 0.209
131   6   7  0.86      0  0.2 3.58 0.091   1.3 0.181
132  20  15  1.33      0 0.18 3.39 0.071   2.8 0.179
133  29  24  1.21      1 0.41 3.47 0.023   3.7 0.149
134   0   0     -      0    0    7     0  -0.1 0.000
135   0   0     -      0    -    -     -   0.0 0.000
136   0   0     -      0    -    -     -   0.0 0.000
137   1   0     -      0    -    5     0  -0.1 0.000
138   0   0     -      0    -    -     -   0.0 0.000
139   0   0     -      0    0    4     0  -0.2 0.000
140   0   0     -      0    -    -     -   0.0 0.000
141   2   1     2      0    - 5.67     0   0.2 0.000
142   0   0     -      0    -    -     -   0.0 0.000
143   0   1     0      0    -    5     0  -0.1 0.000
144   0   1     0      0    0    3     0  -0.2 0.000
145   2   2     1      0    0 2.92 0.333   3.2 0.433
146  52  60  0.87      6 0.39 3.79  0.25  49.4 0.324
147 101 113  0.89     12 0.54 3.58 0.194  71.1 0.299
148  43  37  1.16      3 0.16 4.05 0.129  27.4 0.260
149  56  35   1.6      2 0.43 4.09 0.134  30.5 0.265
150   9  15   0.6      0  0.3 3.51 0.021   4.2 0.224
151  70 100   0.7      4 0.53 3.98 0.242  56.7 0.287
152  56  51   1.1      2 1.78 4.41 0.168  33.7 0.289
153  49  42  1.17      3 0.23 4.05 0.111  23.7 0.243
154  33  27  1.22      1 0.65 4.27 0.168  21.1 0.272
155  21  15   1.4      0 0.27 3.95 0.059   6.2 0.209
156  19  14  1.36      3 0.37 4.69 0.295  13.9 0.284
157  37  24  1.54      2 0.47 3.85 0.096   9.7 0.218
158  55  61   0.9      1 0.46  4.2 0.128  30.3 0.249
159  60  42  1.43      1 0.22  3.9 0.077  21.2 0.207
160  55  40  1.38      1 0.33  4.2 0.093  16.5 0.207
161  33  51  0.65      7 0.21 3.48 0.229  22.6 0.239
162  77  63  1.22      0 0.29 3.91 0.051  16.5 0.184
163  21  15   1.4      0 1.11 4.15 0.043   8.6 0.237
164   6   9  0.67      0 0.22 3.61     0   1.5 0.163
165   9   8  1.13      0 1.11 4.18 0.031   4.7 0.239
166   8   7  1.14      0  0.5 3.88     0   0.6 0.152
167  12  10   1.2      1 0.14 3.95 0.029   1.3 0.147
168   2   1     2      0    0 5.86     0   0.4 0.170
169   7   7     1      0    0 3.74 0.056   0.1 0.089
170  12  11  1.09      0  0.3 4.24 0.027   0.7 0.122
171  15   5     3      0 0.14 3.52     0  -0.7 0.096
172   2   2     1      0 0.33 4.92 0.091   0.5 0.149
173   9   6   1.5      0    0 3.96     0  -1.5 0.032
174   0   0     -      0    -    -     -   0.0 0.000
175   0   0     -      0    -    -     -   0.0 0.000
176   0   0     -      0    -    -     -   0.0 0.000
177   0   0     -      0    -    -     -   0.0 0.000
178   0   0     -      0    -    -     -   0.0 0.000
179   0   0     -      0    -    -     -   0.0 0.000
180   0   0     -      0    0    3     0  -0.1 0.000
181   0   0     -      0    -    -     -   0.0 0.000
182   0   0     -      0    -    -     -   0.0 0.000
183   0   0     -      0    -    -     -   0.0 0.000
184   0   0     -      0    -    -     -   0.0 0.000
185   0   0     -      0    -    -     -   0.0 0.000
186   0   0     -      0    -    -     -   0.0 0.000
187   0   0     -      0    -    -     -   0.0 0.000
188   0   0     -      0    -    -     -   0.0 0.000
189   0   1     0      0    0    4     0  -0.2 0.000
190   0   1     0      0    -    1     0   0.4 0.350
191  54  90   0.6      5 0.78 3.61 0.253  66.4 0.345
192  20  24  0.83      3 0.37 3.82 0.257  24.7 0.337
193  46  32  1.44      4 1.82 4.23 0.169  23.3 0.295
194 178  48  3.71      1 0.54  3.7 0.052  55.8 0.247
195  31  19  1.63      0 1.07 4.44 0.044  13.2 0.262
196  40  21   1.9      0 0.48 3.96 0.059  14.4 0.248
197  77  78  0.99      4 0.67  4.3 0.207  66.4 0.302
198  26  27  0.96      1 0.08 3.46  0.19  14.6 0.248
199  93  85  1.09      9 0.45  3.9  0.15  45.9 0.255
200  50  47  1.06      1 0.32 4.19 0.117  29.9 0.250
201 110  72  1.53      2  0.4 4.02 0.216  57.0 0.276
202  27  22  1.23      2 0.23 3.96 0.126  16.9 0.245
203  28  13  2.15      0 0.47 3.67 0.079   7.4 0.232
204  68  41  1.66      1 0.32 3.91 0.063  24.5 0.230
205   8  12  0.67      0 0.15 3.12 0.114   3.9 0.218
206   1   1     1      0    0 4.25     0   0.2 0.175
207  23  16  1.44      0    0 3.32 0.014   3.9 0.174
208   5   7  0.71      0    1 3.89     0   1.5 0.201
209  16   8     2      0 0.33  3.4 0.051   2.5 0.191
210  13   9  1.44      0  0.5 4.26 0.083   2.9 0.203
211  42  24  1.75      0 0.67 4.41 0.094  14.9 0.226
212  14  11  1.27      0 0.81 4.52 0.059   6.0 0.230
213  15  16  0.94      0 0.27 3.57 0.125   4.5 0.184
214  34  33  1.03      1 0.07 3.55 0.077   2.6 0.145
215   3   4  0.75      0    0 3.72 0.056   0.3 0.131
216   0   3     0      0    0 3.33     0   0.0 0.117
217   4   6  0.67      0 0.17  3.4 0.053   0.6 0.143
218   3   5   0.6      0 0.33 3.54     0  -0.2 0.090
219  15  14  1.07      0 0.06 3.75 0.078  -0.5 0.090
220   0   0     -      0    -    -     -   0.0 0.000
221   0   0     -      0    -    -     -   0.0 0.000
222   0   0     -      0    -    -     -   0.0 0.000
223   0   0     -      0    -    -     -   0.0 0.000
224   0   0     -      0    -    -     -   0.0 0.000
225   0   0     -      0    -    -     -   0.0 0.000
226   0   0     -      0    -    -     -   0.0 0.000
227   1   0     -      0    0  2.5     0   0.1 0.113
228   0   0     -      0    -    -     -   0.0 0.000
229   0   0     -      0    -    -     -   0.0 0.000
230   0   1     0      0    -    6     -   0.4 0.000
231   0   0     -      0    -    -     -   0.0 0.000
232   0   0     -      0    -    -     -   0.0 0.000
233   1   0     -      0    -    3     0   0.4 0.350
234  11   7  1.57      2  0.5 3.98 0.244  12.0 0.387
235  24  20   1.2      3 0.39 4.38 0.196  21.3 0.311
236   8  10   0.8      0    1 3.39 0.129   5.1 0.285
237  94 103  0.91      5 0.49 3.84 0.182  58.4 0.281
238  86  73  1.18      5 0.85 3.98 0.134  54.3 0.292
239  10   8  1.25      0 0.08 4.06 0.183   8.3 0.264
240  47  87  0.54      2 0.29 3.97 0.145  32.3 0.249
241   7   5   1.4      0  0.2 3.84 0.045   2.5 0.224
242  94  99  0.95      6 0.55 4.31 0.153  58.6 0.263
243  63  61  1.03      4 0.75  3.9 0.095  29.1 0.250
244  44  54  0.81      2 0.27 3.74 0.138  21.6 0.243
245  25  18  1.39      2  0.2  3.6 0.057   5.9 0.202
246  39  31  1.26      2 0.31 3.95 0.178  17.3 0.249
247  51  39  1.31      1 0.58 4.11 0.041  18.8 0.229
248  36  71  0.51      1 0.42 3.98 0.044  16.6 0.212
249  48  43  1.12      1 0.52 4.23 0.204  39.5 0.279
250  21  49  0.43      2 0.13 3.83 0.159  13.7 0.216
251  44  31  1.42      0 0.44  3.6 0.062  12.3 0.211
252  27  17  1.59      1 0.31  3.6 0.125   5.7 0.204
253  43  53  0.81      1  0.4 4.18 0.147  19.8 0.225
254   8   1     8      0  0.5  4.4 0.143   1.2 0.209
255  39  41  0.95      2 0.22 3.97 0.104  15.6 0.202
256  37  25  1.48      1  0.2 4.18 0.063   9.0 0.179
257   7   2   3.5      0    0 3.81 0.143   0.4 0.136
258   4   4     1      0    0 4.08     0  -0.3 0.058
259   7  11  0.64      0 0.57 4.35     0   0.5 0.107
260   0   0     -      0    -    -     -   0.0 0.000
261   0   0     -      0    -    -     -   0.0 0.000
262   0   0     -      0    -    -     -   0.0 0.000
263   0   0     -      0    -    -     -   0.0 0.000
264   0   0     -      0    -    -     -   0.0 0.000
265   0   0     -      0    -    -     -   0.0 0.000
266   4   0     -      0    0 3.25     0  -1.1 0.000
267   0   0     -      0    -    -     -   0.0 0.000
268   0   0     -      0    -    -     -   0.0 0.000
269  56 101  0.55      9 1.09 3.94 0.424 120.6 0.420
270   7   3  2.33      1    0  3.5 0.053   1.7 0.227
271  96  96     1     14 0.24 3.64 0.204  79.0 0.295
272 104  91  1.14      1 0.62 4.15 0.101  68.0 0.281
273 128  64     2      5 0.58 3.79 0.108  54.9 0.265
274  16  29  0.55      0 0.27 3.59 0.108  15.7 0.266
275  97  74  1.31      5 0.55 3.99 0.227  62.5 0.299
276  98  65  1.51      4 0.29 3.67 0.093  39.5 0.241
277  18  19  0.95      2 0.38 4.05 0.244  14.1 0.278
278  99 109  0.91      6 0.72 3.91 0.093  49.4 0.248
279  87  91  0.96      3 0.19 3.66 0.095  33.5 0.221
280  32  33  0.97      0 0.26 3.79  0.16  18.7 0.243
281   1   2   0.5      0    0 3.88 0.125   0.7 0.206
282  51  20  2.55      1 0.35 3.35 0.074  11.7 0.210
283  11  12  0.92      0 0.43 3.96 0.146   7.7 0.246
284 109  89  1.22      6 0.48 3.63 0.135  36.7 0.227
285   4   0     -      0    0 4.13     0  -0.2 0.088
286   9  12  0.75      0 0.14 3.97 0.065  -0.3 0.097
287   0   1     0      0    0  4.5     0  -0.2 0.000
288   0   0     -      0    -    -     -   0.0 0.000
289   0   0     -      0    -    -     -   0.0 0.000
290   3   0     -      0    -    4     0  -0.3 0.000
291   0   0     -      0    -    -     -  -0.3 0.000
292   0   0     -      0    -    -     -   0.0 0.000
293   1   0     -      0    0  3.5     0  -0.2 0.000
294   0   0     -      0    -    -     -   0.0 0.000
295   0   0     -      0    -    -     -   0.0 0.000
296   0   1     0      0    1 4.67     0   0.2 0.150
297   0   0     -      0    -    -     -   0.0 0.000
298   0   0     -      0    -    -     -   0.0 0.000
299   0   0     -      0    -    -     -   0.0 0.000
300   0   0     -      0    -    -     -   0.0 0.000
301   0   0     -      0    -    -     -   0.0 0.000
302   1   3  0.33      0    1  3.5     0  -0.1 0.075
303   0   0     -      0    0  6.5     0   0.1 0.350
304   0   0     -      0    0 3.33     0   0.3 0.233
305 120  69  1.74      0 0.43 3.87 0.071  52.4 0.269
306  33  68  0.49      7 0.67 4.22 0.245  54.6 0.330
307   5   1     5      0 0.33  3.6     0   1.5 0.238
308  10   9  1.11      0 0.43  3.4 0.108   5.5 0.266
309  85 107  0.79     11 0.67 3.66 0.139  57.4 0.280
310  84  77  1.09      3 0.59 3.54 0.108  32.1 0.250
311   1   7  0.14      0    1 3.88 0.071   2.0 0.258
312  70  60  1.17      2 0.45 4.07  0.19  47.8 0.281
313  55  37  1.49      1 0.54 4.18 0.066  28.5 0.250
314  22  35  0.63      2 0.38 3.83 0.115  15.6 0.258
315  47  45  1.04      5 0.31 3.88 0.103  23.0 0.244
316  97  70  1.39      8 0.63 3.95 0.261  67.3 0.302
317  52  55  0.95      2 0.26 3.95 0.103  19.0 0.226
318  24  41  0.59      1 1.17 4.15  0.08  15.5 0.258
319  50  48  1.04      3 0.24 3.88 0.164  31.4 0.257
320   0   2     0      0    1  3.8     0   0.6 0.243
321  49  53  0.92      3 0.61 4.34 0.146  26.5 0.252
322  81  42  1.93      0 0.47 3.77  0.01  18.8 0.202
323   8   5   1.6      0  0.5 4.43  0.12   2.9 0.234
324  11   7  1.57      0    1 3.73     0   0.1 0.146
325   2   4   0.5      0 0.11 3.67 0.056   0.0 0.150
326   8   3  2.67      0    0  3.4     0  -1.0 0.078
327   6   2     3      0    0 4.33 0.143   0.2 0.113
328   4   4     1      0    0  3.6     0  -0.8 0.047
329   0   0     -      0    -    -     -   0.0 0.000
330   0   0     -      0    -    -     -   0.0 0.000
331   0   0     -      0    -    -     -   0.0 0.000
332   0   0     -      0    -    -     -   0.0 0.000
333   0   0     -      0    -    -     -   0.0 0.000
334   0   0     -      0    -    -     -   0.0 0.000
335   0   0     -      0    -    -     -   0.0 0.000
336   0   0     -      0    -    -     -   0.0 0.000
337   0   0     -      0    -    -     -   0.0 0.000
> str(DF)
'data.frame':	337 obs. of  26 variables:
 $ 순위  : int  1 2 3 4 5 6 7 8 9 10 ...
 $ 선수명: chr  "유한준" "박병호" "홍성갑" "고종욱" ...
 $ 팀명  : chr  "넥센" "넥센" "넥센" "넥센" ...
 $ AVG   : chr  "0.364" "0.349" "0.333" "0.324" ...
 $ G     : int  101 106 7 85 44 96 68 99 79 103 ...
 $ PA    : int  436 476 10 328 26 405 253 389 339 436 ...
 $ AB    : int  376 410 9 299 22 370 219 333 295 383 ...
 $ R     : int  82 100 0 59 17 53 40 52 62 68 ...
 $ H     : int  137 143 3 97 7 117 68 100 87 110 ...
 $ X2B   : int  35 29 0 22 2 21 10 22 21 28 ...
 $ X3B   : int  1 1 0 3 0 0 0 1 1 4 ...
 $ HR    : int  19 42 0 8 0 14 8 13 17 14 ...
 $ TB    : int  231 300 3 149 9 180 102 163 161 188 ...
 $ RBI   : int  84 111 2 40 3 65 21 67 53 57 ...
 $ SAC   : int  0 0 0 3 2 0 1 5 3 3 ...
 $ SF    : int  6 3 0 1 0 3 2 6 3 4 ...
 $ XBH   : int  55 72 0 33 2 35 18 36 39 46 ...
 $ GO    : int  97 70 2 73 6 95 60 96 39 80 ...
 $ AO    : int  95 74 0 67 2 105 57 84 75 106 ...
 $ GO.AO : chr  "1.02" "0.95" "-" "1.09" ...
 $ GW.RBI: int  7 10 0 6 0 2 1 5 1 3 ...
 $ BB.K  : chr  "1" "0.42" "0.25" "0.3" ...
 $ P.PA  : chr  "4" "4.07" "4.7" "3.89" ...
 $ ISOP  : chr  "0.25" "0.383" "0" "0.174" ...
 $ XR    : num  88.4 113.3 1.3 47.9 4.2 ...
 $ GPA   : num  0.351 0.378 0.263 0.293 0.271 0.287 0.293 0.292 0.304 0.285 ...
> cor(DF$H, DF$HR)
[1] 0.7815465
> plot(HR~H, data=DF, pch=20, col="grey",cex=1.5)
> Lm <- lm(H~HR, data=DF) 
> LM

Call:
lm(formula = HR ~ H, data = DF)

Coefficients:
(Intercept)            H  
  -172.3105       0.2871  

> Lm

Call:
lm(formula = H ~ HR, data = DF)

Coefficients:
(Intercept)           HR  
     14.257        4.774  

> abline(Lm, lwd=2, col="red")
> mtcars
                     mpg cyl  disp  hp drat    wt  qsec vs am gear carb
Mazda RX4           21.0   6 160.0 110 3.90 2.620 16.46  0  1    4    4
Mazda RX4 Wag       21.0   6 160.0 110 3.90 2.875 17.02  0  1    4    4
Datsun 710          22.8   4 108.0  93 3.85 2.320 18.61  1  1    4    1
Hornet 4 Drive      21.4   6 258.0 110 3.08 3.215 19.44  1  0    3    1
Hornet Sportabout   18.7   8 360.0 175 3.15 3.440 17.02  0  0    3    2
Valiant             18.1   6 225.0 105 2.76 3.460 20.22  1  0    3    1
Duster 360          14.3   8 360.0 245 3.21 3.570 15.84  0  0    3    4
Merc 240D           24.4   4 146.7  62 3.69 3.190 20.00  1  0    4    2
Merc 230            22.8   4 140.8  95 3.92 3.150 22.90  1  0    4    2
Merc 280            19.2   6 167.6 123 3.92 3.440 18.30  1  0    4    4
Merc 280C           17.8   6 167.6 123 3.92 3.440 18.90  1  0    4    4
Merc 450SE          16.4   8 275.8 180 3.07 4.070 17.40  0  0    3    3
Merc 450SL          17.3   8 275.8 180 3.07 3.730 17.60  0  0    3    3
Merc 450SLC         15.2   8 275.8 180 3.07 3.780 18.00  0  0    3    3
Cadillac Fleetwood  10.4   8 472.0 205 2.93 5.250 17.98  0  0    3    4
Lincoln Continental 10.4   8 460.0 215 3.00 5.424 17.82  0  0    3    4
Chrysler Imperial   14.7   8 440.0 230 3.23 5.345 17.42  0  0    3    4
Fiat 128            32.4   4  78.7  66 4.08 2.200 19.47  1  1    4    1
Honda Civic         30.4   4  75.7  52 4.93 1.615 18.52  1  1    4    2
Toyota Corolla      33.9   4  71.1  65 4.22 1.835 19.90  1  1    4    1
Toyota Corona       21.5   4 120.1  97 3.70 2.465 20.01  1  0    3    1
Dodge Challenger    15.5   8 318.0 150 2.76 3.520 16.87  0  0    3    2
AMC Javelin         15.2   8 304.0 150 3.15 3.435 17.30  0  0    3    2
Camaro Z28          13.3   8 350.0 245 3.73 3.840 15.41  0  0    3    4
Pontiac Firebird    19.2   8 400.0 175 3.08 3.845 17.05  0  0    3    2
Fiat X1-9           27.3   4  79.0  66 4.08 1.935 18.90  1  1    4    1
Porsche 914-2       26.0   4 120.3  91 4.43 2.140 16.70  0  1    5    2
Lotus Europa        30.4   4  95.1 113 3.77 1.513 16.90  1  1    5    2
Ford Pantera L      15.8   8 351.0 264 4.22 3.170 14.50  0  1    5    4
Ferrari Dino        19.7   6 145.0 175 3.62 2.770 15.50  0  1    5    6
Maserati Bora       15.0   8 301.0 335 3.54 3.570 14.60  0  1    5    8
Volvo 142E          21.4   4 121.0 109 4.11 2.780 18.60  1  1    4    2
> cor(mrcars$hp, mtcars$mpg)
Error in is.data.frame(x) : 객체 'mrcars'를 찾을 수 없습니다
> cor(mtcars$hp, mtcars$mpg)
[1] -0.7761684
> plot(mpg~hp, data=mtcars)
> Lm <- lm(mpg~hp,data=mtcars)
> abline(Lm,col="red"(
+ )
+ )
Error in red() : 함수 "red"를 찾을 수 없습니다
> abline(Lm,col="red")
> Lm

Call:
lm(formula = mpg ~ hp, data = mtcars)

Coefficients:
(Intercept)           hp  
   30.09886     -0.06823  

> option(scipen=999)
Error in option(scipen = 999) : 함수 "option"를 찾을 수 없습니다
> option(scipen=999)
Error in option(scipen = 999) : 함수 "option"를 찾을 수 없습니다
> Lm

Call:
lm(formula = mpg ~ hp, data = mtcars)

Coefficients:
(Intercept)           hp  
   30.09886     -0.06823  

> summary(Lm)

Call:
lm(formula = mpg ~ hp, data = mtcars)

Residuals:
    Min      1Q  Median      3Q     Max 
-5.7121 -2.1122 -0.8854  1.5819  8.2360 

Coefficients:
            Estimate Std. Error t value Pr(>|t|)    
(Intercept) 30.09886    1.63392  18.421  < 2e-16 ***
hp          -0.06823    0.01012  -6.742 1.79e-07 ***
---
Signif. codes:  0 ‘***’ 0.001 ‘**’ 0.01 ‘*’ 0.05 ‘.’ 0.1 ‘ ’ 1

Residual standard error: 3.863 on 30 degrees of freedom
Multiple R-squared:  0.6024,	Adjusted R-squared:  0.5892 
F-statistic: 45.46 on 1 and 30 DF,  p-value: 1.788e-07

> confint
function (object, parm, level = 0.95, ...) 
UseMethod("confint")
<bytecode: 0x7ff8bdcb6040>
<environment: namespace:stats>
> confint(Lm)
                  2.5 %     97.5 %
(Intercept) 26.76194879 33.4357723
hp          -0.08889465 -0.0475619
> par(mfrow=c(2,2))
> plot(Lm)
> Lm.re1 <- lm(y1~x1,data=DF)
> Lm.res2 <- lm(y2~x2,data=DF)
> par(mtrow=c(2,1))
경고메시지(들): 
In par(mtrow = c(2, 1)) : "mtrow"는 그래픽 매개변수가 아닙니다
> DF <- read.csv("example_residuals_checking.csv")
> head(DF,3)
     y1  x1   y2  x2
1  6.44 0.5 9.88 1.7
2 10.19 2.5 5.10 0.8
3  5.03 0.6 7.95 1.3
> Lm.res1 <- lm(y1~x1,data=DF)
> Lm.res1

Call:
lm(formula = y1 ~ x1, data = DF)

Coefficients:
(Intercept)           x1  
      1.155        4.971  

> Lm.res2(y2~x2, data=DF)
Error in Lm.res2(y2 ~ x2, data = DF) : 함수 "Lm.res2"를 찾을 수 없습니다
> Lm.res2 <- ;m(y2~x2, data=DF)
에러: 예기치 않은 ';'입니다 in "Lm.res2 <- ;"
> Lm.res2 <- lm(y2~x2, data=DF)
> Lm.res2

Call:
lm(formula = y2 ~ x2, data = DF)

Coefficients:
(Intercept)           x2  
      1.155        4.971  

> par(mtrow=c(2,1))
경고메시지(들): 
In par(mtrow = c(2, 1)) : "mtrow"는 그래픽 매개변수가 아닙니다
> par(mfrow=c(2,1))
> plot(y1~x1, DF, pch=20, cex=1.5, ylim=c(0,30),main="Data1")
> plot(y2~x2, DF, pch=20, cex=1.5, ylim=c(0,30),main="Data2")
> par(mfrow=c(2,1))
> plot(y1~x1,DF,pch=20,cex=1.5,ylim=c(0,30),main="Data1")
> abline(Lm.res1,col="blue",lwd=2)
> plot(y2~x2,DF,pch=20,cex=1.5,ylim=c(0,30),main="Data2")
> abline(Lm.res2,col="red",lwd=2)
> options(scipen=999)
> summary(Lm.res1)

Call:
lm(formula = y1 ~ x1, data = DF)

Residuals:
    Min      1Q  Median      3Q     Max 
-3.8603 -1.5588 -0.4486  1.1981  5.7548 

Coefficients:
            Estimate Std. Error t value            Pr(>|t|)    
(Intercept)   1.1552     0.6071   1.903               0.063 .  
x1            4.9712     0.2093  23.756 <0.0000000000000002 ***
---
Signif. codes:  0 ‘***’ 0.001 ‘**’ 0.01 ‘*’ 0.05 ‘.’ 0.1 ‘ ’ 1

Residual standard error: 2.2 on 49 degrees of freedom
Multiple R-squared:  0.9201,	Adjusted R-squared:  0.9185 
F-statistic: 564.3 on 1 and 49 DF,  p-value: < 0.00000000000000022

> summary(Lm.res2)

Call:
lm(formula = y2 ~ x2, data = DF)

Residuals:
     Min       1Q   Median       3Q      Max 
-2.43449 -0.72323 -0.03214  0.59951  2.54498 

Coefficients:
            Estimate Std. Error t value             Pr(>|t|)    
(Intercept)   1.1552     0.2925    3.95              0.00025 ***
x2            4.9712     0.1008   49.31 < 0.0000000000000002 ***
---
Signif. codes:  0 ‘***’ 0.001 ‘**’ 0.01 ‘*’ 0.05 ‘.’ 0.1 ‘ ’ 1

Residual standard error: 1.06 on 49 degrees of freedom
Multiple R-squared:  0.9802,	Adjusted R-squared:  0.9798 
F-statistic:  2431 on 1 and 49 DF,  p-value: < 0.00000000000000022

> par(mfrow=c(2,2))
> plot(Lm.res1)
> par(mfrow=c(2,2))
> plot(Lm.res2)
> lm(HR~R+H+AO)
Error in eval(predvars, data, env) : 객체 'HR'를 찾을 수 없습니다
> DF <- mtcars
> Lm <- lm(hp~cyl+wt,data=DF) 
> summary(Lm)

Call:
lm(formula = hp ~ cyl + wt, data = DF)

Residuals:
   Min     1Q Median     3Q    Max 
-53.98 -25.75 -10.93  20.88 130.95 

Coefficients:
            Estimate Std. Error t value  Pr(>|t|)    
(Intercept)  -51.806     26.231  -1.975    0.0579 .  
cyl           31.388      6.343   4.949 0.0000293 ***
wt             1.330     11.577   0.115    0.9093    
---
Signif. codes:  0 ‘***’ 0.001 ‘**’ 0.01 ‘*’ 0.05 ‘.’ 0.1 ‘ ’ 1

Residual standard error: 39.27 on 29 degrees of freedom
Multiple R-squared:  0.6931,	Adjusted R-squared:  0.6719 
F-statistic: 32.75 on 2 and 29 DF,  p-value: 0.00000003641

> DF <- read.csv("example_kbo2015_player.csv")
> DF$H,DF$HR
에러: 예기치 않은 ','입니다 in "DF$H,"
> cor(DF$H, DF$HR)
[1] 0.7815465
> plot(HR~H, data=DF, pch=20, col="grey",cex=1.5)
> Lm <- lm(H~HR, data=DF)
> abline(Lm,lwd=2,col="red")
> head(DF,3)
  순위 선수명 팀명   AVG   G  PA  AB   R   H X2B X3B HR  TB RBI SAC SF XBH GO
1    1 유한준 넥센 0.364 101 436 376  82 137  35   1 19 231  84   0  6  55 97
2    2 박병호 넥센 0.349 106 476 410 100 143  29   1 42 300 111   0  3  72 70
3    3 홍성갑 넥센 0.333   7  10   9   0   3   0   0  0   3   2   0  0   0  2
  AO GO.AO GW.RBI BB.K P.PA  ISOP    XR   GPA
1 95  1.02      7    1    4  0.25  88.4 0.351
2 74  0.95     10 0.42 4.07 0.383 113.3 0.378
3  0     -      0 0.25  4.7     0   1.3 0.263
> DF <- read.csv("example_kopo2015.csv")
> head(DF)
  ranking team   AVG   G   PA   AB   R    H X2B X3B  HR   TB RBI SAC SF  BB IBB
1       1 삼성 0.300 102 4091 3553 634 1066 188  19 127 1673 606  49 44 398  15
2       2 넥센 0.300 102 4151 3620 658 1085 227  12 155 1801 622  40 37 393  13
3       3 두산 0.291  99 3950 3410 570  991 176  16  98 1493 541  51 45 378  17
4       4   NC 0.288 101 3994 3485 591 1002 205  20 110 1577 557  47 36 351  17
5       5 롯데 0.277 104 4082 3557 545  985 176  14 130 1579 515  50 23 395  16
6       6   SK 0.276  99 3888 3373 476  931 146   9  92 1371 451  75 17 360  12
  HBP  SO GDP   SLG   OBP   OPS  MH  RISP PH.BA
1  47 650  78 0.471 0.374 0.845 101 0.300 0.216
2  61 815  79 0.498 0.374 0.872 100 0.294 0.268
3  66 544  95 0.438 0.368 0.806  98 0.284 0.262
4  74 717  65 0.453 0.362 0.815 101 0.296 0.274
5  57 866 105 0.444 0.356 0.800 104 0.272 0.190
6  63 720  73 0.406 0.355 0.761  99 0.277 0.236
> head(DF,3)
  ranking team   AVG   G   PA   AB   R    H X2B X3B  HR   TB RBI SAC SF  BB IBB
1       1 삼성 0.300 102 4091 3553 634 1066 188  19 127 1673 606  49 44 398  15
2       2 넥센 0.300 102 4151 3620 658 1085 227  12 155 1801 622  40 37 393  13
3       3 두산 0.291  99 3950 3410 570  991 176  16  98 1493 541  51 45 378  17
  HBP  SO GDP   SLG   OBP   OPS  MH  RISP PH.BA
1  47 650  78 0.471 0.374 0.845 101 0.300 0.216
2  61 815  79 0.498 0.374 0.872 100 0.294 0.268
3  66 544  95 0.438 0.368 0.806  98 0.284 0.262
> Lm <- lm(HR~TB,data=DF)
> Lm

Call:
lm(formula = HR ~ TB, data = DF)

Coefficients:
(Intercept)           TB  
  -109.2696       0.1441  

> cor(DF$H,DF$HR)
[1] 0.8384116
> plot(HR~H,data=DF, pch=20, col="blue",cex=1.5)
> Lm <- lm(H~HR,data=DF)
> abline(Lm,lwd=2,col="red")
> plot(HR~H,data=DF, pch=20, col="blue",cex=1.5)
> abline(Lm,lwd=2,col="red")
> mtcars
                     mpg cyl  disp  hp drat    wt  qsec vs am gear carb
Mazda RX4           21.0   6 160.0 110 3.90 2.620 16.46  0  1    4    4
Mazda RX4 Wag       21.0   6 160.0 110 3.90 2.875 17.02  0  1    4    4
Datsun 710          22.8   4 108.0  93 3.85 2.320 18.61  1  1    4    1
Hornet 4 Drive      21.4   6 258.0 110 3.08 3.215 19.44  1  0    3    1
Hornet Sportabout   18.7   8 360.0 175 3.15 3.440 17.02  0  0    3    2
Valiant             18.1   6 225.0 105 2.76 3.460 20.22  1  0    3    1
Duster 360          14.3   8 360.0 245 3.21 3.570 15.84  0  0    3    4
Merc 240D           24.4   4 146.7  62 3.69 3.190 20.00  1  0    4    2
Merc 230            22.8   4 140.8  95 3.92 3.150 22.90  1  0    4    2
Merc 280            19.2   6 167.6 123 3.92 3.440 18.30  1  0    4    4
Merc 280C           17.8   6 167.6 123 3.92 3.440 18.90  1  0    4    4
Merc 450SE          16.4   8 275.8 180 3.07 4.070 17.40  0  0    3    3
Merc 450SL          17.3   8 275.8 180 3.07 3.730 17.60  0  0    3    3
Merc 450SLC         15.2   8 275.8 180 3.07 3.780 18.00  0  0    3    3
Cadillac Fleetwood  10.4   8 472.0 205 2.93 5.250 17.98  0  0    3    4
Lincoln Continental 10.4   8 460.0 215 3.00 5.424 17.82  0  0    3    4
Chrysler Imperial   14.7   8 440.0 230 3.23 5.345 17.42  0  0    3    4
Fiat 128            32.4   4  78.7  66 4.08 2.200 19.47  1  1    4    1
Honda Civic         30.4   4  75.7  52 4.93 1.615 18.52  1  1    4    2
Toyota Corolla      33.9   4  71.1  65 4.22 1.835 19.90  1  1    4    1
Toyota Corona       21.5   4 120.1  97 3.70 2.465 20.01  1  0    3    1
Dodge Challenger    15.5   8 318.0 150 2.76 3.520 16.87  0  0    3    2
AMC Javelin         15.2   8 304.0 150 3.15 3.435 17.30  0  0    3    2
Camaro Z28          13.3   8 350.0 245 3.73 3.840 15.41  0  0    3    4
Pontiac Firebird    19.2   8 400.0 175 3.08 3.845 17.05  0  0    3    2
Fiat X1-9           27.3   4  79.0  66 4.08 1.935 18.90  1  1    4    1
Porsche 914-2       26.0   4 120.3  91 4.43 2.140 16.70  0  1    5    2
Lotus Europa        30.4   4  95.1 113 3.77 1.513 16.90  1  1    5    2
Ford Pantera L      15.8   8 351.0 264 4.22 3.170 14.50  0  1    5    4
Ferrari Dino        19.7   6 145.0 175 3.62 2.770 15.50  0  1    5    6
Maserati Bora       15.0   8 301.0 335 3.54 3.570 14.60  0  1    5    8
Volvo 142E          21.4   4 121.0 109 4.11 2.780 18.60  1  1    4    2
> cor(mtcars$hp,mtcars$mpg)
[1] -0.7761684
> plot(mpg~hp,data=mtcars)
> Lm <- lm(mpg~hp,data=mtcars)
> abline(Lm,col="red")
> DF <- read.csv("example_kopo2015.csv") 
> head(DF,3)
  ranking team   AVG   G   PA   AB   R    H X2B X3B  HR   TB RBI SAC SF  BB IBB
1       1 삼성 0.300 102 4091 3553 634 1066 188  19 127 1673 606  49 44 398  15
2       2 넥센 0.300 102 4151 3620 658 1085 227  12 155 1801 622  40 37 393  13
3       3 두산 0.291  99 3950 3410 570  991 176  16  98 1493 541  51 45 378  17
  HBP  SO GDP   SLG   OBP   OPS  MH  RISP PH.BA
1  47 650  78 0.471 0.374 0.845 101 0.300 0.216
2  61 815  79 0.498 0.374 0.872 100 0.294 0.268
3  66 544  95 0.438 0.368 0.806  98 0.284 0.262
> str(DF)
'data.frame':	10 obs. of  26 variables:
 $ ranking: int  1 2 3 4 5 6 7 8 9 10
 $ team   : chr  "삼성" "넥센" "두산" "NC" ...
 $ AVG    : num  0.3 0.3 0.291 0.288 0.277 0.276 0.27 0.27 0.259 0.256
 $ G      : int  102 102 99 101 104 99 102 102 103 100
 $ PA     : int  4091 4151 3950 3994 4082 3888 4037 3988 3984 3835
 $ AB     : int  3553 3620 3410 3485 3557 3373 3404 3498 3491 3362
 $ R      : int  634 658 570 591 545 476 504 466 458 469
 $ H      : int  1066 1085 991 1002 985 931 919 944 905 861
 $ X2B    : int  188 227 176 205 176 146 162 161 171 161
 $ X3B    : int  19 12 16 20 14 9 13 13 16 14
 $ HR     : int  127 155 98 110 130 92 82 87 83 95
 $ TB     : int  1673 1801 1493 1577 1579 1371 1353 1392 1357 1335
 $ RBI    : int  606 622 541 557 515 451 467 443 423 440
 $ SAC    : int  49 40 51 47 50 75 114 62 60 54
 $ SF     : int  44 37 45 36 23 17 27 26 29 23
 $ BB     : int  398 393 378 351 395 360 406 355 347 327
 $ IBB    : int  15 13 17 17 16 12 23 13 17 11
 $ HBP    : int  47 61 66 74 57 63 86 47 57 69
 $ SO     : int  650 815 544 717 866 720 780 799 803 778
 $ GDP    : int  78 79 95 65 105 73 78 75 68 68
 $ SLG    : num  0.471 0.498 0.438 0.453 0.444 0.406 0.397 0.398 0.389 0.397
 $ OBP    : num  0.374 0.374 0.368 0.362 0.356 0.355 0.36 0.343 0.334 0.332
 $ OPS    : num  0.845 0.872 0.806 0.815 0.8 0.761 0.757 0.741 0.723 0.729
 $ MH     : int  101 100 98 101 104 99 102 101 103 100
 $ RISP   : num  0.3 0.294 0.284 0.296 0.272 0.277 0.264 0.259 0.238 0.26
 $ PH.BA  : num  0.216 0.268 0.262 0.274 0.19 0.236 0.196 0.243 0.231 0.214
> Lm <- lm(HR~TB,data=DF)
> Lm

Call:
lm(formula = HR ~ TB, data = DF)

Coefficients:
(Intercept)           TB  
  -109.2696       0.1441  

> summary(Lm)

Call:
lm(formula = HR ~ TB, data = DF)

Residuals:
   Min     1Q Median     3Q    Max 
-7.991 -4.702 -3.498  4.471 11.884 

Coefficients:
              Estimate Std. Error t value  Pr(>|t|)    
(Intercept) -109.26964   24.92619  -4.384   0.00234 ** 
TB             0.14411    0.01661   8.677 0.0000242 ***
---
Signif. codes:  0 ‘***’ 0.001 ‘**’ 0.01 ‘*’ 0.05 ‘.’ 0.1 ‘ ’ 1

Residual standard error: 7.963 on 8 degrees of freedom
Multiple R-squared:  0.9039,	Adjusted R-squared:  0.8919 
F-statistic: 75.28 on 1 and 8 DF,  p-value: 0.00002423

> b <- predict(Lm)
> b
        1         2         3         4         5         6         7         8 
131.82527 150.27126 105.88559 117.99077 118.27899  88.30425  85.71028  91.33055 
        9        10 
 86.28672  83.11632 
> DF$HR[1]
[1] 127
> b[1]
       1 
131.8253 
> Com <- data.frame(team=DF$team, HR=DF$HR,fittedHR=b)
> COm
에러: 객체 'COm'를 찾을 수 없습니다
> Com
   team  HR  fittedHR
1  삼성 127 131.82527
2  넥센 155 150.27126
3  두산  98 105.88559
4    NC 110 117.99077
5  롯데 130 118.27899
6    SK  92  88.30425
7  한화  82  85.71028
8    kt  87  91.33055
9    LG  83  86.28672
10  KIA  95  83.11632
> MewTaem <- data.frame(TB=1600)
> predict(Lm,newData=NewTeam)
        1         2         3         4         5         6         7         8 
131.82527 150.27126 105.88559 117.99077 118.27899  88.30425  85.71028  91.33055 
        9        10 
 86.28672  83.11632 
> predict(Lm,newData=MewTeam)
        1         2         3         4         5         6         7         8 
131.82527 150.27126 105.88559 117.99077 118.27899  88.30425  85.71028  91.33055 
        9        10 
 86.28672  83.11632 
> NewTaem <- data.frame(TB=1600)
> predict(Lm,newData=NewTeam)
        1         2         3         4         5         6         7         8 
131.82527 150.27126 105.88559 117.99077 118.27899  88.30425  85.71028  91.33055 
        9        10 
 86.28672  83.11632 
> DF <- read.csv("example_studentlist.csv")
Error in file(file, "rt") : 커넥션을 열 수 없습니다
추가정보: 경고메시지(들): 
In file(file, "rt") :
  파일 'example_studentlist.csv'를 여는데 실패했습니다: No such file or directory
> DF <- read.csv("example_studenstlist_m.csv")
> Lm <- lm(height~weight, data=DF)
> plot(height~weight,data=DF)
> abline(Lm,col="red")
> summary(Lm)

Call:
lm(formula = height ~ weight, data = DF)

Residuals:
   Min     1Q Median     3Q    Max 
-7.900 -4.856 -1.335  3.612  9.569 

Coefficients:
            Estimate Std. Error t value        Pr(>|t|)    
(Intercept) 143.1724     7.9440  18.023 0.0000000000142 ***
weight        0.4399     0.1278   3.441         0.00364 ** 
---
Signif. codes:  0 ‘***’ 0.001 ‘**’ 0.01 ‘*’ 0.05 ‘.’ 0.1 ‘ ’ 1

Residual standard error: 6.061 on 15 degrees of freedom
Multiple R-squared:  0.4411,	Adjusted R-squared:  0.4039 
F-statistic: 11.84 on 1 and 15 DF,  p-value: 0.003639

> par(mfrow=c(2,2))
> plot(Lm)
> DF <- read.csv("example_kbo2015_player.csv", stringAsFactors=F,na="-")
Error in read.table(file = file, header = header, sep = sep, quote = quote,  : 
  사용되지 않은 인자 (stringAsFactors = FALSE)
> DF <- read.csv("example_kbo2015_player.csv", StringAsFactors=F,na="-")
Error in read.table(file = file, header = header, sep = sep, quote = quote,  : 
  사용되지 않은 인자 (StringAsFactors = FALSE)
> DF <- read.csv("example_kbo2015_player.csv", stringsAsFactors=F,na="-")
> DF$AVG <- as.numberic(DF$GO.AO)
Error in as.numberic(DF$GO.AO) : 함수 "as.numberic"를 찾을 수 없습니다
> DF$AVG <- as.numberic(DF$AVG)
Error in as.numberic(DF$AVG) : 함수 "as.numberic"를 찾을 수 없습니다
> DF$AVG <- as.numberic(DF$AVG)
Error in as.numberic(DF$AVG) : 함수 "as.numberic"를 찾을 수 없습니다
> DF$AVG ← as.numberic(DF$AVG)
에러: 예상하지 못한 입력입니다. in "DF$AVG ←"
> DF$AVG <- as.numberic(DF$AVG)
Error in as.numberic(DF$AVG) : 함수 "as.numberic"를 찾을 수 없습니다
> str(DF)
'data.frame':	337 obs. of  26 variables:
 $ 순위  : int  1 2 3 4 5 6 7 8 9 10 ...
 $ 선수명: chr  "유한준" "박병호" "홍성갑" "고종욱" ...
 $ 팀명  : chr  "넥센" "넥센" "넥센" "넥센" ...
 $ AVG   : num  0.364 0.349 0.333 0.324 0.318 0.316 0.311 0.3 0.295 0.287 ...
 $ G     : int  101 106 7 85 44 96 68 99 79 103 ...
 $ PA    : int  436 476 10 328 26 405 253 389 339 436 ...
 $ AB    : int  376 410 9 299 22 370 219 333 295 383 ...
 $ R     : int  82 100 0 59 17 53 40 52 62 68 ...
 $ H     : int  137 143 3 97 7 117 68 100 87 110 ...
 $ X2B   : int  35 29 0 22 2 21 10 22 21 28 ...
 $ X3B   : int  1 1 0 3 0 0 0 1 1 4 ...
 $ HR    : int  19 42 0 8 0 14 8 13 17 14 ...
 $ TB    : int  231 300 3 149 9 180 102 163 161 188 ...
 $ RBI   : int  84 111 2 40 3 65 21 67 53 57 ...
 $ SAC   : int  0 0 0 3 2 0 1 5 3 3 ...
 $ SF    : int  6 3 0 1 0 3 2 6 3 4 ...
 $ XBH   : int  55 72 0 33 2 35 18 36 39 46 ...
 $ GO    : int  97 70 2 73 6 95 60 96 39 80 ...
 $ AO    : int  95 74 0 67 2 105 57 84 75 106 ...
 $ GO.AO : num  1.02 0.95 NA 1.09 3 0.9 1.05 1.14 0.52 0.75 ...
 $ GW.RBI: int  7 10 0 6 0 2 1 5 1 3 ...
 $ BB.K  : num  1 0.42 0.25 0.3 0.29 0.45 0.78 0.63 0.31 0.46 ...
 $ P.PA  : num  4 4.07 4.7 3.89 4.08 3.98 4.19 3.85 4.14 4.22 ...
 $ ISOP  : num  0.25 0.383 0 0.174 0.091 0.17 0.155 0.189 0.251 0.204 ...
 $ XR    : num  88.4 113.3 1.3 47.9 4.2 ...
 $ GPA   : num  0.351 0.378 0.263 0.293 0.271 0.287 0.293 0.292 0.304 0.285 ...
> DF$GO.AO ← as.numberic(DF$GO.AO)
에러: 예상하지 못한 입력입니다. in "DF$GO.AO ←"
> DF$GO.AO <-  as.numberic(DF$GO.AO)
Error in as.numberic(DF$GO.AO) : 함수 "as.numberic"를 찾을 수 없습니다
> Cors <- cor(DF$HR, DF[,5:length(DF)],use="pairwise,complete.obs")
Error in cor(DF$HR, DF[, 5:length(DF)], use = "pairwise,complete.obs") : 
  유효하지 않은 'use' 인자입니다
> Cors <- cor(DF$HR, DF[,5:length(DF)],ues="pairwise,complete.obs")
Error in cor(DF$HR, DF[, 5:length(DF)], ues = "pairwise,complete.obs") : 
  사용되지 않은 인자 (ues = "pairwise,complete.obs")
> Cors <- cor(DF$HR, DF[,5:length(DF)],use="pairwise,complete.obs")
Error in cor(DF$HR, DF[, 5:length(DF)], use = "pairwise,complete.obs") : 
  유효하지 않은 'use' 인자입니다
> Cors <- cor(DF$HR, DF[,5:length(DF)],use="pairwise,complete.obs")
Error in cor(DF$HR, DF[, 5:length(DF)], use = "pairwise,complete.obs") : 
  유효하지 않은 'use' 인자입니다
> head(airquality,5)
  Ozone Solar.R Wind Temp Month Day
1    41     190  7.4   67     5   1
2    36     118  8.0   72     5   2
3    12     149 12.6   74     5   3
4    18     313 11.5   62     5   4
5    NA      NA 14.3   56     5   5
> plot(airuqality)
Error in plot(airuqality) : 객체 'airuqality'를 찾을 수 없습니다
> plot(airquality)
> Lm <- lm(Temp~Ozone+Solar.R+Wind,data=airquality)
> Lm

Call:
lm(formula = Temp ~ Ozone + Solar.R + Wind, data = airquality)

Coefficients:
(Intercept)        Ozone      Solar.R         Wind  
  72.418579     0.171966     0.007276    -0.322945  

> summary(Lm)

Call:
lm(formula = Temp ~ Ozone + Solar.R + Wind, data = airquality)

Residuals:
    Min      1Q  Median      3Q     Max 
-20.942  -4.996   1.283   4.434  13.168 

Coefficients:
             Estimate Std. Error t value             Pr(>|t|)    
(Intercept) 72.418579   3.215525  22.522 < 0.0000000000000002 ***
Ozone        0.171966   0.026390   6.516        0.00000000242 ***
Solar.R      0.007276   0.007678   0.948                0.345    
Wind        -0.322945   0.233264  -1.384                0.169    
---
Signif. codes:  0 ‘***’ 0.001 ‘**’ 0.01 ‘*’ 0.05 ‘.’ 0.1 ‘ ’ 1

Residual standard error: 6.834 on 107 degrees of freedom
  (42 observations deleted due to missingness)
Multiple R-squared:  0.4999,	Adjusted R-squared:  0.4858 
F-statistic: 35.65 on 3 and 107 DF,  p-value: 0.0000000000000004729

> DF <- read.csv("example_kbo2015_player.csv")
> str(DF)
'data.frame':	337 obs. of  26 variables:
 $ 순위  : int  1 2 3 4 5 6 7 8 9 10 ...
 $ 선수명: chr  "유한준" "박병호" "홍성갑" "고종욱" ...
 $ 팀명  : chr  "넥센" "넥센" "넥센" "넥센" ...
 $ AVG   : chr  "0.364" "0.349" "0.333" "0.324" ...
 $ G     : int  101 106 7 85 44 96 68 99 79 103 ...
 $ PA    : int  436 476 10 328 26 405 253 389 339 436 ...
 $ AB    : int  376 410 9 299 22 370 219 333 295 383 ...
 $ R     : int  82 100 0 59 17 53 40 52 62 68 ...
 $ H     : int  137 143 3 97 7 117 68 100 87 110 ...
 $ X2B   : int  35 29 0 22 2 21 10 22 21 28 ...
 $ X3B   : int  1 1 0 3 0 0 0 1 1 4 ...
 $ HR    : int  19 42 0 8 0 14 8 13 17 14 ...
 $ TB    : int  231 300 3 149 9 180 102 163 161 188 ...
 $ RBI   : int  84 111 2 40 3 65 21 67 53 57 ...
 $ SAC   : int  0 0 0 3 2 0 1 5 3 3 ...
 $ SF    : int  6 3 0 1 0 3 2 6 3 4 ...
 $ XBH   : int  55 72 0 33 2 35 18 36 39 46 ...
 $ GO    : int  97 70 2 73 6 95 60 96 39 80 ...
 $ AO    : int  95 74 0 67 2 105 57 84 75 106 ...
 $ GO.AO : chr  "1.02" "0.95" "-" "1.09" ...
 $ GW.RBI: int  7 10 0 6 0 2 1 5 1 3 ...
 $ BB.K  : chr  "1" "0.42" "0.25" "0.3" ...
 $ P.PA  : chr  "4" "4.07" "4.7" "3.89" ...
 $ ISOP  : chr  "0.25" "0.383" "0" "0.174" ...
 $ XR    : num  88.4 113.3 1.3 47.9 4.2 ...
 $ GPA   : num  0.351 0.378 0.263 0.293 0.271 0.287 0.293 0.292 0.304 0.285 ...
> DF <- read.csv("example_kbo2015_player.csv",stringsAsFactors=F,na="-")
> str(DF)
'data.frame':	337 obs. of  26 variables:
 $ 순위  : int  1 2 3 4 5 6 7 8 9 10 ...
 $ 선수명: chr  "유한준" "박병호" "홍성갑" "고종욱" ...
 $ 팀명  : chr  "넥센" "넥센" "넥센" "넥센" ...
 $ AVG   : num  0.364 0.349 0.333 0.324 0.318 0.316 0.311 0.3 0.295 0.287 ...
 $ G     : int  101 106 7 85 44 96 68 99 79 103 ...
 $ PA    : int  436 476 10 328 26 405 253 389 339 436 ...
 $ AB    : int  376 410 9 299 22 370 219 333 295 383 ...
 $ R     : int  82 100 0 59 17 53 40 52 62 68 ...
 $ H     : int  137 143 3 97 7 117 68 100 87 110 ...
 $ X2B   : int  35 29 0 22 2 21 10 22 21 28 ...
 $ X3B   : int  1 1 0 3 0 0 0 1 1 4 ...
 $ HR    : int  19 42 0 8 0 14 8 13 17 14 ...
 $ TB    : int  231 300 3 149 9 180 102 163 161 188 ...
 $ RBI   : int  84 111 2 40 3 65 21 67 53 57 ...
 $ SAC   : int  0 0 0 3 2 0 1 5 3 3 ...
 $ SF    : int  6 3 0 1 0 3 2 6 3 4 ...
 $ XBH   : int  55 72 0 33 2 35 18 36 39 46 ...
 $ GO    : int  97 70 2 73 6 95 60 96 39 80 ...
 $ AO    : int  95 74 0 67 2 105 57 84 75 106 ...
 $ GO.AO : num  1.02 0.95 NA 1.09 3 0.9 1.05 1.14 0.52 0.75 ...
 $ GW.RBI: int  7 10 0 6 0 2 1 5 1 3 ...
 $ BB.K  : num  1 0.42 0.25 0.3 0.29 0.45 0.78 0.63 0.31 0.46 ...
 $ P.PA  : num  4 4.07 4.7 3.89 4.08 3.98 4.19 3.85 4.14 4.22 ...
 $ ISOP  : num  0.25 0.383 0 0.174 0.091 0.17 0.155 0.189 0.251 0.204 ...
 $ XR    : num  88.4 113.3 1.3 47.9 4.2 ...
 $ GPA   : num  0.351 0.378 0.263 0.293 0.271 0.287 0.293 0.292 0.304 0.285 ...
> head(DF)
  순위 선수명 팀명   AVG   G  PA  AB   R   H X2B X3B HR  TB RBI SAC SF XBH GO
1    1 유한준 넥센 0.364 101 436 376  82 137  35   1 19 231  84   0  6  55 97
2    2 박병호 넥센 0.349 106 476 410 100 143  29   1 42 300 111   0  3  72 70
3    3 홍성갑 넥센 0.333   7  10   9   0   3   0   0  0   3   2   0  0   0  2
4    4 고종욱 넥센 0.324  85 328 299  59  97  22   3  8 149  40   3  1  33 73
5    5 유재신 넥센 0.318  44  26  22  17   7   2   0  0   9   3   2  0   2  6
6    6 김민성 넥센 0.316  96 405 370  53 117  21   0 14 180  65   0  3  35 95
   AO GO.AO GW.RBI BB.K P.PA  ISOP    XR   GPA
1  95  1.02      7 1.00 4.00 0.250  88.4 0.351
2  74  0.95     10 0.42 4.07 0.383 113.3 0.378
3   0    NA      0 0.25 4.70 0.000   1.3 0.263
4  67  1.09      6 0.30 3.89 0.174  47.9 0.293
5   2  3.00      0 0.29 4.08 0.091   4.2 0.271
6 105  0.90      2 0.45 3.98 0.170  61.1 0.287
> Cors <- cor(DF$HR,DF[.5:length(DF)],use="pairwise.complete.obs")
Error in cor(DF$HR, DF[0.5:length(DF)], use = "pairwise.complete.obs") : 
  'y'는 반드시 수치형이어야 합니다
> Cors <- cor(DF$HR,DF[,5:length(DF)],use="pairwise.complete.obs")
> Cors
             G        PA        AB         R         H       X2B       X3B HR
[1,] 0.6573121 0.7607232 0.7519703 0.8012273 0.7815465 0.7756991 0.3089791  1
            TB       RBI        SAC        SF       XBH        GO        AO
[1,] 0.8828075 0.9217014 0.02882778 0.6766359 0.9190164 0.6096195 0.7477335
          GO.AO    GW.RBI      BB.K       P.PA      ISOP        XR       GPA
[1,] -0.1618067 0.7889489 0.2839297 0.03248409 0.7813991 0.8815765 0.5505212
> Cors <- Cors[,order(Cors)]
> Cors
      GO.AO         SAC        P.PA        BB.K         X3B         GPA 
-0.16180671  0.02882778  0.03248409  0.28392966  0.30897909  0.55052123 
         GO           G          SF          AO          AB          PA 
 0.60961949  0.65731209  0.67663588  0.74773350  0.75197032  0.76072321 
        X2B        ISOP           H      GW.RBI           R          XR 
 0.77569907  0.78139909  0.78154650  0.78894892  0.80122734  0.88157647 
         TB         XBH         RBI          HR 
 0.88280745  0.91901637  0.92170137  1.00000000 
> Lm <- lm(HR~RBI+XBH+TB+XR+R,data=F)
Error in model.frame.default(formula = HR ~ RBI + XBH + TB + XR + R, data = F,  : 
  'data' must be a data.frame, environment, or list
> Lm <- lm(HR~RBI+XBH+TB+XR+R,data=DF)
> Lm

Call:
lm(formula = HR ~ RBI + XBH + TB + XR + R, data = DF)

Coefficients:
(Intercept)          RBI          XBH           TB           XR            R  
    -0.1098       0.1597       0.5604      -0.1063       0.1688      -0.1292  

> Lm <- lm(HR~RBI+XBH+TB+XR+R,data=F)
Error in model.frame.default(formula = HR ~ RBI + XBH + TB + XR + R, data = F,  : 
  'data' must be a data.frame, environment, or list
> DF <- mtcars
> Lm <- lm(mpg~wt, data=DF)
> Lm

Call:
lm(formula = mpg ~ wt, data = DF)

Coefficients:
(Intercept)           wt  
     37.285       -5.344  

> summary(Lm)

Call:
lm(formula = mpg ~ wt, data = DF)

Residuals:
    Min      1Q  Median      3Q     Max 
-4.5432 -2.3647 -0.1252  1.4096  6.8727 

Coefficients:
            Estimate Std. Error t value             Pr(>|t|)    
(Intercept)  37.2851     1.8776  19.858 < 0.0000000000000002 ***
wt           -5.3445     0.5591  -9.559       0.000000000129 ***
---
Signif. codes:  0 ‘***’ 0.001 ‘**’ 0.01 ‘*’ 0.05 ‘.’ 0.1 ‘ ’ 1

Residual standard error: 3.046 on 30 degrees of freedom
Multiple R-squared:  0.7528,	Adjusted R-squared:  0.7446 
F-statistic: 91.38 on 1 and 30 DF,  p-value: 0.0000000001294

> b <- predict(Lm)
> b
          Mazda RX4       Mazda RX4 Wag          Datsun 710      Hornet 4 Drive 
          23.282611           21.919770           24.885952           20.102650 
  Hornet Sportabout             Valiant          Duster 360           Merc 240D 
          18.900144           18.793255           18.205363           20.236262 
           Merc 230            Merc 280           Merc 280C          Merc 450SE 
          20.450041           18.900144           18.900144           15.533127 
         Merc 450SL         Merc 450SLC  Cadillac Fleetwood Lincoln Continental 
          17.350247           17.083024            9.226650            8.296712 
  Chrysler Imperial            Fiat 128         Honda Civic      Toyota Corolla 
           8.718926           25.527289           28.653805           27.478021 
      Toyota Corona    Dodge Challenger         AMC Javelin          Camaro Z28 
          24.111004           18.472586           18.926866           16.762355 
   Pontiac Firebird           Fiat X1-9       Porsche 914-2        Lotus Europa 
          16.735633           26.943574           25.847957           29.198941 
     Ford Pantera L        Ferrari Dino       Maserati Bora          Volvo 142E 
          20.343151           22.480940           18.205363           22.427495 
> DF$mpg[1]
[1] 21
> b[1]
Mazda RX4 
 23.28261 
> Com <- data.frame(mpg=DF$mpg,fittedMPG=b)
> Com
                     mpg fittedMPG
Mazda RX4           21.0 23.282611
Mazda RX4 Wag       21.0 21.919770
Datsun 710          22.8 24.885952
Hornet 4 Drive      21.4 20.102650
Hornet Sportabout   18.7 18.900144
Valiant             18.1 18.793255
Duster 360          14.3 18.205363
Merc 240D           24.4 20.236262
Merc 230            22.8 20.450041
Merc 280            19.2 18.900144
Merc 280C           17.8 18.900144
Merc 450SE          16.4 15.533127
Merc 450SL          17.3 17.350247
Merc 450SLC         15.2 17.083024
Cadillac Fleetwood  10.4  9.226650
Lincoln Continental 10.4  8.296712
Chrysler Imperial   14.7  8.718926
Fiat 128            32.4 25.527289
Honda Civic         30.4 28.653805
Toyota Corolla      33.9 27.478021
Toyota Corona       21.5 24.111004
Dodge Challenger    15.5 18.472586
AMC Javelin         15.2 18.926866
Camaro Z28          13.3 16.762355
Pontiac Firebird    19.2 16.735633
Fiat X1-9           27.3 26.943574
Porsche 914-2       26.0 25.847957
Lotus Europa        30.4 29.198941
Ford Pantera L      15.8 20.343151
Ferrari Dino        19.7 22.480940
Maserati Bora       15.0 18.205363
Volvo 142E          21.4 22.427495
> NewCar <- data.frame(wt=6)
> predict(Lm,newData=Newcar)
          Mazda RX4       Mazda RX4 Wag          Datsun 710      Hornet 4 Drive 
          23.282611           21.919770           24.885952           20.102650 
  Hornet Sportabout             Valiant          Duster 360           Merc 240D 
          18.900144           18.793255           18.205363           20.236262 
           Merc 230            Merc 280           Merc 280C          Merc 450SE 
          20.450041           18.900144           18.900144           15.533127 
         Merc 450SL         Merc 450SLC  Cadillac Fleetwood Lincoln Continental 
          17.350247           17.083024            9.226650            8.296712 
  Chrysler Imperial            Fiat 128         Honda Civic      Toyota Corolla 
           8.718926           25.527289           28.653805           27.478021 
      Toyota Corona    Dodge Challenger         AMC Javelin          Camaro Z28 
          24.111004           18.472586           18.926866           16.762355 
   Pontiac Firebird           Fiat X1-9       Porsche 914-2        Lotus Europa 
          16.735633           26.943574           25.847957           29.198941 
     Ford Pantera L        Ferrari Dino       Maserati Bora          Volvo 142E 
          20.343151           22.480940           18.205363           22.427495 
> Com
                     mpg fittedMPG
Mazda RX4           21.0 23.282611
Mazda RX4 Wag       21.0 21.919770
Datsun 710          22.8 24.885952
Hornet 4 Drive      21.4 20.102650
Hornet Sportabout   18.7 18.900144
Valiant             18.1 18.793255
Duster 360          14.3 18.205363
Merc 240D           24.4 20.236262
Merc 230            22.8 20.450041
Merc 280            19.2 18.900144
Merc 280C           17.8 18.900144
Merc 450SE          16.4 15.533127
Merc 450SL          17.3 17.350247
Merc 450SLC         15.2 17.083024
Cadillac Fleetwood  10.4  9.226650
Lincoln Continental 10.4  8.296712
Chrysler Imperial   14.7  8.718926
Fiat 128            32.4 25.527289
Honda Civic         30.4 28.653805
Toyota Corolla      33.9 27.478021
Toyota Corona       21.5 24.111004
Dodge Challenger    15.5 18.472586
AMC Javelin         15.2 18.926866
Camaro Z28          13.3 16.762355
Pontiac Firebird    19.2 16.735633
Fiat X1-9           27.3 26.943574
Porsche 914-2       26.0 25.847957
Lotus Europa        30.4 29.198941
Ford Pantera L      15.8 20.343151
Ferrari Dino        19.7 22.480940
Maserati Bora       15.0 18.205363
Volvo 142E          21.4 22.427495
> Com <- data.frame(mpg=DF$mpg, firredMPG=b)
> COm
에러: 객체 'COm'를 찾을 수 없습니다
> Com
                     mpg firredMPG
Mazda RX4           21.0 23.282611
Mazda RX4 Wag       21.0 21.919770
Datsun 710          22.8 24.885952
Hornet 4 Drive      21.4 20.102650
Hornet Sportabout   18.7 18.900144
Valiant             18.1 18.793255
Duster 360          14.3 18.205363
Merc 240D           24.4 20.236262
Merc 230            22.8 20.450041
Merc 280            19.2 18.900144
Merc 280C           17.8 18.900144
Merc 450SE          16.4 15.533127
Merc 450SL          17.3 17.350247
Merc 450SLC         15.2 17.083024
Cadillac Fleetwood  10.4  9.226650
Lincoln Continental 10.4  8.296712
Chrysler Imperial   14.7  8.718926
Fiat 128            32.4 25.527289
Honda Civic         30.4 28.653805
Toyota Corolla      33.9 27.478021
Toyota Corona       21.5 24.111004
Dodge Challenger    15.5 18.472586
AMC Javelin         15.2 18.926866
Camaro Z28          13.3 16.762355
Pontiac Firebird    19.2 16.735633
Fiat X1-9           27.3 26.943574
Porsche 914-2       26.0 25.847957
Lotus Europa        30.4 29.198941
Ford Pantera L      15.8 20.343151
Ferrari Dino        19.7 22.480940
Maserati Bora       15.0 18.205363
Volvo 142E          21.4 22.427495
> NewCar <- data.frame(wt=6)
> NewCar
  wt
1  6
> predict(Lm,newData=NewCar)
          Mazda RX4       Mazda RX4 Wag          Datsun 710      Hornet 4 Drive 
          23.282611           21.919770           24.885952           20.102650 
  Hornet Sportabout             Valiant          Duster 360           Merc 240D 
          18.900144           18.793255           18.205363           20.236262 
           Merc 230            Merc 280           Merc 280C          Merc 450SE 
          20.450041           18.900144           18.900144           15.533127 
         Merc 450SL         Merc 450SLC  Cadillac Fleetwood Lincoln Continental 
          17.350247           17.083024            9.226650            8.296712 
  Chrysler Imperial            Fiat 128         Honda Civic      Toyota Corolla 
           8.718926           25.527289           28.653805           27.478021 
      Toyota Corona    Dodge Challenger         AMC Javelin          Camaro Z28 
          24.111004           18.472586           18.926866           16.762355 
   Pontiac Firebird           Fiat X1-9       Porsche 914-2        Lotus Europa 
          16.735633           26.943574           25.847957           29.198941 
     Ford Pantera L        Ferrari Dino       Maserati Bora          Volvo 142E 
          20.343151           22.480940           18.205363           22.427495 
> NewCar2 <- data.frame(wt=0.4)
> predict(Lm,newData=NewCar2)
          Mazda RX4       Mazda RX4 Wag          Datsun 710      Hornet 4 Drive 
          23.282611           21.919770           24.885952           20.102650 
  Hornet Sportabout             Valiant          Duster 360           Merc 240D 
          18.900144           18.793255           18.205363           20.236262 
           Merc 230            Merc 280           Merc 280C          Merc 450SE 
          20.450041           18.900144           18.900144           15.533127 
         Merc 450SL         Merc 450SLC  Cadillac Fleetwood Lincoln Continental 
          17.350247           17.083024            9.226650            8.296712 
  Chrysler Imperial            Fiat 128         Honda Civic      Toyota Corolla 
           8.718926           25.527289           28.653805           27.478021 
      Toyota Corona    Dodge Challenger         AMC Javelin          Camaro Z28 
          24.111004           18.472586           18.926866           16.762355 
   Pontiac Firebird           Fiat X1-9       Porsche 914-2        Lotus Europa 
          16.735633           26.943574           25.847957           29.198941 
     Ford Pantera L        Ferrari Dino       Maserati Bora          Volvo 142E 
          20.343151           22.480940           18.205363           22.427495 
> library(ggplot)
Error in library(ggplot) : ‘ggplot’이라고 불리는 패키지가 없습니다
> library(ggplot2)
> Df <- diamonds
> DF <- diamonds
> head(DF)
# A tibble: 6 x 10
  carat cut       color clarity depth table price     x     y     z
  <dbl> <ord>     <ord> <ord>   <dbl> <dbl> <int> <dbl> <dbl> <dbl>
1 0.23  Ideal     E     SI2      61.5    55   326  3.95  3.98  2.43
2 0.21  Premium   E     SI1      59.8    61   326  3.89  3.84  2.31
3 0.23  Good      E     VS1      56.9    65   327  4.05  4.07  2.31
4 0.290 Premium   I     VS2      62.4    58   334  4.2   4.23  2.63
5 0.31  Good      J     SI2      63.3    58   335  4.34  4.35  2.75
6 0.24  Very Good J     VVS2     62.8    57   336  3.94  3.96  2.48
> Lm <- lm(price~carat, data=DF)
> Lm

Call:
lm(formula = price ~ carat, data = DF)

Coefficients:
(Intercept)        carat  
      -2256         7756  

> summary(Lm)

Call:
lm(formula = price ~ carat, data = DF)

Residuals:
     Min       1Q   Median       3Q      Max 
-18585.3   -804.8    -18.9    537.4  12731.7 

Coefficients:
            Estimate Std. Error t value            Pr(>|t|)    
(Intercept) -2256.36      13.06  -172.8 <0.0000000000000002 ***
carat        7756.43      14.07   551.4 <0.0000000000000002 ***
---
Signif. codes:  0 ‘***’ 0.001 ‘**’ 0.01 ‘*’ 0.05 ‘.’ 0.1 ‘ ’ 1

Residual standard error: 1549 on 53938 degrees of freedom
Multiple R-squared:  0.8493,	Adjusted R-squared:  0.8493 
F-statistic: 3.041e+05 on 1 and 53938 DF,  p-value: < 0.00000000000000022

> NewDia <- data.frame(carat=c(10,20))
> predict(Lm,newdata=NewDia)
       1        2 
 75307.9 152872.2 
> 
